172.22.43.66 - - [06/Feb/2018:15:12:03 +0900] "GET /~j15306bc/wp-content/uploads/2017/12/img_wp04_thumb.jpg HTTP/1.1" 200 253784 "http://www7.dbi.tuis.ac.jp/~j15306bc/?page_id=201" "Mozilla/5.0 (Windows NT 10.0; Win64; x64) AppleWebKit/537.36 (KHTML, like Gecko) Chrome/63.0.3239.132 Safari/537.36"
172.22.43.66 - kyoshi [06/Feb/2018:15:12:02 +0900] "GET /~j15306bc/?page_id=201 HTTP/1.1" 200 22818 "http://www7.dbi.tuis.ac.jp/~j15306bc/?page_id=213" "Mozilla/5.0 (Windows NT 10.0; Win64; x64) AppleWebKit/537.36 (KHTML, like Gecko) Chrome/63.0.3239.132 Safari/537.36"
::1 - - [06/Feb/2018:15:12:10 +0900] "OPTIONS * HTTP/1.0" 200 - "-" "Apache/2.4.6 (CentOS) OpenSSL/1.0.2k-fips mod_fcgid/2.3.9 PHP/5.4.16 mod_wsgi/3.4 Python/2.7.5 (internal dummy connection)"
::1 - - [06/Feb/2018:15:12:11 +0900] "OPTIONS * HTTP/1.0" 200 - "-" "Apache/2.4.6 (CentOS) OpenSSL/1.0.2k-fips mod_fcgid/2.3.9 PHP/5.4.16 mod_wsgi/3.4 Python/2.7.5 (internal dummy connection)"
172.22.43.66 - kyoshi [06/Feb/2018:15:12:13 +0900] "GET /~j15306bc/ HTTP/1.1" 200 44605 "http://www7.dbi.tuis.ac.jp/~j15306bc/?page_id=201" "Mozilla/5.0 (Windows NT 10.0; Win64; x64) AppleWebKit/537.36 (KHTML, like Gecko) Chrome/63.0.3239.132 Safari/537.36"
172.22.43.66 - kyoshi [06/Feb/2018:15:12:21 +0900] "GET /~j15306bc/ HTTP/1.1" 200 44605 "http://www7.dbi.tuis.ac.jp/~j15306bc/" "Mozilla/5.0 (Windows NT 10.0; Win64; x64) AppleWebKit/537.36 (KHTML, like Gecko) Chrome/63.0.3239.132 Safari/537.36"
172.22.43.66 - kyoshi [06/Feb/2018:15:12:25 +0900] "GET /~j15306bc/?p=301 HTTP/1.1" 200 17959 "http://www7.dbi.tuis.ac.jp/~j15306bc/" "Mozilla/5.0 (Windows NT 10.0; Win64; x64) AppleWebKit/537.36 (KHTML, like Gecko) Chrome/63.0.3239.132 Safari/537.36"
172.22.43.66 - - [06/Feb/2018:15:12:29 +0900] "GET /~j15306bc/wp-content/uploads/2018/01/%E7%84%A1%E9%A1%8C.png HTTP/1.1" 200 381172 "http://www7.dbi.tuis.ac.jp/~j15306bc/?p=301" "Mozilla/5.0 (Windows NT 10.0; Win64; x64) AppleWebKit/537.36 (KHTML, like Gecko) Chrome/63.0.3239.132 Safari/537.36"
172.22.43.66 - - [06/Feb/2018:15:12:29 +0900] "GET /~j15306bc/wp-includes/js/comment-reply.min.js?ver=4.8.2 HTTP/1.1" 200 1078 "http://www7.dbi.tuis.ac.jp/~j15306bc/?p=301" "Mozilla/5.0 (Windows NT 10.0; Win64; x64) AppleWebKit/537.36 (KHTML, like Gecko) Chrome/63.0.3239.132 Safari/537.36"
172.22.43.66 - kyoshi [06/Feb/2018:15:12:27 +0900] "GET /~j15306bc/?p=301 HTTP/1.1" 200 26898 "http://www7.dbi.tuis.ac.jp/~j15306bc/" "Mozilla/5.0 (Windows NT 10.0; Win64; x64) AppleWebKit/537.36 (KHTML, like Gecko) Chrome/63.0.3239.132 Safari/537.36"
172.22.43.66 - - [06/Feb/2018:15:12:55 +0900] "GET /~j15307rt HTTP/1.1" 301 245 "http://www7.dbi.tuis.ac.jp/wm2017.php" "Mozilla/5.0 (Windows NT 10.0; Win64; x64) AppleWebKit/537.36 (KHTML, like Gecko) Chrome/63.0.3239.132 Safari/537.36"
172.22.43.66 - - [06/Feb/2018:15:12:57 +0900] "GET /~j15307rt/wp-content/themes/twentyseventeen/style.css?ver=4.8.2 HTTP/1.1" 200 82584 "http://www7.dbi.tuis.ac.jp/~j15307rt/" "Mozilla/5.0 (Windows NT 10.0; Win64; x64) AppleWebKit/537.36 (KHTML, like Gecko) Chrome/63.0.3239.132 Safari/537.36"
172.22.43.66 - - [06/Feb/2018:15:12:57 +0900] "GET /~j15307rt/wp-includes/js/jquery/jquery-migrate.min.js?ver=1.4.1 HTTP/1.1" 200 10056 "http://www7.dbi.tuis.ac.jp/~j15307rt/" "Mozilla/5.0 (Windows NT 10.0; Win64; x64) AppleWebKit/537.36 (KHTML, like Gecko) Chrome/63.0.3239.132 Safari/537.36"
172.22.43.66 - - [06/Feb/2018:15:12:57 +0900] "GET /~j15307rt/wp-includes/js/jquery/jquery.js?ver=1.12.4 HTTP/1.1" 200 97184 "http://www7.dbi.tuis.ac.jp/~j15307rt/" "Mozilla/5.0 (Windows NT 10.0; Win64; x64) AppleWebKit/537.36 (KHTML, like Gecko) Chrome/63.0.3239.132 Safari/537.36"
172.22.43.66 - kyoshi [06/Feb/2018:15:12:55 +0900] "GET /~j15307rt/ HTTP/1.1" 200 68070 "http://www7.dbi.tuis.ac.jp/wm2017.php" "Mozilla/5.0 (Windows NT 10.0; Win64; x64) AppleWebKit/537.36 (KHTML, like Gecko) Chrome/63.0.3239.132 Safari/537.36"
172.22.43.66 - - [06/Feb/2018:15:12:57 +0900] "GET /~j15307rt/wp-includes/js/wp-emoji-release.min.js?ver=4.8.2 HTTP/1.1" 200 11915 "http://www7.dbi.tuis.ac.jp/~j15307rt/" "Mozilla/5.0 (Windows NT 10.0; Win64; x64) AppleWebKit/537.36 (KHTML, like Gecko) Chrome/63.0.3239.132 Safari/537.36"
172.22.43.66 - - [06/Feb/2018:15:12:57 +0900] "GET /~j15307rt/wp-content/uploads/2018/01/webmk1-300x135.png HTTP/1.1" 200 33593 "http://www7.dbi.tuis.ac.jp/~j15307rt/" "Mozilla/5.0 (Windows NT 10.0; Win64; x64) AppleWebKit/537.36 (KHTML, like Gecko) Chrome/63.0.3239.132 Safari/537.36"
172.22.43.66 - - [06/Feb/2018:15:12:57 +0900] "GET /~j15307rt/wp-content/uploads/2017/10/aaa-300x225.png HTTP/1.1" 200 97228 "http://www7.dbi.tuis.ac.jp/~j15307rt/" "Mozilla/5.0 (Windows NT 10.0; Win64; x64) AppleWebKit/537.36 (KHTML, like Gecko) Chrome/63.0.3239.132 Safari/537.36"
172.22.43.66 - - [06/Feb/2018:15:12:57 +0900] "GET /~j15307rt/wp-content/themes/twentyseventeen/assets/js/navigation.js?ver=1.0 HTTP/1.1" 200 3754 "http://www7.dbi.tuis.ac.jp/~j15307rt/" "Mozilla/5.0 (Windows NT 10.0; Win64; x64) AppleWebKit/537.36 (KHTML, like Gecko) Chrome/63.0.3239.132 Safari/537.36"
172.22.43.66 - - [06/Feb/2018:15:12:57 +0900] "GET /~j15307rt/wp-content/themes/twentyseventeen/assets/js/skip-link-focus-fix.js?ver=1.0 HTTP/1.1" 200 683 "http://www7.dbi.tuis.ac.jp/~j15307rt/" "Mozilla/5.0 (Windows NT 10.0; Win64; x64) AppleWebKit/537.36 (KHTML, like Gecko) Chrome/63.0.3239.132 Safari/537.36"
172.22.43.66 - - [06/Feb/2018:15:12:57 +0900] "GET /~j15307rt/wp-content/themes/twentyseventeen/assets/js/global.js?ver=1.0 HTTP/1.1" 200 7682 "http://www7.dbi.tuis.ac.jp/~j15307rt/" "Mozilla/5.0 (Windows NT 10.0; Win64; x64) AppleWebKit/537.36 (KHTML, like Gecko) Chrome/63.0.3239.132 Safari/537.36"
172.22.43.66 - - [06/Feb/2018:15:12:57 +0900] "GET /~j15307rt/wp-content/themes/twentyseventeen/assets/js/jquery.scrollTo.js?ver=2.1.2 HTTP/1.1" 200 5836 "http://www7.dbi.tuis.ac.jp/~j15307rt/" "Mozilla/5.0 (Windows NT 10.0; Win64; x64) AppleWebKit/537.36 (KHTML, like Gecko) Chrome/63.0.3239.132 Safari/537.36"
172.22.43.66 - - [06/Feb/2018:15:12:57 +0900] "GET /~j15307rt/wp-includes/js/wp-embed.min.js?ver=4.8.2 HTTP/1.1" 200 1398 "http://www7.dbi.tuis.ac.jp/~j15307rt/" "Mozilla/5.0 (Windows NT 10.0; Win64; x64) AppleWebKit/537.36 (KHTML, like Gecko) Chrome/63.0.3239.132 Safari/537.36"
172.22.43.66 - - [06/Feb/2018:15:12:57 +0900] "GET /~j15307rt/wp-content/uploads/2017/10/aaa-768x576.png HTTP/1.1" 200 576126 "http://www7.dbi.tuis.ac.jp/~j15307rt/" "Mozilla/5.0 (Windows NT 10.0; Win64; x64) AppleWebKit/537.36 (KHTML, like Gecko) Chrome/63.0.3239.132 Safari/537.36"
172.22.43.66 - - [06/Feb/2018:15:12:57 +0900] "GET /~j15307rt/wp-content/uploads/2017/10/cropped-aaa.png HTTP/1.1" 200 1532008 "http://www7.dbi.tuis.ac.jp/~j15307rt/" "Mozilla/5.0 (Windows NT 10.0; Win64; x64) AppleWebKit/537.36 (KHTML, like Gecko) Chrome/63.0.3239.132 Safari/537.36"
::1 - - [06/Feb/2018:15:13:05 +0900] "OPTIONS * HTTP/1.0" 200 - "-" "Apache/2.4.6 (CentOS) OpenSSL/1.0.2k-fips mod_fcgid/2.3.9 PHP/5.4.16 mod_wsgi/3.4 Python/2.7.5 (internal dummy connection)"
::1 - - [06/Feb/2018:15:13:06 +0900] "OPTIONS * HTTP/1.0" 200 - "-" "Apache/2.4.6 (CentOS) OpenSSL/1.0.2k-fips mod_fcgid/2.3.9 PHP/5.4.16 mod_wsgi/3.4 Python/2.7.5 (internal dummy connection)"
202.26.151.7 - - [06/Feb/2018:15:12:56 +0900] "POST /~j15307rt/wp-cron.php?doing_wp_cron=1517897575.3675739765167236328125 HTTP/1.1" 200 - "http://www7.dbi.tuis.ac.jp/~j15307rt/wp-cron.php?doing_wp_cron=1517897575.3675739765167236328125" "WordPress/4.8.2; http://www7.dbi.tuis.ac.jp/~j15307rt"
::1 - - [06/Feb/2018:15:13:07 +0900] "OPTIONS * HTTP/1.0" 200 - "-" "Apache/2.4.6 (CentOS) OpenSSL/1.0.2k-fips mod_fcgid/2.3.9 PHP/5.4.16 mod_wsgi/3.4 Python/2.7.5 (internal dummy connection)"
172.22.43.66 - kyoshi [06/Feb/2018:15:13:14 +0900] "GET /~j15307rt/?page_id=67 HTTP/1.1" 200 52297 "http://www7.dbi.tuis.ac.jp/~j15307rt/" "Mozilla/5.0 (Windows NT 10.0; Win64; x64) AppleWebKit/537.36 (KHTML, like Gecko) Chrome/63.0.3239.132 Safari/537.36"
172.22.43.66 - kyoshi [06/Feb/2018:15:13:17 +0900] "GET /~j15307rt/?page_id=71 HTTP/1.1" 200 52277 "http://www7.dbi.tuis.ac.jp/~j15307rt/?page_id=67" "Mozilla/5.0 (Windows NT 10.0; Win64; x64) AppleWebKit/537.36 (KHTML, like Gecko) Chrome/63.0.3239.132 Safari/537.36"
172.22.43.66 - kyoshi [06/Feb/2018:15:14:00 +0900] "GET /~j15307rt/ HTTP/1.1" 200 68070 "http://www7.dbi.tuis.ac.jp/~j15307rt/?page_id=71" "Mozilla/5.0 (Windows NT 10.0; Win64; x64) AppleWebKit/537.36 (KHTML, like Gecko) Chrome/63.0.3239.132 Safari/537.36"
172.22.43.66 - - [06/Feb/2018:15:14:12 +0900] "GET /~j15310kk HTTP/1.1" 301 245 "http://www7.dbi.tuis.ac.jp/wm2017.php" "Mozilla/5.0 (Windows NT 10.0; Win64; x64) AppleWebKit/537.36 (KHTML, like Gecko) Chrome/63.0.3239.132 Safari/537.36"
172.22.43.66 - - [06/Feb/2018:15:14:13 +0900] "GET /~j15310kk/wp-content/themes/twentysixteen/genericons/genericons.css?ver=3.4.1 HTTP/1.1" 200 28266 "http://www7.dbi.tuis.ac.jp/~j15310kk/" "Mozilla/5.0 (Windows NT 10.0; Win64; x64) AppleWebKit/537.36 (KHTML, like Gecko) Chrome/63.0.3239.132 Safari/537.36"
172.22.43.66 - - [06/Feb/2018:15:14:13 +0900] "GET /~j15310kk/wp-content/themes/twentysixteen/style.css?ver=4.8.2 HTTP/1.1" 200 69779 "http://www7.dbi.tuis.ac.jp/~j15310kk/" "Mozilla/5.0 (Windows NT 10.0; Win64; x64) AppleWebKit/537.36 (KHTML, like Gecko) Chrome/63.0.3239.132 Safari/537.36"
172.22.43.66 - - [06/Feb/2018:15:14:13 +0900] "GET /~j15310kk/wp-includes/js/wp-emoji-release.min.js?ver=4.8.2 HTTP/1.1" 200 11915 "http://www7.dbi.tuis.ac.jp/~j15310kk/" "Mozilla/5.0 (Windows NT 10.0; Win64; x64) AppleWebKit/537.36 (KHTML, like Gecko) Chrome/63.0.3239.132 Safari/537.36"
172.22.43.66 - - [06/Feb/2018:15:14:13 +0900] "GET /~j15310kk/wp-includes/js/jquery/jquery.js?ver=1.12.4 HTTP/1.1" 200 97184 "http://www7.dbi.tuis.ac.jp/~j15310kk/" "Mozilla/5.0 (Windows NT 10.0; Win64; x64) AppleWebKit/537.36 (KHTML, like Gecko) Chrome/63.0.3239.132 Safari/537.36"
172.22.43.66 - - [06/Feb/2018:15:14:13 +0900] "GET /~j15310kk/wp-includes/js/jquery/jquery-migrate.min.js?ver=1.4.1 HTTP/1.1" 200 10056 "http://www7.dbi.tuis.ac.jp/~j15310kk/" "Mozilla/5.0 (Windows NT 10.0; Win64; x64) AppleWebKit/537.36 (KHTML, like Gecko) Chrome/63.0.3239.132 Safari/537.36"
172.22.43.66 - - [06/Feb/2018:15:14:13 +0900] "GET /~j15310kk/wp-content/uploads/2017/12/cropped-mobile-lengend-1024x589.jpg HTTP/1.1" 200 60824 "http://www7.dbi.tuis.ac.jp/~j15310kk/" "Mozilla/5.0 (Windows NT 10.0; Win64; x64) AppleWebKit/537.36 (KHTML, like Gecko) Chrome/63.0.3239.132 Safari/537.36"
172.22.43.66 - - [06/Feb/2018:15:14:13 +0900] "GET /~j15310kk/wp-content/uploads/2018/01/data.png HTTP/1.1" 200 71211 "http://www7.dbi.tuis.ac.jp/~j15310kk/" "Mozilla/5.0 (Windows NT 10.0; Win64; x64) AppleWebKit/537.36 (KHTML, like Gecko) Chrome/63.0.3239.132 Safari/537.36"
172.22.43.66 - - [06/Feb/2018:15:14:13 +0900] "GET /~j15310kk/wp-content/uploads/2017/12/e44c4693.jpg HTTP/1.1" 200 28477 "http://www7.dbi.tuis.ac.jp/~j15310kk/" "Mozilla/5.0 (Windows NT 10.0; Win64; x64) AppleWebKit/537.36 (KHTML, like Gecko) Chrome/63.0.3239.132 Safari/537.36"
172.22.43.66 - - [06/Feb/2018:15:14:13 +0900] "GET /~j15310kk/wp-content/uploads/2017/12/%E4%B8%96%E7%95%8C%E3%81%AE%E7%B5%8C%E6%B8%882-1148x315.jpg HTTP/1.1" 200 61956 "http://www7.dbi.tuis.ac.jp/~j15310kk/" "Mozilla/5.0 (Windows NT 10.0; Win64; x64) AppleWebKit/537.36 (KHTML, like Gecko) Chrome/63.0.3239.132 Safari/537.36"
172.22.43.66 - kyoshi [06/Feb/2018:15:14:12 +0900] "GET /~j15310kk/ HTTP/1.1" 200 48602 "http://www7.dbi.tuis.ac.jp/wm2017.php" "Mozilla/5.0 (Windows NT 10.0; Win64; x64) AppleWebKit/537.36 (KHTML, like Gecko) Chrome/63.0.3239.132 Safari/537.36"
172.22.43.66 - - [06/Feb/2018:15:14:13 +0900] "GET /~j15310kk/wp-content/uploads/2017/12/segmentation-targeting-768x389.png HTTP/1.1" 200 58614 "http://www7.dbi.tuis.ac.jp/~j15310kk/" "Mozilla/5.0 (Windows NT 10.0; Win64; x64) AppleWebKit/537.36 (KHTML, like Gecko) Chrome/63.0.3239.132 Safari/537.36"
172.22.43.66 - - [06/Feb/2018:15:14:13 +0900] "GET /~j15310kk/wp-content/uploads/2017/12/blog-1000x574.png HTTP/1.1" 200 523027 "http://www7.dbi.tuis.ac.jp/~j15310kk/" "Mozilla/5.0 (Windows NT 10.0; Win64; x64) AppleWebKit/537.36 (KHTML, like Gecko) Chrome/63.0.3239.132 Safari/537.36"
172.22.43.66 - - [06/Feb/2018:15:14:13 +0900] "GET /~j15310kk/wp-content/uploads/2017/11/33.jpg HTTP/1.1" 200 45848 "http://www7.dbi.tuis.ac.jp/~j15310kk/" "Mozilla/5.0 (Windows NT 10.0; Win64; x64) AppleWebKit/537.36 (KHTML, like Gecko) Chrome/63.0.3239.132 Safari/537.36"
172.22.43.66 - - [06/Feb/2018:15:14:13 +0900] "GET /~j15310kk/wp-content/uploads/2017/11/33-300x300.jpg HTTP/1.1" 200 9833 "http://www7.dbi.tuis.ac.jp/~j15310kk/" "Mozilla/5.0 (Windows NT 10.0; Win64; x64) AppleWebKit/537.36 (KHTML, like Gecko) Chrome/63.0.3239.132 Safari/537.36"
172.22.43.66 - - [06/Feb/2018:15:14:13 +0900] "GET /~j15310kk/wp-content/uploads/2017/11/00-300x158.png HTTP/1.1" 200 2296 "http://www7.dbi.tuis.ac.jp/~j15310kk/" "Mozilla/5.0 (Windows NT 10.0; Win64; x64) AppleWebKit/537.36 (KHTML, like Gecko) Chrome/63.0.3239.132 Safari/537.36"
172.22.43.66 - - [06/Feb/2018:15:14:13 +0900] "GET /~j15310kk/wp-content/themes/twentysixteen/js/skip-link-focus-fix.js?ver=20160816 HTTP/1.1" 200 1059 "http://www7.dbi.tuis.ac.jp/~j15310kk/" "Mozilla/5.0 (Windows NT 10.0; Win64; x64) AppleWebKit/537.36 (KHTML, like Gecko) Chrome/63.0.3239.132 Safari/537.36"
172.22.43.66 - - [06/Feb/2018:15:14:13 +0900] "GET /~j15310kk/wp-content/themes/twentysixteen/js/functions.js?ver=20160816 HTTP/1.1" 200 6820 "http://www7.dbi.tuis.ac.jp/~j15310kk/" "Mozilla/5.0 (Windows NT 10.0; Win64; x64) AppleWebKit/537.36 (KHTML, like Gecko) Chrome/63.0.3239.132 Safari/537.36"
172.22.43.66 - - [06/Feb/2018:15:14:13 +0900] "GET /~j15310kk/wp-content/uploads/2017/12/mobile-haikei.png HTTP/1.1" 200 823308 "http://www7.dbi.tuis.ac.jp/~j15310kk/" "Mozilla/5.0 (Windows NT 10.0; Win64; x64) AppleWebKit/537.36 (KHTML, like Gecko) Chrome/63.0.3239.132 Safari/537.36"
172.22.43.66 - - [06/Feb/2018:15:14:13 +0900] "GET /~j15310kk/wp-includes/js/wp-embed.min.js?ver=4.8.2 HTTP/1.1" 200 1398 "http://www7.dbi.tuis.ac.jp/~j15310kk/" "Mozilla/5.0 (Windows NT 10.0; Win64; x64) AppleWebKit/537.36 (KHTML, like Gecko) Chrome/63.0.3239.132 Safari/537.36"
172.22.43.66 - - [06/Feb/2018:15:14:13 +0900] "GET /~j15310kk/wp-content/uploads/2017/11/niji.jpg HTTP/1.1" 200 28540 "http://www7.dbi.tuis.ac.jp/~j15310kk/" "Mozilla/5.0 (Windows NT 10.0; Win64; x64) AppleWebKit/537.36 (KHTML, like Gecko) Chrome/63.0.3239.132 Safari/537.36"
172.22.43.66 - - [06/Feb/2018:15:14:13 +0900] "GET /~j15310kk/wp-content/uploads/2017/11/sitemaps-768x384.png HTTP/1.1" 200 283224 "http://www7.dbi.tuis.ac.jp/~j15310kk/" "Mozilla/5.0 (Windows NT 10.0; Win64; x64) AppleWebKit/537.36 (KHTML, like Gecko) Chrome/63.0.3239.132 Safari/537.36"
172.22.43.66 - - [06/Feb/2018:15:14:13 +0900] "GET /~j15310kk/wp-content/uploads/2017/10/how-t_01.jpg HTTP/1.1" 200 40532 "http://www7.dbi.tuis.ac.jp/~j15310kk/" "Mozilla/5.0 (Windows NT 10.0; Win64; x64) AppleWebKit/537.36 (KHTML, like Gecko) Chrome/63.0.3239.132 Safari/537.36"
172.22.43.66 - - [06/Feb/2018:15:14:13 +0900] "GET /~j15310kk/wp-content/uploads/2017/10/how-t_01-300x154.jpg HTTP/1.1" 200 6681 "http://www7.dbi.tuis.ac.jp/~j15310kk/" "Mozilla/5.0 (Windows NT 10.0; Win64; x64) AppleWebKit/537.36 (KHTML, like Gecko) Chrome/63.0.3239.132 Safari/537.36"
172.22.43.66 - - [06/Feb/2018:15:14:13 +0900] "GET /~j15310kk/wp-content/uploads/2017/10/first.jpg HTTP/1.1" 200 11794 "http://www7.dbi.tuis.ac.jp/~j15310kk/" "Mozilla/5.0 (Windows NT 10.0; Win64; x64) AppleWebKit/537.36 (KHTML, like Gecko) Chrome/63.0.3239.132 Safari/537.36"
172.22.43.66 - - [06/Feb/2018:15:14:13 +0900] "GET /~j15310kk/wp-content/uploads/2017/12/cropped-ML_Logo-32x32.png HTTP/1.1" 200 2381 "http://www7.dbi.tuis.ac.jp/~j15310kk/" "Mozilla/5.0 (Windows NT 10.0; Win64; x64) AppleWebKit/537.36 (KHTML, like Gecko) Chrome/63.0.3239.132 Safari/537.36"
172.22.43.66 - - [06/Feb/2018:15:14:13 +0900] "GET /~j15310kk/wp-content/uploads/2017/12/cropped-ML_Logo-192x192.png HTTP/1.1" 200 53623 "http://www7.dbi.tuis.ac.jp/~j15310kk/" "Mozilla/5.0 (Windows NT 10.0; Win64; x64) AppleWebKit/537.36 (KHTML, like Gecko) Chrome/63.0.3239.132 Safari/537.36"
172.22.43.66 - kyoshi [06/Feb/2018:15:14:17 +0900] "GET /~j15310kk/?page_id=91 HTTP/1.1" 200 22846 "http://www7.dbi.tuis.ac.jp/~j15310kk/" "Mozilla/5.0 (Windows NT 10.0; Win64; x64) AppleWebKit/537.36 (KHTML, like Gecko) Chrome/63.0.3239.132 Safari/537.36"
172.22.43.66 - - [06/Feb/2018:15:14:17 +0900] "GET /~j15310kk/wp-content/uploads/2017/11/%E7%84%A1%E9%A1%8C2.png HTTP/1.1" 200 457719 "http://www7.dbi.tuis.ac.jp/~j15310kk/?page_id=91" "Mozilla/5.0 (Windows NT 10.0; Win64; x64) AppleWebKit/537.36 (KHTML, like Gecko) Chrome/63.0.3239.132 Safari/537.36"
202.26.151.7 - - [06/Feb/2018:15:14:12 +0900] "POST /~j15310kk/wp-cron.php?doing_wp_cron=1517897652.1372408866882324218750 HTTP/1.1" 200 - "http://www7.dbi.tuis.ac.jp/~j15310kk/wp-cron.php?doing_wp_cron=1517897652.1372408866882324218750" "WordPress/4.8.2; http://www7.dbi.tuis.ac.jp/~j15310kk"
::1 - - [06/Feb/2018:15:14:20 +0900] "OPTIONS * HTTP/1.0" 200 - "-" "Apache/2.4.6 (CentOS) OpenSSL/1.0.2k-fips mod_fcgid/2.3.9 PHP/5.4.16 mod_wsgi/3.4 Python/2.7.5 (internal dummy connection)"
172.22.43.66 - kyoshi [06/Feb/2018:15:14:20 +0900] "GET /~j15310kk/?page_id=190 HTTP/1.1" 200 22756 "http://www7.dbi.tuis.ac.jp/~j15310kk/?page_id=91" "Mozilla/5.0 (Windows NT 10.0; Win64; x64) AppleWebKit/537.36 (KHTML, like Gecko) Chrome/63.0.3239.132 Safari/537.36"
172.22.43.66 - - [06/Feb/2018:15:14:20 +0900] "GET /~j15310kk/wp-content/uploads/2017/12/%E7%84%A1%E9%A1%8C10.png HTTP/1.1" 200 315605 "http://www7.dbi.tuis.ac.jp/~j15310kk/?page_id=190" "Mozilla/5.0 (Windows NT 10.0; Win64; x64) AppleWebKit/537.36 (KHTML, like Gecko) Chrome/63.0.3239.132 Safari/537.36"
::1 - - [06/Feb/2018:15:14:21 +0900] "OPTIONS * HTTP/1.0" 200 - "-" "Apache/2.4.6 (CentOS) OpenSSL/1.0.2k-fips mod_fcgid/2.3.9 PHP/5.4.16 mod_wsgi/3.4 Python/2.7.5 (internal dummy connection)"
::1 - - [06/Feb/2018:15:14:28 +0900] "OPTIONS * HTTP/1.0" 200 - "-" "Apache/2.4.6 (CentOS) OpenSSL/1.0.2k-fips mod_fcgid/2.3.9 PHP/5.4.16 mod_wsgi/3.4 Python/2.7.5 (internal dummy connection)"
172.22.43.66 - kyoshi [06/Feb/2018:15:14:38 +0900] "GET /~j15310kk/ HTTP/1.1" 200 48602 "http://www7.dbi.tuis.ac.jp/~j15310kk/?page_id=190" "Mozilla/5.0 (Windows NT 10.0; Win64; x64) AppleWebKit/537.36 (KHTML, like Gecko) Chrome/63.0.3239.132 Safari/537.36"
172.22.43.66 - kyoshi [06/Feb/2018:15:14:53 +0900] "GET /~j15310kk/?p=248 HTTP/1.1" 200 28597 "http://www7.dbi.tuis.ac.jp/~j15310kk/" "Mozilla/5.0 (Windows NT 10.0; Win64; x64) AppleWebKit/537.36 (KHTML, like Gecko) Chrome/63.0.3239.132 Safari/537.36"
172.22.43.66 - - [06/Feb/2018:15:14:53 +0900] "GET /~j15310kk/wp-includes/js/comment-reply.min.js?ver=4.8.2 HTTP/1.1" 200 1078 "http://www7.dbi.tuis.ac.jp/~j15310kk/?p=248" "Mozilla/5.0 (Windows NT 10.0; Win64; x64) AppleWebKit/537.36 (KHTML, like Gecko) Chrome/63.0.3239.132 Safari/537.36"
172.22.43.66 - - [06/Feb/2018:15:15:42 +0900] "GET /~j15317kt HTTP/1.1" 301 245 "http://www7.dbi.tuis.ac.jp/wm2017.php" "Mozilla/5.0 (Windows NT 10.0; Win64; x64) AppleWebKit/537.36 (KHTML, like Gecko) Chrome/63.0.3239.132 Safari/537.36"
172.22.43.66 - - [06/Feb/2018:15:15:43 +0900] "GET /~j15317kt/wp-content/themes/total/css/owl.carousel.css?ver=1.3.3 HTTP/1.1" 200 4316 "http://www7.dbi.tuis.ac.jp/~j15317kt/" "Mozilla/5.0 (Windows NT 10.0; Win64; x64) AppleWebKit/537.36 (KHTML, like Gecko) Chrome/63.0.3239.132 Safari/537.36"
172.22.43.66 - - [06/Feb/2018:15:15:43 +0900] "GET /~j15317kt/wp-content/themes/total/css/font-awesome.css?ver=4.4.0 HTTP/1.1" 200 35110 "http://www7.dbi.tuis.ac.jp/~j15317kt/" "Mozilla/5.0 (Windows NT 10.0; Win64; x64) AppleWebKit/537.36 (KHTML, like Gecko) Chrome/63.0.3239.132 Safari/537.36"
172.22.43.66 - - [06/Feb/2018:15:15:43 +0900] "GET /~j15317kt/wp-content/themes/total/css/animate.css?ver=1.0 HTTP/1.1" 200 70808 "http://www7.dbi.tuis.ac.jp/~j15317kt/" "Mozilla/5.0 (Windows NT 10.0; Win64; x64) AppleWebKit/537.36 (KHTML, like Gecko) Chrome/63.0.3239.132 Safari/537.36"
172.22.43.66 - - [06/Feb/2018:15:15:43 +0900] "GET /~j15317kt/wp-content/themes/total/css/superfish.css?ver=1.3.3 HTTP/1.1" 200 783 "http://www7.dbi.tuis.ac.jp/~j15317kt/" "Mozilla/5.0 (Windows NT 10.0; Win64; x64) AppleWebKit/537.36 (KHTML, like Gecko) Chrome/63.0.3239.132 Safari/537.36"
172.22.43.66 - - [06/Feb/2018:15:15:43 +0900] "GET /~j15317kt/wp-content/themes/total/css/nivo-lightbox.css?ver=1.3.3 HTTP/1.1" 200 8486 "http://www7.dbi.tuis.ac.jp/~j15317kt/" "Mozilla/5.0 (Windows NT 10.0; Win64; x64) AppleWebKit/537.36 (KHTML, like Gecko) Chrome/63.0.3239.132 Safari/537.36"
172.22.43.66 - - [06/Feb/2018:15:15:43 +0900] "GET /~j15317kt/wp-content/themes/total/style.css?ver=1.0 HTTP/1.1" 200 66089 "http://www7.dbi.tuis.ac.jp/~j15317kt/" "Mozilla/5.0 (Windows NT 10.0; Win64; x64) AppleWebKit/537.36 (KHTML, like Gecko) Chrome/63.0.3239.132 Safari/537.36"
172.22.43.66 - - [06/Feb/2018:15:15:43 +0900] "GET /~j15317kt/wp-includes/js/wp-emoji-release.min.js?ver=4.8.2 HTTP/1.1" 200 11915 "http://www7.dbi.tuis.ac.jp/~j15317kt/" "Mozilla/5.0 (Windows NT 10.0; Win64; x64) AppleWebKit/537.36 (KHTML, like Gecko) Chrome/63.0.3239.132 Safari/537.36"
172.22.43.66 - - [06/Feb/2018:15:15:43 +0900] "GET /~j15317kt/wp-content/themes/total/js/SmoothScroll.js?ver=20160809 HTTP/1.1" 200 20555 "http://www7.dbi.tuis.ac.jp/~j15317kt/" "Mozilla/5.0 (Windows NT 10.0; Win64; x64) AppleWebKit/537.36 (KHTML, like Gecko) Chrome/63.0.3239.132 Safari/537.36"
172.22.43.66 - - [06/Feb/2018:15:15:43 +0900] "GET /~j15317kt/wp-includes/js/jquery/jquery.js?ver=1.12.4 HTTP/1.1" 200 97184 "http://www7.dbi.tuis.ac.jp/~j15317kt/" "Mozilla/5.0 (Windows NT 10.0; Win64; x64) AppleWebKit/537.36 (KHTML, like Gecko) Chrome/63.0.3239.132 Safari/537.36"
172.22.43.66 - - [06/Feb/2018:15:15:43 +0900] "GET /~j15317kt/wp-includes/js/jquery/jquery-migrate.min.js?ver=1.4.1 HTTP/1.1" 200 10056 "http://www7.dbi.tuis.ac.jp/~j15317kt/" "Mozilla/5.0 (Windows NT 10.0; Win64; x64) AppleWebKit/537.36 (KHTML, like Gecko) Chrome/63.0.3239.132 Safari/537.36"
172.22.43.66 - - [06/Feb/2018:15:15:43 +0900] "GET /~j15317kt/wp-content/themes/total/js/jquery.stellar.js?ver=20150903 HTTP/1.1" 200 23282 "http://www7.dbi.tuis.ac.jp/~j15317kt/" "Mozilla/5.0 (Windows NT 10.0; Win64; x64) AppleWebKit/537.36 (KHTML, like Gecko) Chrome/63.0.3239.132 Safari/537.36"
172.22.43.66 - - [06/Feb/2018:15:15:43 +0900] "GET /~j15317kt/wp-includes/js/imagesloaded.min.js?ver=3.2.0 HTTP/1.1" 200 7994 "http://www7.dbi.tuis.ac.jp/~j15317kt/" "Mozilla/5.0 (Windows NT 10.0; Win64; x64) AppleWebKit/537.36 (KHTML, like Gecko) Chrome/63.0.3239.132 Safari/537.36"
172.22.43.66 - kyoshi [06/Feb/2018:15:15:42 +0900] "GET /~j15317kt/ HTTP/1.1" 200 37532 "http://www7.dbi.tuis.ac.jp/wm2017.php" "Mozilla/5.0 (Windows NT 10.0; Win64; x64) AppleWebKit/537.36 (KHTML, like Gecko) Chrome/63.0.3239.132 Safari/537.36"
172.22.43.66 - - [06/Feb/2018:15:15:43 +0900] "GET /~j15317kt/wp-content/themes/total/js/jquery.nav.js?ver=20160903 HTTP/1.1" 200 5306 "http://www7.dbi.tuis.ac.jp/~j15317kt/" "Mozilla/5.0 (Windows NT 10.0; Win64; x64) AppleWebKit/537.36 (KHTML, like Gecko) Chrome/63.0.3239.132 Safari/537.36"
172.22.43.66 - - [06/Feb/2018:15:15:43 +0900] "GET /~j15317kt/wp-content/themes/total/js/owl.carousel.js?ver=1.3.3 HTTP/1.1" 200 42766 "http://www7.dbi.tuis.ac.jp/~j15317kt/" "Mozilla/5.0 (Windows NT 10.0; Win64; x64) AppleWebKit/537.36 (KHTML, like Gecko) Chrome/63.0.3239.132 Safari/537.36"
172.22.43.66 - - [06/Feb/2018:15:15:43 +0900] "GET /~j15317kt/wp-content/themes/total/js/superfish.js?ver=20150903 HTTP/1.1" 200 6975 "http://www7.dbi.tuis.ac.jp/~j15317kt/" "Mozilla/5.0 (Windows NT 10.0; Win64; x64) AppleWebKit/537.36 (KHTML, like Gecko) Chrome/63.0.3239.132 Safari/537.36"
172.22.43.66 - - [06/Feb/2018:15:15:43 +0900] "GET /~j15317kt/wp-content/themes/total/js/nivo-lightbox.js?ver=20150903 HTTP/1.1" 200 13792 "http://www7.dbi.tuis.ac.jp/~j15317kt/" "Mozilla/5.0 (Windows NT 10.0; Win64; x64) AppleWebKit/537.36 (KHTML, like Gecko) Chrome/63.0.3239.132 Safari/537.36"
172.22.43.66 - - [06/Feb/2018:15:15:43 +0900] "GET /~j15317kt/wp-content/themes/total/js/wow.js?ver=20150903 HTTP/1.1" 200 15547 "http://www7.dbi.tuis.ac.jp/~j15317kt/" "Mozilla/5.0 (Windows NT 10.0; Win64; x64) AppleWebKit/537.36 (KHTML, like Gecko) Chrome/63.0.3239.132 Safari/537.36"
172.22.43.66 - - [06/Feb/2018:15:15:43 +0900] "GET /~j15317kt/wp-content/themes/total/js/odometer.js?ver=20150903 HTTP/1.1" 200 21207 "http://www7.dbi.tuis.ac.jp/~j15317kt/" "Mozilla/5.0 (Windows NT 10.0; Win64; x64) AppleWebKit/537.36 (KHTML, like Gecko) Chrome/63.0.3239.132 Safari/537.36"
172.22.43.66 - - [06/Feb/2018:15:15:43 +0900] "GET /~j15317kt/wp-content/themes/total/js/isotope.pkgd.js?ver=20150903 HTTP/1.1" 200 115711 "http://www7.dbi.tuis.ac.jp/~j15317kt/" "Mozilla/5.0 (Windows NT 10.0; Win64; x64) AppleWebKit/537.36 (KHTML, like Gecko) Chrome/63.0.3239.132 Safari/537.36"
172.22.43.66 - - [06/Feb/2018:15:15:43 +0900] "GET /~j15317kt/wp-content/themes/total/js/waypoint.js?ver=20150903 HTTP/1.1" 200 17548 "http://www7.dbi.tuis.ac.jp/~j15317kt/" "Mozilla/5.0 (Windows NT 10.0; Win64; x64) AppleWebKit/537.36 (KHTML, like Gecko) Chrome/63.0.3239.132 Safari/537.36"
172.22.43.66 - - [06/Feb/2018:15:15:43 +0900] "GET /~j15317kt/wp-includes/js/wp-embed.min.js?ver=4.8.2 HTTP/1.1" 200 1398 "http://www7.dbi.tuis.ac.jp/~j15317kt/" "Mozilla/5.0 (Windows NT 10.0; Win64; x64) AppleWebKit/537.36 (KHTML, like Gecko) Chrome/63.0.3239.132 Safari/537.36"
172.22.43.66 - - [06/Feb/2018:15:15:43 +0900] "GET /~j15317kt/wp-content/themes/total/js/total-custom.js?ver=20150903 HTTP/1.1" 200 6377 "http://www7.dbi.tuis.ac.jp/~j15317kt/" "Mozilla/5.0 (Windows NT 10.0; Win64; x64) AppleWebKit/537.36 (KHTML, like Gecko) Chrome/63.0.3239.132 Safari/537.36"
172.22.43.66 - - [06/Feb/2018:15:15:43 +0900] "GET /~j15317kt/wp-content/uploads/2017/10/%E6%B5%B7%E3%80%81%E9%9B%B2ko.jpg HTTP/1.1" 200 66760 "http://www7.dbi.tuis.ac.jp/~j15317kt/" "Mozilla/5.0 (Windows NT 10.0; Win64; x64) AppleWebKit/537.36 (KHTML, like Gecko) Chrome/63.0.3239.132 Safari/537.36"
172.22.43.66 - - [06/Feb/2018:15:15:43 +0900] "GET /~j15317kt/wp-content/themes/total/css/fonts/fontawesome-webfont.woff2?v=4.6.3 HTTP/1.1" 200 71896 "http://www7.dbi.tuis.ac.jp/~j15317kt/wp-content/themes/total/css/font-awesome.css?ver=4.4.0" "Mozilla/5.0 (Windows NT 10.0; Win64; x64) AppleWebKit/537.36 (KHTML, like Gecko) Chrome/63.0.3239.132 Safari/537.36"
172.22.43.66 - - [06/Feb/2018:15:15:43 +0900] "GET /~j15317kt/wp-content/themes/total/images/footer-bg.jpg HTTP/1.1" 200 3172 "http://www7.dbi.tuis.ac.jp/~j15317kt/wp-content/themes/total/style.css?ver=1.0" "Mozilla/5.0 (Windows NT 10.0; Win64; x64) AppleWebKit/537.36 (KHTML, like Gecko) Chrome/63.0.3239.132 Safari/537.36"
::1 - - [06/Feb/2018:15:15:51 +0900] "OPTIONS * HTTP/1.0" 200 - "-" "Apache/2.4.6 (CentOS) OpenSSL/1.0.2k-fips mod_fcgid/2.3.9 PHP/5.4.16 mod_wsgi/3.4 Python/2.7.5 (internal dummy connection)"
202.26.151.7 - - [06/Feb/2018:15:15:42 +0900] "POST /~j15317kt/wp-cron.php?doing_wp_cron=1517897742.5744450092315673828125 HTTP/1.1" 200 - "http://www7.dbi.tuis.ac.jp/~j15317kt/wp-cron.php?doing_wp_cron=1517897742.5744450092315673828125" "WordPress/4.8.2; http://www7.dbi.tuis.ac.jp/~j15317kt"
::1 - - [06/Feb/2018:15:15:52 +0900] "OPTIONS * HTTP/1.0" 200 - "-" "Apache/2.4.6 (CentOS) OpenSSL/1.0.2k-fips mod_fcgid/2.3.9 PHP/5.4.16 mod_wsgi/3.4 Python/2.7.5 (internal dummy connection)"
::1 - - [06/Feb/2018:15:15:53 +0900] "OPTIONS * HTTP/1.0" 200 - "-" "Apache/2.4.6 (CentOS) OpenSSL/1.0.2k-fips mod_fcgid/2.3.9 PHP/5.4.16 mod_wsgi/3.4 Python/2.7.5 (internal dummy connection)"
172.22.43.66 - kyoshi [06/Feb/2018:15:15:59 +0900] "GET /~j15317kt/?page_id=71 HTTP/1.1" 200 24042 "http://www7.dbi.tuis.ac.jp/~j15317kt/" "Mozilla/5.0 (Windows NT 10.0; Win64; x64) AppleWebKit/537.36 (KHTML, like Gecko) Chrome/63.0.3239.132 Safari/537.36"
172.22.43.66 - kyoshi [06/Feb/2018:15:16:01 +0900] "GET /~j15317kt/?page_id=75 HTTP/1.1" 200 24022 "http://www7.dbi.tuis.ac.jp/~j15317kt/?page_id=71" "Mozilla/5.0 (Windows NT 10.0; Win64; x64) AppleWebKit/537.36 (KHTML, like Gecko) Chrome/63.0.3239.132 Safari/537.36"
172.22.43.66 - kyoshi [06/Feb/2018:15:16:05 +0900] "GET /~j15317kt/?page_id=65 HTTP/1.1" 200 23879 "http://www7.dbi.tuis.ac.jp/~j15317kt/?page_id=75" "Mozilla/5.0 (Windows NT 10.0; Win64; x64) AppleWebKit/537.36 (KHTML, like Gecko) Chrome/63.0.3239.132 Safari/537.36"
172.22.43.66 - kyoshi [06/Feb/2018:15:16:08 +0900] "GET /~j15317kt/ HTTP/1.1" 200 37532 "http://www7.dbi.tuis.ac.jp/~j15317kt/?page_id=65" "Mozilla/5.0 (Windows NT 10.0; Win64; x64) AppleWebKit/537.36 (KHTML, like Gecko) Chrome/63.0.3239.132 Safari/537.36"
172.22.43.66 - - [06/Feb/2018:15:16:25 +0900] "GET /~j15317kt/wp-content/uploads/2018/01/%E3%83%8D%E3%83%83%E3%83%88%EF%BC%92-300x207.png HTTP/1.1" 200 68541 "http://www7.dbi.tuis.ac.jp/~j15317kt/?p=183" "Mozilla/5.0 (Windows NT 10.0; Win64; x64) AppleWebKit/537.36 (KHTML, like Gecko) Chrome/63.0.3239.132 Safari/537.36"
172.22.43.66 - kyoshi [06/Feb/2018:15:16:25 +0900] "GET /~j15317kt/?p=183 HTTP/1.1" 200 27117 "http://www7.dbi.tuis.ac.jp/~j15317kt/" "Mozilla/5.0 (Windows NT 10.0; Win64; x64) AppleWebKit/537.36 (KHTML, like Gecko) Chrome/63.0.3239.132 Safari/537.36"
172.22.43.66 - - [06/Feb/2018:15:16:25 +0900] "GET /~j15317kt/wp-includes/js/comment-reply.min.js?ver=4.8.2 HTTP/1.1" 200 1078 "http://www7.dbi.tuis.ac.jp/~j15317kt/?p=183" "Mozilla/5.0 (Windows NT 10.0; Win64; x64) AppleWebKit/537.36 (KHTML, like Gecko) Chrome/63.0.3239.132 Safari/537.36"
172.22.43.66 - - [06/Feb/2018:15:16:40 +0900] "GET /~j15319yt HTTP/1.1" 301 245 "http://www7.dbi.tuis.ac.jp/wm2017.php" "Mozilla/5.0 (Windows NT 10.0; Win64; x64) AppleWebKit/537.36 (KHTML, like Gecko) Chrome/63.0.3239.132 Safari/537.36"
172.22.43.66 - - [06/Feb/2018:15:16:41 +0900] "GET /~j15319yt/wp-content/themes/tora/css/bootstrap/bootstrap.min.css?ver=1 HTTP/1.1" 200 6359 "http://www7.dbi.tuis.ac.jp/~j15319yt/" "Mozilla/5.0 (Windows NT 10.0; Win64; x64) AppleWebKit/537.36 (KHTML, like Gecko) Chrome/63.0.3239.132 Safari/537.36"
172.22.43.66 - - [06/Feb/2018:15:16:41 +0900] "GET /~j15319yt/wp-content/themes/tora/style.css?ver=4.8.2 HTTP/1.1" 200 34175 "http://www7.dbi.tuis.ac.jp/~j15319yt/" "Mozilla/5.0 (Windows NT 10.0; Win64; x64) AppleWebKit/537.36 (KHTML, like Gecko) Chrome/63.0.3239.132 Safari/537.36"
172.22.43.66 - - [06/Feb/2018:15:16:41 +0900] "GET /~j15319yt/wp-content/themes/tora/fonts/style.css?ver=4.8.2 HTTP/1.1" 200 31104 "http://www7.dbi.tuis.ac.jp/~j15319yt/" "Mozilla/5.0 (Windows NT 10.0; Win64; x64) AppleWebKit/537.36 (KHTML, like Gecko) Chrome/63.0.3239.132 Safari/537.36"
172.22.43.66 - - [06/Feb/2018:15:16:41 +0900] "GET /~j15319yt/wp-includes/js/jquery/jquery-migrate.min.js?ver=1.4.1 HTTP/1.1" 200 10056 "http://www7.dbi.tuis.ac.jp/~j15319yt/" "Mozilla/5.0 (Windows NT 10.0; Win64; x64) AppleWebKit/537.36 (KHTML, like Gecko) Chrome/63.0.3239.132 Safari/537.36"
172.22.43.66 - - [06/Feb/2018:15:16:41 +0900] "GET /~j15319yt/wp-includes/js/jquery/jquery.js?ver=1.12.4 HTTP/1.1" 200 97184 "http://www7.dbi.tuis.ac.jp/~j15319yt/" "Mozilla/5.0 (Windows NT 10.0; Win64; x64) AppleWebKit/537.36 (KHTML, like Gecko) Chrome/63.0.3239.132 Safari/537.36"
172.22.43.66 - kyoshi [06/Feb/2018:15:16:40 +0900] "GET /~j15319yt/ HTTP/1.1" 200 32601 "http://www7.dbi.tuis.ac.jp/wm2017.php" "Mozilla/5.0 (Windows NT 10.0; Win64; x64) AppleWebKit/537.36 (KHTML, like Gecko) Chrome/63.0.3239.132 Safari/537.36"
172.22.43.66 - - [06/Feb/2018:15:16:41 +0900] "GET /~j15319yt/wp-content/themes/tora/js/skip-link-focus-fix.js?ver=20130115 HTTP/1.1" 200 903 "http://www7.dbi.tuis.ac.jp/~j15319yt/" "Mozilla/5.0 (Windows NT 10.0; Win64; x64) AppleWebKit/537.36 (KHTML, like Gecko) Chrome/63.0.3239.132 Safari/537.36"
172.22.43.66 - - [06/Feb/2018:15:16:41 +0900] "GET /~j15319yt/wp-content/themes/tora/js/scripts.js?ver=4.8.2 HTTP/1.1" 200 15393 "http://www7.dbi.tuis.ac.jp/~j15319yt/" "Mozilla/5.0 (Windows NT 10.0; Win64; x64) AppleWebKit/537.36 (KHTML, like Gecko) Chrome/63.0.3239.132 Safari/537.36"
172.22.43.66 - - [06/Feb/2018:15:16:41 +0900] "GET /~j15319yt/wp-content/themes/tora/js/main.min.js?ver=4.8.2 HTTP/1.1" 200 2369 "http://www7.dbi.tuis.ac.jp/~j15319yt/" "Mozilla/5.0 (Windows NT 10.0; Win64; x64) AppleWebKit/537.36 (KHTML, like Gecko) Chrome/63.0.3239.132 Safari/537.36"
172.22.43.66 - - [06/Feb/2018:15:16:41 +0900] "GET /~j15319yt/wp-includes/js/wp-embed.min.js?ver=4.8.2 HTTP/1.1" 200 1398 "http://www7.dbi.tuis.ac.jp/~j15319yt/" "Mozilla/5.0 (Windows NT 10.0; Win64; x64) AppleWebKit/537.36 (KHTML, like Gecko) Chrome/63.0.3239.132 Safari/537.36"
172.22.43.66 - - [06/Feb/2018:15:16:41 +0900] "GET /~j15319yt/wp-includes/js/wp-emoji-release.min.js?ver=4.8.2 HTTP/1.1" 200 11915 "http://www7.dbi.tuis.ac.jp/~j15319yt/" "Mozilla/5.0 (Windows NT 10.0; Win64; x64) AppleWebKit/537.36 (KHTML, like Gecko) Chrome/63.0.3239.132 Safari/537.36"
172.22.43.66 - - [06/Feb/2018:15:16:41 +0900] "GET /~j15319yt/wp-content/themes/tora/images/header.jpg HTTP/1.1" 200 287699 "http://www7.dbi.tuis.ac.jp/~j15319yt/" "Mozilla/5.0 (Windows NT 10.0; Win64; x64) AppleWebKit/537.36 (KHTML, like Gecko) Chrome/63.0.3239.132 Safari/537.36"
172.22.43.66 - - [06/Feb/2018:15:16:42 +0900] "GET /~j15319yt/wp-content/themes/tora/fonts/fonts/ElegantIcons.woff HTTP/1.1" 200 63664 "http://www7.dbi.tuis.ac.jp/~j15319yt/wp-content/themes/tora/fonts/style.css?ver=4.8.2" "Mozilla/5.0 (Windows NT 10.0; Win64; x64) AppleWebKit/537.36 (KHTML, like Gecko) Chrome/63.0.3239.132 Safari/537.36"
202.26.151.7 - - [06/Feb/2018:15:16:40 +0900] "POST /~j15319yt/wp-cron.php?doing_wp_cron=1517897800.6958460807800292968750 HTTP/1.1" 200 - "http://www7.dbi.tuis.ac.jp/~j15319yt/wp-cron.php?doing_wp_cron=1517897800.6958460807800292968750" "WordPress/4.8.2; http://www7.dbi.tuis.ac.jp/~j15319yt"
::1 - - [06/Feb/2018:15:16:49 +0900] "OPTIONS * HTTP/1.0" 200 - "-" "Apache/2.4.6 (CentOS) OpenSSL/1.0.2k-fips mod_fcgid/2.3.9 PHP/5.4.16 mod_wsgi/3.4 Python/2.7.5 (internal dummy connection)"
172.22.43.66 - kyoshi [06/Feb/2018:15:16:49 +0900] "GET /~j15319yt/?page_id=64 HTTP/1.1" 200 20129 "http://www7.dbi.tuis.ac.jp/~j15319yt/" "Mozilla/5.0 (Windows NT 10.0; Win64; x64) AppleWebKit/537.36 (KHTML, like Gecko) Chrome/63.0.3239.132 Safari/537.36"
::1 - - [06/Feb/2018:15:16:50 +0900] "OPTIONS * HTTP/1.0" 200 - "-" "Apache/2.4.6 (CentOS) OpenSSL/1.0.2k-fips mod_fcgid/2.3.9 PHP/5.4.16 mod_wsgi/3.4 Python/2.7.5 (internal dummy connection)"
172.22.43.66 - kyoshi [06/Feb/2018:15:16:51 +0900] "GET /~j15319yt/?page_id=62 HTTP/1.1" 200 20149 "http://www7.dbi.tuis.ac.jp/~j15319yt/?page_id=64" "Mozilla/5.0 (Windows NT 10.0; Win64; x64) AppleWebKit/537.36 (KHTML, like Gecko) Chrome/63.0.3239.132 Safari/537.36"
172.22.43.66 - kyoshi [06/Feb/2018:15:16:53 +0900] "GET /~j15319yt/?page_id=76 HTTP/1.1" 200 20043 "http://www7.dbi.tuis.ac.jp/~j15319yt/?page_id=62" "Mozilla/5.0 (Windows NT 10.0; Win64; x64) AppleWebKit/537.36 (KHTML, like Gecko) Chrome/63.0.3239.132 Safari/537.36"
::1 - - [06/Feb/2018:15:17:01 +0900] "OPTIONS * HTTP/1.0" 200 - "-" "Apache/2.4.6 (CentOS) OpenSSL/1.0.2k-fips mod_fcgid/2.3.9 PHP/5.4.16 mod_wsgi/3.4 Python/2.7.5 (internal dummy connection)"
172.22.43.66 - kyoshi [06/Feb/2018:15:17:05 +0900] "GET /~j15319yt/ HTTP/1.1" 200 32601 "http://www7.dbi.tuis.ac.jp/~j15319yt/?page_id=76" "Mozilla/5.0 (Windows NT 10.0; Win64; x64) AppleWebKit/537.36 (KHTML, like Gecko) Chrome/63.0.3239.132 Safari/537.36"
172.22.43.66 - kyoshi [06/Feb/2018:15:17:18 +0900] "GET /~j15319yt/ HTTP/1.1" 200 32601 "http://www7.dbi.tuis.ac.jp/~j15319yt/" "Mozilla/5.0 (Windows NT 10.0; Win64; x64) AppleWebKit/537.36 (KHTML, like Gecko) Chrome/63.0.3239.132 Safari/537.36"
172.22.43.66 - kyoshi [06/Feb/2018:15:17:20 +0900] "GET /~j15319yt/?p=113 HTTP/1.1" 200 24054 "http://www7.dbi.tuis.ac.jp/~j15319yt/" "Mozilla/5.0 (Windows NT 10.0; Win64; x64) AppleWebKit/537.36 (KHTML, like Gecko) Chrome/63.0.3239.132 Safari/537.36"
172.22.43.66 - - [06/Feb/2018:15:17:20 +0900] "GET /~j15319yt/wp-content/uploads/2018/01/%E7%84%A1%E9%A1%8C3.png HTTP/1.1" 200 120407 "http://www7.dbi.tuis.ac.jp/~j15319yt/?p=113" "Mozilla/5.0 (Windows NT 10.0; Win64; x64) AppleWebKit/537.36 (KHTML, like Gecko) Chrome/63.0.3239.132 Safari/537.36"
172.22.43.66 - - [06/Feb/2018:15:17:20 +0900] "GET /~j15319yt/wp-includes/js/comment-reply.min.js?ver=4.8.2 HTTP/1.1" 200 1078 "http://www7.dbi.tuis.ac.jp/~j15319yt/?p=113" "Mozilla/5.0 (Windows NT 10.0; Win64; x64) AppleWebKit/537.36 (KHTML, like Gecko) Chrome/63.0.3239.132 Safari/537.36"
172.22.43.66 - - [06/Feb/2018:15:17:37 +0900] "GET /~j15322sn HTTP/1.1" 301 245 "http://www7.dbi.tuis.ac.jp/wm2017.php" "Mozilla/5.0 (Windows NT 10.0; Win64; x64) AppleWebKit/537.36 (KHTML, like Gecko) Chrome/63.0.3239.132 Safari/537.36"
172.22.43.66 - - [06/Feb/2018:15:17:38 +0900] "GET /~j15322sn/wp-includes/js/wp-emoji-release.min.js?ver=4.9.1 HTTP/1.1" 200 11915 "http://www7.dbi.tuis.ac.jp/~j15322sn/" "Mozilla/5.0 (Windows NT 10.0; Win64; x64) AppleWebKit/537.36 (KHTML, like Gecko) Chrome/63.0.3239.132 Safari/537.36"
172.22.43.66 - - [06/Feb/2018:15:17:38 +0900] "GET /~j15322sn/wp-content/themes/eboost/style.css?ver=4.9.1 HTTP/1.1" 200 68401 "http://www7.dbi.tuis.ac.jp/~j15322sn/" "Mozilla/5.0 (Windows NT 10.0; Win64; x64) AppleWebKit/537.36 (KHTML, like Gecko) Chrome/63.0.3239.132 Safari/537.36"
172.22.43.66 - - [06/Feb/2018:15:17:38 +0900] "GET /~j15322sn/wp-content/themes/eboost/assets/font-awesome/css/font-awesome.min.css?ver=4.6.3 HTTP/1.1" 200 29063 "http://www7.dbi.tuis.ac.jp/~j15322sn/" "Mozilla/5.0 (Windows NT 10.0; Win64; x64) AppleWebKit/537.36 (KHTML, like Gecko) Chrome/63.0.3239.132 Safari/537.36"
172.22.43.66 - - [06/Feb/2018:15:17:38 +0900] "GET /~j15322sn/wp-content/themes/eboost/assets/css/vendor/slick.css?ver=4.9.1 HTTP/1.1" 200 1729 "http://www7.dbi.tuis.ac.jp/~j15322sn/" "Mozilla/5.0 (Windows NT 10.0; Win64; x64) AppleWebKit/537.36 (KHTML, like Gecko) Chrome/63.0.3239.132 Safari/537.36"
172.22.43.66 - - [06/Feb/2018:15:17:38 +0900] "GET /~j15322sn/wp-content/themes/eboost/assets/css/components/animation.css?ver=4.9.1 HTTP/1.1" 200 20153 "http://www7.dbi.tuis.ac.jp/~j15322sn/" "Mozilla/5.0 (Windows NT 10.0; Win64; x64) AppleWebKit/537.36 (KHTML, like Gecko) Chrome/63.0.3239.132 Safari/537.36"
172.22.43.66 - - [06/Feb/2018:15:17:38 +0900] "GET /~j15322sn/wp-includes/js/jquery/jquery.js?ver=1.12.4 HTTP/1.1" 200 97184 "http://www7.dbi.tuis.ac.jp/~j15322sn/" "Mozilla/5.0 (Windows NT 10.0; Win64; x64) AppleWebKit/537.36 (KHTML, like Gecko) Chrome/63.0.3239.132 Safari/537.36"
172.22.43.66 - - [06/Feb/2018:15:17:38 +0900] "GET /~j15322sn/wp-content/themes/eboost/assets/css/vendor/bootstrap.min.css?ver=4.9.1 HTTP/1.1" 200 121260 "http://www7.dbi.tuis.ac.jp/~j15322sn/" "Mozilla/5.0 (Windows NT 10.0; Win64; x64) AppleWebKit/537.36 (KHTML, like Gecko) Chrome/63.0.3239.132 Safari/537.36"
172.22.43.66 - - [06/Feb/2018:15:17:38 +0900] "GET /~j15322sn/wp-includes/js/jquery/jquery-migrate.min.js?ver=1.4.1 HTTP/1.1" 200 10056 "http://www7.dbi.tuis.ac.jp/~j15322sn/" "Mozilla/5.0 (Windows NT 10.0; Win64; x64) AppleWebKit/537.36 (KHTML, like Gecko) Chrome/63.0.3239.132 Safari/537.36"
172.22.43.66 - - [06/Feb/2018:15:17:38 +0900] "GET /~j15322sn/wp-content/themes/eboost/assets/js/vender/slick.js?ver=4.9.1 HTTP/1.1" 200 84265 "http://www7.dbi.tuis.ac.jp/~j15322sn/" "Mozilla/5.0 (Windows NT 10.0; Win64; x64) AppleWebKit/537.36 (KHTML, like Gecko) Chrome/63.0.3239.132 Safari/537.36"
172.22.43.66 - kyoshi [06/Feb/2018:15:17:37 +0900] "GET /~j15322sn/ HTTP/1.1" 200 32729 "http://www7.dbi.tuis.ac.jp/wm2017.php" "Mozilla/5.0 (Windows NT 10.0; Win64; x64) AppleWebKit/537.36 (KHTML, like Gecko) Chrome/63.0.3239.132 Safari/537.36"
172.22.43.66 - - [06/Feb/2018:15:17:38 +0900] "GET /~j15322sn/wp-content/themes/eboost/assets/js/vender/bootstrap.min.js?ver=v3.3.6 HTTP/1.1" 200 36868 "http://www7.dbi.tuis.ac.jp/~j15322sn/" "Mozilla/5.0 (Windows NT 10.0; Win64; x64) AppleWebKit/537.36 (KHTML, like Gecko) Chrome/63.0.3239.132 Safari/537.36"
172.22.43.66 - - [06/Feb/2018:15:17:38 +0900] "GET /~j15322sn/wp-content/themes/eboost/assets/js/jquery.navScroll.js HTTP/1.1" 200 5360 "http://www7.dbi.tuis.ac.jp/~j15322sn/" "Mozilla/5.0 (Windows NT 10.0; Win64; x64) AppleWebKit/537.36 (KHTML, like Gecko) Chrome/63.0.3239.132 Safari/537.36"
172.22.43.66 - - [06/Feb/2018:15:17:38 +0900] "GET /~j15322sn/wp-content/themes/eboost/assets/js/main.js HTTP/1.1" 200 3750 "http://www7.dbi.tuis.ac.jp/~j15322sn/" "Mozilla/5.0 (Windows NT 10.0; Win64; x64) AppleWebKit/537.36 (KHTML, like Gecko) Chrome/63.0.3239.132 Safari/537.36"
172.22.43.66 - - [06/Feb/2018:15:17:38 +0900] "GET /~j15322sn/wp-content/themes/eboost/assets/js/skip-link-focus-fix.js?ver=20151215 HTTP/1.1" 200 907 "http://www7.dbi.tuis.ac.jp/~j15322sn/" "Mozilla/5.0 (Windows NT 10.0; Win64; x64) AppleWebKit/537.36 (KHTML, like Gecko) Chrome/63.0.3239.132 Safari/537.36"
172.22.43.66 - - [06/Feb/2018:15:17:38 +0900] "GET /~j15322sn/wp-content/themes/eboost/assets/js/vender/wow.min.js?ver=1.1.3 HTTP/1.1" 200 8415 "http://www7.dbi.tuis.ac.jp/~j15322sn/" "Mozilla/5.0 (Windows NT 10.0; Win64; x64) AppleWebKit/537.36 (KHTML, like Gecko) Chrome/63.0.3239.132 Safari/537.36"
172.22.43.66 - - [06/Feb/2018:15:17:38 +0900] "GET /~j15322sn/wp-content/themes/eboost/assets/js/navigation.js?ver=20151215 HTTP/1.1" 200 2279 "http://www7.dbi.tuis.ac.jp/~j15322sn/" "Mozilla/5.0 (Windows NT 10.0; Win64; x64) AppleWebKit/537.36 (KHTML, like Gecko) Chrome/63.0.3239.132 Safari/537.36"
172.22.43.66 - - [06/Feb/2018:15:17:38 +0900] "GET /~j15322sn/wp-includes/js/wp-embed.min.js?ver=4.9.1 HTTP/1.1" 200 1398 "http://www7.dbi.tuis.ac.jp/~j15322sn/" "Mozilla/5.0 (Windows NT 10.0; Win64; x64) AppleWebKit/537.36 (KHTML, like Gecko) Chrome/63.0.3239.132 Safari/537.36"
172.22.43.66 - - [06/Feb/2018:15:17:38 +0900] "GET /~j15322sn/wp-content/uploads/2017/10/compressed2.jpg HTTP/1.1" 200 256384 "http://www7.dbi.tuis.ac.jp/~j15322sn/" "Mozilla/5.0 (Windows NT 10.0; Win64; x64) AppleWebKit/537.36 (KHTML, like Gecko) Chrome/63.0.3239.132 Safari/537.36"
172.22.43.66 - - [06/Feb/2018:15:17:38 +0900] "GET /~j15322sn/wp-content/themes/eboost/assets/font-awesome/fonts/fontawesome-webfont.woff2?v=4.6.3 HTTP/1.1" 200 71896 "http://www7.dbi.tuis.ac.jp/~j15322sn/wp-content/themes/eboost/assets/font-awesome/css/font-awesome.min.css?ver=4.6.3" "Mozilla/5.0 (Windows NT 10.0; Win64; x64) AppleWebKit/537.36 (KHTML, like Gecko) Chrome/63.0.3239.132 Safari/537.36"
202.26.151.7 - - [06/Feb/2018:15:17:37 +0900] "POST /~j15322sn/wp-cron.php?doing_wp_cron=1517897857.5143759250640869140625 HTTP/1.1" 200 - "http://www7.dbi.tuis.ac.jp/~j15322sn/wp-cron.php?doing_wp_cron=1517897857.5143759250640869140625" "WordPress/4.9.1; http://www7.dbi.tuis.ac.jp/~j15322sn"
::1 - - [06/Feb/2018:15:17:46 +0900] "OPTIONS * HTTP/1.0" 200 - "-" "Apache/2.4.6 (CentOS) OpenSSL/1.0.2k-fips mod_fcgid/2.3.9 PHP/5.4.16 mod_wsgi/3.4 Python/2.7.5 (internal dummy connection)"
::1 - - [06/Feb/2018:15:17:47 +0900] "OPTIONS * HTTP/1.0" 200 - "-" "Apache/2.4.6 (CentOS) OpenSSL/1.0.2k-fips mod_fcgid/2.3.9 PHP/5.4.16 mod_wsgi/3.4 Python/2.7.5 (internal dummy connection)"
::1 - - [06/Feb/2018:15:17:48 +0900] "OPTIONS * HTTP/1.0" 200 - "-" "Apache/2.4.6 (CentOS) OpenSSL/1.0.2k-fips mod_fcgid/2.3.9 PHP/5.4.16 mod_wsgi/3.4 Python/2.7.5 (internal dummy connection)"
172.22.43.66 - kyoshi [06/Feb/2018:15:17:58 +0900] "GET /~j15322sn/?p=44 HTTP/1.1" 200 26355 "http://www7.dbi.tuis.ac.jp/~j15322sn/" "Mozilla/5.0 (Windows NT 10.0; Win64; x64) AppleWebKit/537.36 (KHTML, like Gecko) Chrome/63.0.3239.132 Safari/537.36"
172.22.43.66 - - [06/Feb/2018:15:17:58 +0900] "GET /~j15322sn/wp-includes/js/comment-reply.min.js?ver=4.9.1 HTTP/1.1" 200 1078 "http://www7.dbi.tuis.ac.jp/~j15322sn/?p=44" "Mozilla/5.0 (Windows NT 10.0; Win64; x64) AppleWebKit/537.36 (KHTML, like Gecko) Chrome/63.0.3239.132 Safari/537.36"
172.22.43.66 - kyoshi [06/Feb/2018:15:18:40 +0900] "GET /~j15322sn/ HTTP/1.1" 200 32729 "http://www7.dbi.tuis.ac.jp/~j15322sn/?p=44" "Mozilla/5.0 (Windows NT 10.0; Win64; x64) AppleWebKit/537.36 (KHTML, like Gecko) Chrome/63.0.3239.132 Safari/537.36"
172.22.43.66 - - [06/Feb/2018:15:18:42 +0900] "GET /~j15322sn/wp-content/uploads/2018/01/link2017.csv-1.png HTTP/1.1" 200 62623 "http://www7.dbi.tuis.ac.jp/~j15322sn/?p=126" "Mozilla/5.0 (Windows NT 10.0; Win64; x64) AppleWebKit/537.36 (KHTML, like Gecko) Chrome/63.0.3239.132 Safari/537.36"
172.22.43.66 - kyoshi [06/Feb/2018:15:18:42 +0900] "GET /~j15322sn/?p=126 HTTP/1.1" 200 27011 "http://www7.dbi.tuis.ac.jp/~j15322sn/" "Mozilla/5.0 (Windows NT 10.0; Win64; x64) AppleWebKit/537.36 (KHTML, like Gecko) Chrome/63.0.3239.132 Safari/537.36"
172.22.43.66 - - [06/Feb/2018:15:19:08 +0900] "GET /~j15326an HTTP/1.1" 301 245 "http://www7.dbi.tuis.ac.jp/wm2017.php" "Mozilla/5.0 (Windows NT 10.0; Win64; x64) AppleWebKit/537.36 (KHTML, like Gecko) Chrome/63.0.3239.132 Safari/537.36"
172.22.43.66 - - [06/Feb/2018:15:19:09 +0900] "GET /~j15326an/wp-content/themes/twentysixteen/genericons/genericons.css?ver=3.4.1 HTTP/1.1" 200 28266 "http://www7.dbi.tuis.ac.jp/~j15326an/" "Mozilla/5.0 (Windows NT 10.0; Win64; x64) AppleWebKit/537.36 (KHTML, like Gecko) Chrome/63.0.3239.132 Safari/537.36"
172.22.43.66 - - [06/Feb/2018:15:19:09 +0900] "GET /~j15326an/wp-content/themes/twentysixteen/style.css?ver=4.8.2 HTTP/1.1" 200 69779 "http://www7.dbi.tuis.ac.jp/~j15326an/" "Mozilla/5.0 (Windows NT 10.0; Win64; x64) AppleWebKit/537.36 (KHTML, like Gecko) Chrome/63.0.3239.132 Safari/537.36"
172.22.43.66 - - [06/Feb/2018:15:19:09 +0900] "GET /~j15326an/wp-includes/js/jquery/jquery.js?ver=1.12.4 HTTP/1.1" 200 97184 "http://www7.dbi.tuis.ac.jp/~j15326an/" "Mozilla/5.0 (Windows NT 10.0; Win64; x64) AppleWebKit/537.36 (KHTML, like Gecko) Chrome/63.0.3239.132 Safari/537.36"
172.22.43.66 - - [06/Feb/2018:15:19:09 +0900] "GET /~j15326an/wp-includes/js/jquery/jquery-migrate.min.js?ver=1.4.1 HTTP/1.1" 200 10056 "http://www7.dbi.tuis.ac.jp/~j15326an/" "Mozilla/5.0 (Windows NT 10.0; Win64; x64) AppleWebKit/537.36 (KHTML, like Gecko) Chrome/63.0.3239.132 Safari/537.36"
172.22.43.66 - - [06/Feb/2018:15:19:09 +0900] "GET /~j15326an/wp-content/uploads/2018/01/%E7%84%A1%E9%A1%8C-300x170.png HTTP/1.1" 200 28961 "http://www7.dbi.tuis.ac.jp/~j15326an/" "Mozilla/5.0 (Windows NT 10.0; Win64; x64) AppleWebKit/537.36 (KHTML, like Gecko) Chrome/63.0.3239.132 Safari/537.36"
172.22.43.66 - kyoshi [06/Feb/2018:15:19:08 +0900] "GET /~j15326an/ HTTP/1.1" 200 31675 "http://www7.dbi.tuis.ac.jp/wm2017.php" "Mozilla/5.0 (Windows NT 10.0; Win64; x64) AppleWebKit/537.36 (KHTML, like Gecko) Chrome/63.0.3239.132 Safari/537.36"
172.22.43.66 - - [06/Feb/2018:15:19:09 +0900] "GET /~j15326an/wp-includes/js/wp-emoji-release.min.js?ver=4.8.2 HTTP/1.1" 200 11915 "http://www7.dbi.tuis.ac.jp/~j15326an/" "Mozilla/5.0 (Windows NT 10.0; Win64; x64) AppleWebKit/537.36 (KHTML, like Gecko) Chrome/63.0.3239.132 Safari/537.36"
172.22.43.66 - - [06/Feb/2018:15:19:09 +0900] "GET /~j15326an/wp-content/themes/twentysixteen/js/skip-link-focus-fix.js?ver=20160816 HTTP/1.1" 200 1059 "http://www7.dbi.tuis.ac.jp/~j15326an/" "Mozilla/5.0 (Windows NT 10.0; Win64; x64) AppleWebKit/537.36 (KHTML, like Gecko) Chrome/63.0.3239.132 Safari/537.36"
172.22.43.66 - - [06/Feb/2018:15:19:09 +0900] "GET /~j15326an/wp-content/themes/twentysixteen/js/functions.js?ver=20160816 HTTP/1.1" 200 6820 "http://www7.dbi.tuis.ac.jp/~j15326an/" "Mozilla/5.0 (Windows NT 10.0; Win64; x64) AppleWebKit/537.36 (KHTML, like Gecko) Chrome/63.0.3239.132 Safari/537.36"
172.22.43.66 - - [06/Feb/2018:15:19:09 +0900] "GET /~j15326an/wp-includes/js/wp-embed.min.js?ver=4.8.2 HTTP/1.1" 200 1398 "http://www7.dbi.tuis.ac.jp/~j15326an/" "Mozilla/5.0 (Windows NT 10.0; Win64; x64) AppleWebKit/537.36 (KHTML, like Gecko) Chrome/63.0.3239.132 Safari/537.36"
172.22.43.66 - kyoshi [06/Feb/2018:15:19:15 +0900] "GET /~j15326an/?page_id=37 HTTP/1.1" 200 13631 "http://www7.dbi.tuis.ac.jp/~j15326an/" "Mozilla/5.0 (Windows NT 10.0; Win64; x64) AppleWebKit/537.36 (KHTML, like Gecko) Chrome/63.0.3239.132 Safari/537.36"
202.26.151.7 - - [06/Feb/2018:15:19:08 +0900] "POST /~j15326an/wp-cron.php?doing_wp_cron=1517897948.3149609565734863281250 HTTP/1.1" 200 - "http://www7.dbi.tuis.ac.jp/~j15326an/wp-cron.php?doing_wp_cron=1517897948.3149609565734863281250" "WordPress/4.8.2; http://www7.dbi.tuis.ac.jp/~j15326an"
172.22.43.66 - kyoshi [06/Feb/2018:15:19:17 +0900] "GET /~j15326an/?page_id=19 HTTP/1.1" 200 13709 "http://www7.dbi.tuis.ac.jp/~j15326an/?page_id=37" "Mozilla/5.0 (Windows NT 10.0; Win64; x64) AppleWebKit/537.36 (KHTML, like Gecko) Chrome/63.0.3239.132 Safari/537.36"
172.22.43.66 - kyoshi [06/Feb/2018:15:19:18 +0900] "GET /~j15326an/?page_id=29 HTTP/1.1" 200 13637 "http://www7.dbi.tuis.ac.jp/~j15326an/?page_id=19" "Mozilla/5.0 (Windows NT 10.0; Win64; x64) AppleWebKit/537.36 (KHTML, like Gecko) Chrome/63.0.3239.132 Safari/537.36"
172.22.43.66 - kyoshi [06/Feb/2018:15:19:22 +0900] "GET /~j15326an/ HTTP/1.1" 200 31675 "http://www7.dbi.tuis.ac.jp/~j15326an/?page_id=29" "Mozilla/5.0 (Windows NT 10.0; Win64; x64) AppleWebKit/537.36 (KHTML, like Gecko) Chrome/63.0.3239.132 Safari/537.36"
::1 - - [06/Feb/2018:15:19:30 +0900] "OPTIONS * HTTP/1.0" 200 - "-" "Apache/2.4.6 (CentOS) OpenSSL/1.0.2k-fips mod_fcgid/2.3.9 PHP/5.4.16 mod_wsgi/3.4 Python/2.7.5 (internal dummy connection)"
172.22.43.66 - kyoshi [06/Feb/2018:15:19:34 +0900] "GET /~j15326an/?p=74 HTTP/1.1" 200 18414 "http://www7.dbi.tuis.ac.jp/~j15326an/" "Mozilla/5.0 (Windows NT 10.0; Win64; x64) AppleWebKit/537.36 (KHTML, like Gecko) Chrome/63.0.3239.132 Safari/537.36"
