172.22.43.66 - - [06/Feb/2018:15:06:02 +0900] "GET /~j15276yt/wp-includes/js/wp-embed.min.js?ver=4.8.2 HTTP/1.1" 200 1398 "http://www7.dbi.tuis.ac.jp/~j15276yt/" "Mozilla/5.0 (Windows NT 10.0; Win64; x64) AppleWebKit/537.36 (KHTML, like Gecko) Chrome/63.0.3239.132 Safari/537.36"
172.22.43.66 - kyoshi [06/Feb/2018:15:06:06 +0900] "GET /~j15276yt/?page_id=104 HTTP/1.1" 200 18477 "http://www7.dbi.tuis.ac.jp/~j15276yt/" "Mozilla/5.0 (Windows NT 10.0; Win64; x64) AppleWebKit/537.36 (KHTML, like Gecko) Chrome/63.0.3239.132 Safari/537.36"
202.26.151.7 - - [06/Feb/2018:15:06:01 +0900] "POST /~j15276yt/wp-cron.php?doing_wp_cron=1517897161.6251530647277832031250 HTTP/1.1" 200 - "http://www7.dbi.tuis.ac.jp/~j15276yt/wp-cron.php?doing_wp_cron=1517897161.6251530647277832031250" "WordPress/4.8.2; http://www7.dbi.tuis.ac.jp/~j15276yt"
172.22.43.66 - kyoshi [06/Feb/2018:15:06:07 +0900] "GET /~j15276yt/?page_id=184 HTTP/1.1" 200 18417 "http://www7.dbi.tuis.ac.jp/~j15276yt/?page_id=104" "Mozilla/5.0 (Windows NT 10.0; Win64; x64) AppleWebKit/537.36 (KHTML, like Gecko) Chrome/63.0.3239.132 Safari/537.36"
::1 - - [06/Feb/2018:15:06:08 +0900] "OPTIONS * HTTP/1.0" 200 - "-" "Apache/2.4.6 (CentOS) OpenSSL/1.0.2k-fips mod_fcgid/2.3.9 PHP/5.4.16 mod_wsgi/3.4 Python/2.7.5 (internal dummy connection)"
::1 - - [06/Feb/2018:15:06:09 +0900] "OPTIONS * HTTP/1.0" 200 - "-" "Apache/2.4.6 (CentOS) OpenSSL/1.0.2k-fips mod_fcgid/2.3.9 PHP/5.4.16 mod_wsgi/3.4 Python/2.7.5 (internal dummy connection)"
::1 - - [06/Feb/2018:15:06:15 +0900] "OPTIONS * HTTP/1.0" 200 - "-" "Apache/2.4.6 (CentOS) OpenSSL/1.0.2k-fips mod_fcgid/2.3.9 PHP/5.4.16 mod_wsgi/3.4 Python/2.7.5 (internal dummy connection)"
172.22.43.66 - kyoshi [06/Feb/2018:15:06:23 +0900] "GET /~j15276yt/?m=201711 HTTP/1.1" 200 23508 "http://www7.dbi.tuis.ac.jp/~j15276yt/?page_id=184" "Mozilla/5.0 (Windows NT 10.0; Win64; x64) AppleWebKit/537.36 (KHTML, like Gecko) Chrome/63.0.3239.132 Safari/537.36"
172.22.43.66 - kyoshi [06/Feb/2018:15:06:29 +0900] "GET /~j15276yt/?p=40 HTTP/1.1" 200 23216 "http://www7.dbi.tuis.ac.jp/~j15276yt/?m=201711" "Mozilla/5.0 (Windows NT 10.0; Win64; x64) AppleWebKit/537.36 (KHTML, like Gecko) Chrome/63.0.3239.132 Safari/537.36"
172.22.43.66 - - [06/Feb/2018:15:06:30 +0900] "GET /~j15276yt/wp-includes/js/comment-reply.min.js?ver=4.8.2 HTTP/1.1" 200 1078 "http://www7.dbi.tuis.ac.jp/~j15276yt/?p=40" "Mozilla/5.0 (Windows NT 10.0; Win64; x64) AppleWebKit/537.36 (KHTML, like Gecko) Chrome/63.0.3239.132 Safari/537.36"
172.22.43.66 - kyoshi [06/Feb/2018:15:06:37 +0900] "GET /~j15276yt/ HTTP/1.1" 200 32044 "http://www7.dbi.tuis.ac.jp/~j15276yt/?p=40" "Mozilla/5.0 (Windows NT 10.0; Win64; x64) AppleWebKit/537.36 (KHTML, like Gecko) Chrome/63.0.3239.132 Safari/537.36"
172.22.43.66 - kyoshi [06/Feb/2018:15:06:42 +0900] "GET /~j15276yt/?p=208 HTTP/1.1" 200 22954 "http://www7.dbi.tuis.ac.jp/~j15276yt/" "Mozilla/5.0 (Windows NT 10.0; Win64; x64) AppleWebKit/537.36 (KHTML, like Gecko) Chrome/63.0.3239.132 Safari/537.36"
172.22.43.66 - kyoshi [06/Feb/2018:15:06:46 +0900] "GET /~j15276yt/?p=212 HTTP/1.1" 200 24211 "http://www7.dbi.tuis.ac.jp/~j15276yt/" "Mozilla/5.0 (Windows NT 10.0; Win64; x64) AppleWebKit/537.36 (KHTML, like Gecko) Chrome/63.0.3239.132 Safari/537.36"
172.22.43.66 - - [06/Feb/2018:15:06:46 +0900] "GET /~j15276yt/wp-content/uploads/2018/01/%E3%82%B9%E3%82%AF%E3%83%AA%E3%83%BC%E3%83%B3%E3%82%B7%E3%83%A7%E3%83%83%E3%83%88-1-1024x469.png HTTP/1.1" 200 345257 "http://www7.dbi.tuis.ac.jp/~j15276yt/?p=212" "Mozilla/5.0 (Windows NT 10.0; Win64; x64) AppleWebKit/537.36 (KHTML, like Gecko) Chrome/63.0.3239.132 Safari/537.36"
172.22.43.66 - - [06/Feb/2018:15:07:36 +0900] "GET /~j15280kt HTTP/1.1" 301 245 "http://www7.dbi.tuis.ac.jp/wm2017.php" "Mozilla/5.0 (Windows NT 10.0; Win64; x64) AppleWebKit/537.36 (KHTML, like Gecko) Chrome/63.0.3239.132 Safari/537.36"
172.22.43.66 - - [06/Feb/2018:15:07:37 +0900] "GET /~j15280kt/wp-content/themes/zoom-lite/style.css?ver=1.0.0.53 HTTP/1.1" 200 2231 "http://www7.dbi.tuis.ac.jp/~j15280kt/" "Mozilla/5.0 (Windows NT 10.0; Win64; x64) AppleWebKit/537.36 (KHTML, like Gecko) Chrome/63.0.3239.132 Safari/537.36"
172.22.43.66 - - [06/Feb/2018:15:07:37 +0900] "GET /~j15280kt/wp-includes/js/wp-emoji-release.min.js?ver=4.8.2 HTTP/1.1" 200 11915 "http://www7.dbi.tuis.ac.jp/~j15280kt/" "Mozilla/5.0 (Windows NT 10.0; Win64; x64) AppleWebKit/537.36 (KHTML, like Gecko) Chrome/63.0.3239.132 Safari/537.36"
172.22.43.66 - - [06/Feb/2018:15:07:37 +0900] "GET /~j15280kt/wp-content/themes/zoom-lite/assets/css/main.min.css?ver=1.0.0.53 HTTP/1.1" 200 52732 "http://www7.dbi.tuis.ac.jp/~j15280kt/" "Mozilla/5.0 (Windows NT 10.0; Win64; x64) AppleWebKit/537.36 (KHTML, like Gecko) Chrome/63.0.3239.132 Safari/537.36"
172.22.43.66 - - [06/Feb/2018:15:07:37 +0900] "GET /~j15280kt/wp-includes/js/jquery/jquery.js?ver=1.12.4 HTTP/1.1" 200 97184 "http://www7.dbi.tuis.ac.jp/~j15280kt/" "Mozilla/5.0 (Windows NT 10.0; Win64; x64) AppleWebKit/537.36 (KHTML, like Gecko) Chrome/63.0.3239.132 Safari/537.36"
172.22.43.66 - - [06/Feb/2018:15:07:37 +0900] "GET /~j15280kt/wp-includes/js/jquery/jquery-migrate.min.js?ver=1.4.1 HTTP/1.1" 200 10056 "http://www7.dbi.tuis.ac.jp/~j15280kt/" "Mozilla/5.0 (Windows NT 10.0; Win64; x64) AppleWebKit/537.36 (KHTML, like Gecko) Chrome/63.0.3239.132 Safari/537.36"
172.22.43.66 - - [06/Feb/2018:15:07:37 +0900] "GET /~j15280kt/wp-content/themes/zoom-lite/assets/css/menu-mobile.css?ver=1.0.0.53 HTTP/1.1" 200 4885 "http://www7.dbi.tuis.ac.jp/~j15280kt/" "Mozilla/5.0 (Windows NT 10.0; Win64; x64) AppleWebKit/537.36 (KHTML, like Gecko) Chrome/63.0.3239.132 Safari/537.36"
172.22.43.66 - - [06/Feb/2018:15:07:37 +0900] "GET /~j15280kt/wp-content/themes/zoom-lite/assets/css/media-queries.css?ver=1.0.0.53 HTTP/1.1" 200 10174 "http://www7.dbi.tuis.ac.jp/~j15280kt/" "Mozilla/5.0 (Windows NT 10.0; Win64; x64) AppleWebKit/537.36 (KHTML, like Gecko) Chrome/63.0.3239.132 Safari/537.36"
172.22.43.66 - - [06/Feb/2018:15:07:37 +0900] "GET /~j15280kt/wp-content/themes/zoom-lite/assets/js/zoom-theme.js?ver=4.8.2 HTTP/1.1" 200 10257 "http://www7.dbi.tuis.ac.jp/~j15280kt/" "Mozilla/5.0 (Windows NT 10.0; Win64; x64) AppleWebKit/537.36 (KHTML, like Gecko) Chrome/63.0.3239.132 Safari/537.36"
172.22.43.66 - - [06/Feb/2018:15:07:37 +0900] "GET /~j15280kt/wp-content/themes/zoom-lite/assets/css/iconfonts/fontawesome/font-awesome.css?ver=4.7.0 HTTP/1.1" 200 39727 "http://www7.dbi.tuis.ac.jp/~j15280kt/" "Mozilla/5.0 (Windows NT 10.0; Win64; x64) AppleWebKit/537.36 (KHTML, like Gecko) Chrome/63.0.3239.132 Safari/537.36"
172.22.43.66 - - [06/Feb/2018:15:07:37 +0900] "GET /~j15280kt/wp-content/uploads/2017/12/cropped-IMG_7797-1.jpg HTTP/1.1" 200 67791 "http://www7.dbi.tuis.ac.jp/~j15280kt/" "Mozilla/5.0 (Windows NT 10.0; Win64; x64) AppleWebKit/537.36 (KHTML, like Gecko) Chrome/63.0.3239.132 Safari/537.36"
172.22.43.66 - kyoshi [06/Feb/2018:15:07:36 +0900] "GET /~j15280kt/ HTTP/1.1" 200 61003 "http://www7.dbi.tuis.ac.jp/wm2017.php" "Mozilla/5.0 (Windows NT 10.0; Win64; x64) AppleWebKit/537.36 (KHTML, like Gecko) Chrome/63.0.3239.132 Safari/537.36"
172.22.43.66 - - [06/Feb/2018:15:07:37 +0900] "GET /~j15280kt/wp-content/themes/zoom-lite/assets/lib/bower/plugins/jquery.scrollup.js?ver=4.8.2 HTTP/1.1" 200 5531 "http://www7.dbi.tuis.ac.jp/~j15280kt/" "Mozilla/5.0 (Windows NT 10.0; Win64; x64) AppleWebKit/537.36 (KHTML, like Gecko) Chrome/63.0.3239.132 Safari/537.36"
172.22.43.66 - - [06/Feb/2018:15:07:37 +0900] "GET /~j15280kt/wp-content/themes/zoom-lite/assets/images/misc/placeholder/thumb-medium.png HTTP/1.1" 200 1058 "http://www7.dbi.tuis.ac.jp/~j15280kt/" "Mozilla/5.0 (Windows NT 10.0; Win64; x64) AppleWebKit/537.36 (KHTML, like Gecko) Chrome/63.0.3239.132 Safari/537.36"
172.22.43.66 - - [06/Feb/2018:15:07:37 +0900] "GET /~j15280kt/wp-content/themes/zoom-lite/assets/css/iconfonts/fontawesome/font/fontawesome-webfont.woff2?v=4.7.0 HTTP/1.1" 200 77160 "http://www7.dbi.tuis.ac.jp/~j15280kt/wp-content/themes/zoom-lite/assets/css/iconfonts/fontawesome/font-awesome.css?ver=4.7.0" "Mozilla/5.0 (Windows NT 10.0; Win64; x64) AppleWebKit/537.36 (KHTML, like Gecko) Chrome/63.0.3239.132 Safari/537.36"
172.22.43.66 - - [06/Feb/2018:15:07:37 +0900] "GET /~j15280kt/wp-includes/js/wp-embed.min.js?ver=4.8.2 HTTP/1.1" 200 1398 "http://www7.dbi.tuis.ac.jp/~j15280kt/" "Mozilla/5.0 (Windows NT 10.0; Win64; x64) AppleWebKit/537.36 (KHTML, like Gecko) Chrome/63.0.3239.132 Safari/537.36"
172.22.43.66 - - [06/Feb/2018:15:07:37 +0900] "GET /~j15280kt/wp-includes/js/imagesloaded.min.js?ver=3.2.0 HTTP/1.1" 200 7994 "http://www7.dbi.tuis.ac.jp/~j15280kt/" "Mozilla/5.0 (Windows NT 10.0; Win64; x64) AppleWebKit/537.36 (KHTML, like Gecko) Chrome/63.0.3239.132 Safari/537.36"
172.22.43.66 - - [06/Feb/2018:15:07:37 +0900] "GET /~j15280kt/wp-includes/js/masonry.min.js?ver=3.3.2 HTTP/1.1" 200 28954 "http://www7.dbi.tuis.ac.jp/~j15280kt/" "Mozilla/5.0 (Windows NT 10.0; Win64; x64) AppleWebKit/537.36 (KHTML, like Gecko) Chrome/63.0.3239.132 Safari/537.36"
172.22.43.66 - - [06/Feb/2018:15:07:37 +0900] "GET /~j15280kt/wp-includes/js/jquery/jquery.masonry.min.js?ver=3.1.2b HTTP/1.1" 200 1819 "http://www7.dbi.tuis.ac.jp/~j15280kt/" "Mozilla/5.0 (Windows NT 10.0; Win64; x64) AppleWebKit/537.36 (KHTML, like Gecko) Chrome/63.0.3239.132 Safari/537.36"
172.22.43.66 - - [06/Feb/2018:15:07:37 +0900] "GET /~j15280kt/wp-content/themes/zoom-lite/assets/lib/bower/plugins/sonar/jquery.sonar.min.js?ver=1.0.0.53 HTTP/1.1" 200 1461 "http://www7.dbi.tuis.ac.jp/~j15280kt/" "Mozilla/5.0 (Windows NT 10.0; Win64; x64) AppleWebKit/537.36 (KHTML, like Gecko) Chrome/63.0.3239.132 Safari/537.36"
172.22.43.66 - - [06/Feb/2018:15:07:37 +0900] "GET /~j15280kt/wp-content/themes/zoom-lite/assets/js/zoom-lazyload.js?ver=1.0.0.53 HTTP/1.1" 200 969 "http://www7.dbi.tuis.ac.jp/~j15280kt/" "Mozilla/5.0 (Windows NT 10.0; Win64; x64) AppleWebKit/537.36 (KHTML, like Gecko) Chrome/63.0.3239.132 Safari/537.36"
172.22.43.66 - kyoshi [06/Feb/2018:15:07:40 +0900] "GET /~j15280kt/?page_id=66 HTTP/1.1" 200 28638 "http://www7.dbi.tuis.ac.jp/~j15280kt/" "Mozilla/5.0 (Windows NT 10.0; Win64; x64) AppleWebKit/537.36 (KHTML, like Gecko) Chrome/63.0.3239.132 Safari/537.36"
202.26.151.7 - - [06/Feb/2018:15:07:36 +0900] "POST /~j15280kt/wp-cron.php?doing_wp_cron=1517897256.4286320209503173828125 HTTP/1.1" 200 - "http://www7.dbi.tuis.ac.jp/~j15280kt/wp-cron.php?doing_wp_cron=1517897256.4286320209503173828125" "WordPress/4.8.2; http://www7.dbi.tuis.ac.jp/~j15280kt"
172.22.43.66 - - [06/Feb/2018:15:07:44 +0900] "GET /~j15280kt/wp-content/uploads/2017/12/cropped-cropped-IMG_7671-1.jpg HTTP/1.1" 200 46425 "http://www7.dbi.tuis.ac.jp/~j15280kt/?page_id=71" "Mozilla/5.0 (Windows NT 10.0; Win64; x64) AppleWebKit/537.36 (KHTML, like Gecko) Chrome/63.0.3239.132 Safari/537.36"
172.22.43.66 - kyoshi [06/Feb/2018:15:07:43 +0900] "GET /~j15280kt/?page_id=71 HTTP/1.1" 200 28582 "http://www7.dbi.tuis.ac.jp/~j15280kt/?page_id=66" "Mozilla/5.0 (Windows NT 10.0; Win64; x64) AppleWebKit/537.36 (KHTML, like Gecko) Chrome/63.0.3239.132 Safari/537.36"
::1 - - [06/Feb/2018:15:07:44 +0900] "OPTIONS * HTTP/1.0" 200 - "-" "Apache/2.4.6 (CentOS) OpenSSL/1.0.2k-fips mod_fcgid/2.3.9 PHP/5.4.16 mod_wsgi/3.4 Python/2.7.5 (internal dummy connection)"
172.22.43.66 - kyoshi [06/Feb/2018:15:07:45 +0900] "GET /~j15280kt/?page_id=76 HTTP/1.1" 200 28584 "http://www7.dbi.tuis.ac.jp/~j15280kt/?page_id=71" "Mozilla/5.0 (Windows NT 10.0; Win64; x64) AppleWebKit/537.36 (KHTML, like Gecko) Chrome/63.0.3239.132 Safari/537.36"
::1 - - [06/Feb/2018:15:07:51 +0900] "OPTIONS * HTTP/1.0" 200 - "-" "Apache/2.4.6 (CentOS) OpenSSL/1.0.2k-fips mod_fcgid/2.3.9 PHP/5.4.16 mod_wsgi/3.4 Python/2.7.5 (internal dummy connection)"
::1 - - [06/Feb/2018:15:07:52 +0900] "OPTIONS * HTTP/1.0" 200 - "-" "Apache/2.4.6 (CentOS) OpenSSL/1.0.2k-fips mod_fcgid/2.3.9 PHP/5.4.16 mod_wsgi/3.4 Python/2.7.5 (internal dummy connection)"
172.22.43.66 - kyoshi [06/Feb/2018:15:08:13 +0900] "GET /~j15280kt/?m=201711 HTTP/1.1" 200 39552 "http://www7.dbi.tuis.ac.jp/~j15280kt/?page_id=76" "Mozilla/5.0 (Windows NT 10.0; Win64; x64) AppleWebKit/537.36 (KHTML, like Gecko) Chrome/63.0.3239.132 Safari/537.36"
172.22.43.66 - kyoshi [06/Feb/2018:15:08:18 +0900] "GET /~j15280kt/?p=27 HTTP/1.1" 200 35237 "http://www7.dbi.tuis.ac.jp/~j15280kt/?m=201711" "Mozilla/5.0 (Windows NT 10.0; Win64; x64) AppleWebKit/537.36 (KHTML, like Gecko) Chrome/63.0.3239.132 Safari/537.36"
172.22.43.66 - - [06/Feb/2018:15:08:18 +0900] "GET /~j15280kt/wp-includes/js/comment-reply.min.js?ver=4.8.2 HTTP/1.1" 200 1078 "http://www7.dbi.tuis.ac.jp/~j15280kt/?p=27" "Mozilla/5.0 (Windows NT 10.0; Win64; x64) AppleWebKit/537.36 (KHTML, like Gecko) Chrome/63.0.3239.132 Safari/537.36"
172.22.43.66 - kyoshi [06/Feb/2018:15:08:36 +0900] "GET /~j15280kt/ HTTP/1.1" 200 61011 "http://www7.dbi.tuis.ac.jp/~j15280kt/?p=27" "Mozilla/5.0 (Windows NT 10.0; Win64; x64) AppleWebKit/537.36 (KHTML, like Gecko) Chrome/63.0.3239.132 Safari/537.36"
172.22.43.66 - - [06/Feb/2018:15:08:37 +0900] "GET /~j15280kt/wp-content/uploads/2018/01/web20180126png.png HTTP/1.1" 200 45526 "http://www7.dbi.tuis.ac.jp/~j15280kt/?p=199" "Mozilla/5.0 (Windows NT 10.0; Win64; x64) AppleWebKit/537.36 (KHTML, like Gecko) Chrome/63.0.3239.132 Safari/537.36"
172.22.43.66 - kyoshi [06/Feb/2018:15:08:37 +0900] "GET /~j15280kt/?p=199 HTTP/1.1" 200 36988 "http://www7.dbi.tuis.ac.jp/~j15280kt/" "Mozilla/5.0 (Windows NT 10.0; Win64; x64) AppleWebKit/537.36 (KHTML, like Gecko) Chrome/63.0.3239.132 Safari/537.36"
172.22.43.66 - - [06/Feb/2018:15:09:12 +0900] "GET /~j15293tt HTTP/1.1" 301 245 "http://www7.dbi.tuis.ac.jp/wm2017.php" "Mozilla/5.0 (Windows NT 10.0; Win64; x64) AppleWebKit/537.36 (KHTML, like Gecko) Chrome/63.0.3239.132 Safari/537.36"
172.22.43.66 - - [06/Feb/2018:15:09:14 +0900] "GET /~j15293tt/wp-content/themes/easyblog/css/bootstrap.min.css?ver=3.3.5 HTTP/1.1" 200 32783 "http://www7.dbi.tuis.ac.jp/~j15293tt/" "Mozilla/5.0 (Windows NT 10.0; Win64; x64) AppleWebKit/537.36 (KHTML, like Gecko) Chrome/63.0.3239.132 Safari/537.36"
172.22.43.66 - - [06/Feb/2018:15:09:14 +0900] "GET /~j15293tt/wp-content/themes/easyblog/css/font-awesome.min.css?ver=4.4.0 HTTP/1.1" 200 26711 "http://www7.dbi.tuis.ac.jp/~j15293tt/" "Mozilla/5.0 (Windows NT 10.0; Win64; x64) AppleWebKit/537.36 (KHTML, like Gecko) Chrome/63.0.3239.132 Safari/537.36"
172.22.43.66 - - [06/Feb/2018:15:09:14 +0900] "GET /~j15293tt/wp-content/themes/easyblog/style.css?ver=4.8.2 HTTP/1.1" 200 26662 "http://www7.dbi.tuis.ac.jp/~j15293tt/" "Mozilla/5.0 (Windows NT 10.0; Win64; x64) AppleWebKit/537.36 (KHTML, like Gecko) Chrome/63.0.3239.132 Safari/537.36"
172.22.43.66 - - [06/Feb/2018:15:09:14 +0900] "GET /~j15293tt/wp-includes/js/jquery/jquery-migrate.min.js?ver=1.4.1 HTTP/1.1" 200 10056 "http://www7.dbi.tuis.ac.jp/~j15293tt/" "Mozilla/5.0 (Windows NT 10.0; Win64; x64) AppleWebKit/537.36 (KHTML, like Gecko) Chrome/63.0.3239.132 Safari/537.36"
172.22.43.66 - - [06/Feb/2018:15:09:14 +0900] "GET /~j15293tt/wp-includes/js/jquery/jquery.js?ver=1.12.4 HTTP/1.1" 200 97184 "http://www7.dbi.tuis.ac.jp/~j15293tt/" "Mozilla/5.0 (Windows NT 10.0; Win64; x64) AppleWebKit/537.36 (KHTML, like Gecko) Chrome/63.0.3239.132 Safari/537.36"
172.22.43.66 - kyoshi [06/Feb/2018:15:09:12 +0900] "GET /~j15293tt/ HTTP/1.1" 200 21827 "http://www7.dbi.tuis.ac.jp/wm2017.php" "Mozilla/5.0 (Windows NT 10.0; Win64; x64) AppleWebKit/537.36 (KHTML, like Gecko) Chrome/63.0.3239.132 Safari/537.36"
172.22.43.66 - - [06/Feb/2018:15:09:14 +0900] "GET /~j15293tt/wp-content/themes/easyblog/js/custom.js?ver=4.8.2 HTTP/1.1" 200 1028 "http://www7.dbi.tuis.ac.jp/~j15293tt/" "Mozilla/5.0 (Windows NT 10.0; Win64; x64) AppleWebKit/537.36 (KHTML, like Gecko) Chrome/63.0.3239.132 Safari/537.36"
172.22.43.66 - - [06/Feb/2018:15:09:14 +0900] "GET /~j15293tt/wp-includes/js/wp-embed.min.js?ver=4.8.2 HTTP/1.1" 200 1398 "http://www7.dbi.tuis.ac.jp/~j15293tt/" "Mozilla/5.0 (Windows NT 10.0; Win64; x64) AppleWebKit/537.36 (KHTML, like Gecko) Chrome/63.0.3239.132 Safari/537.36"
172.22.43.66 - - [06/Feb/2018:15:09:14 +0900] "GET /~j15293tt/wp-includes/js/wp-emoji-release.min.js?ver=4.8.2 HTTP/1.1" 200 11915 "http://www7.dbi.tuis.ac.jp/~j15293tt/" "Mozilla/5.0 (Windows NT 10.0; Win64; x64) AppleWebKit/537.36 (KHTML, like Gecko) Chrome/63.0.3239.132 Safari/537.36"
172.22.43.66 - - [06/Feb/2018:15:09:14 +0900] "GET /~j15293tt/wp-content/themes/easyblog/fonts/fontawesome-webfont.woff2?v=4.4.0 HTTP/1.1" 200 64464 "http://www7.dbi.tuis.ac.jp/~j15293tt/wp-content/themes/easyblog/css/font-awesome.min.css?ver=4.4.0" "Mozilla/5.0 (Windows NT 10.0; Win64; x64) AppleWebKit/537.36 (KHTML, like Gecko) Chrome/63.0.3239.132 Safari/537.36"
202.26.151.7 - - [06/Feb/2018:15:09:12 +0900] "POST /~j15293tt/wp-cron.php?doing_wp_cron=1517897352.9665129184722900390625 HTTP/1.1" 200 - "http://www7.dbi.tuis.ac.jp/~j15293tt/wp-cron.php?doing_wp_cron=1517897352.9665129184722900390625" "WordPress/4.8.2; http://www7.dbi.tuis.ac.jp/~j15293tt"
172.22.43.66 - kyoshi [06/Feb/2018:15:09:21 +0900] "GET /~j15293tt/?page_id=71 HTTP/1.1" 200 13742 "http://www7.dbi.tuis.ac.jp/~j15293tt/" "Mozilla/5.0 (Windows NT 10.0; Win64; x64) AppleWebKit/537.36 (KHTML, like Gecko) Chrome/63.0.3239.132 Safari/537.36"
::1 - - [06/Feb/2018:15:09:21 +0900] "OPTIONS * HTTP/1.0" 200 - "-" "Apache/2.4.6 (CentOS) OpenSSL/1.0.2k-fips mod_fcgid/2.3.9 PHP/5.4.16 mod_wsgi/3.4 Python/2.7.5 (internal dummy connection)"
::1 - - [06/Feb/2018:15:09:22 +0900] "OPTIONS * HTTP/1.0" 200 - "-" "Apache/2.4.6 (CentOS) OpenSSL/1.0.2k-fips mod_fcgid/2.3.9 PHP/5.4.16 mod_wsgi/3.4 Python/2.7.5 (internal dummy connection)"
172.22.43.66 - kyoshi [06/Feb/2018:15:09:24 +0900] "GET /~j15293tt/?page_id=85 HTTP/1.1" 200 14133 "http://www7.dbi.tuis.ac.jp/~j15293tt/?page_id=71" "Mozilla/5.0 (Windows NT 10.0; Win64; x64) AppleWebKit/537.36 (KHTML, like Gecko) Chrome/63.0.3239.132 Safari/537.36"
172.22.43.66 - kyoshi [06/Feb/2018:15:09:29 +0900] "GET /~j15293tt/ HTTP/1.1" 200 21827 "http://www7.dbi.tuis.ac.jp/~j15293tt/?page_id=85" "Mozilla/5.0 (Windows NT 10.0; Win64; x64) AppleWebKit/537.36 (KHTML, like Gecko) Chrome/63.0.3239.132 Safari/537.36"
172.22.43.66 - kyoshi [06/Feb/2018:15:09:31 +0900] "GET /~j15293tt/?page_id=83 HTTP/1.1" 200 13760 "http://www7.dbi.tuis.ac.jp/~j15293tt/" "Mozilla/5.0 (Windows NT 10.0; Win64; x64) AppleWebKit/537.36 (KHTML, like Gecko) Chrome/63.0.3239.132 Safari/537.36"
172.22.43.66 - kyoshi [06/Feb/2018:15:09:33 +0900] "GET /~j15293tt/ HTTP/1.1" 200 21827 "http://www7.dbi.tuis.ac.jp/~j15293tt/?page_id=83" "Mozilla/5.0 (Windows NT 10.0; Win64; x64) AppleWebKit/537.36 (KHTML, like Gecko) Chrome/63.0.3239.132 Safari/537.36"
::1 - - [06/Feb/2018:15:09:40 +0900] "OPTIONS * HTTP/1.0" 200 - "-" "Apache/2.4.6 (CentOS) OpenSSL/1.0.2k-fips mod_fcgid/2.3.9 PHP/5.4.16 mod_wsgi/3.4 Python/2.7.5 (internal dummy connection)"
172.22.43.66 - kyoshi [06/Feb/2018:15:09:41 +0900] "GET /~j15293tt/?p=170 HTTP/1.1" 200 18518 "http://www7.dbi.tuis.ac.jp/~j15293tt/" "Mozilla/5.0 (Windows NT 10.0; Win64; x64) AppleWebKit/537.36 (KHTML, like Gecko) Chrome/63.0.3239.132 Safari/537.36"
172.22.43.66 - - [06/Feb/2018:15:09:41 +0900] "GET /~j15293tt/wp-content/uploads/2018/01/aiu-300x173.png HTTP/1.1" 200 30996 "http://www7.dbi.tuis.ac.jp/~j15293tt/?p=170" "Mozilla/5.0 (Windows NT 10.0; Win64; x64) AppleWebKit/537.36 (KHTML, like Gecko) Chrome/63.0.3239.132 Safari/537.36"
172.22.43.66 - - [06/Feb/2018:15:09:41 +0900] "GET /~j15293tt/wp-content/uploads/2018/01/mede-300x156.png HTTP/1.1" 200 23023 "http://www7.dbi.tuis.ac.jp/~j15293tt/?p=170" "Mozilla/5.0 (Windows NT 10.0; Win64; x64) AppleWebKit/537.36 (KHTML, like Gecko) Chrome/63.0.3239.132 Safari/537.36"
172.22.43.66 - - [06/Feb/2018:15:09:41 +0900] "GET /~j15293tt/wp-includes/js/comment-reply.min.js?ver=4.8.2 HTTP/1.1" 200 1078 "http://www7.dbi.tuis.ac.jp/~j15293tt/?p=170" "Mozilla/5.0 (Windows NT 10.0; Win64; x64) AppleWebKit/537.36 (KHTML, like Gecko) Chrome/63.0.3239.132 Safari/537.36"
172.22.43.66 - - [06/Feb/2018:15:10:05 +0900] "GET /~j15298dt HTTP/1.1" 301 245 "http://www7.dbi.tuis.ac.jp/wm2017.php" "Mozilla/5.0 (Windows NT 10.0; Win64; x64) AppleWebKit/537.36 (KHTML, like Gecko) Chrome/63.0.3239.132 Safari/537.36"
172.22.43.66 - - [06/Feb/2018:15:10:06 +0900] "GET /~j15298dt/wp-content/themes/white/style.css?ver=4.8.2 HTTP/1.1" 200 15743 "http://www7.dbi.tuis.ac.jp/~j15298dt/" "Mozilla/5.0 (Windows NT 10.0; Win64; x64) AppleWebKit/537.36 (KHTML, like Gecko) Chrome/63.0.3239.132 Safari/537.36"
172.22.43.66 - - [06/Feb/2018:15:10:06 +0900] "GET /~j15298dt/wp-content/themes/white/assets/frameworks/bootstrap/css/bootstrap.min.css?ver=4.8.2 HTTP/1.1" 200 99961 "http://www7.dbi.tuis.ac.jp/~j15298dt/" "Mozilla/5.0 (Windows NT 10.0; Win64; x64) AppleWebKit/537.36 (KHTML, like Gecko) Chrome/63.0.3239.132 Safari/537.36"
172.22.43.66 - - [06/Feb/2018:15:10:06 +0900] "GET /~j15298dt/wp-content/themes/white/assets/frameworks/font-awesome/css/font-awesome.min.css?ver=4.8.2 HTTP/1.1" 200 20766 "http://www7.dbi.tuis.ac.jp/~j15298dt/" "Mozilla/5.0 (Windows NT 10.0; Win64; x64) AppleWebKit/537.36 (KHTML, like Gecko) Chrome/63.0.3239.132 Safari/537.36"
172.22.43.66 - - [06/Feb/2018:15:10:06 +0900] "GET /~j15298dt/wp-content/themes/white/assets/css/bxslider.css?ver=4.8.2 HTTP/1.1" 200 3836 "http://www7.dbi.tuis.ac.jp/~j15298dt/" "Mozilla/5.0 (Windows NT 10.0; Win64; x64) AppleWebKit/537.36 (KHTML, like Gecko) Chrome/63.0.3239.132 Safari/537.36"
172.22.43.66 - - [06/Feb/2018:15:10:06 +0900] "GET /~j15298dt/wp-content/themes/white/assets/css/main.css?ver=4.8.2 HTTP/1.1" 200 20149 "http://www7.dbi.tuis.ac.jp/~j15298dt/" "Mozilla/5.0 (Windows NT 10.0; Win64; x64) AppleWebKit/537.36 (KHTML, like Gecko) Chrome/63.0.3239.132 Safari/537.36"
172.22.43.66 - - [06/Feb/2018:15:10:06 +0900] "GET /~j15298dt/wp-content/themes/white/assets/css/theme.css?ver=4.8.2 HTTP/1.1" 200 - "http://www7.dbi.tuis.ac.jp/~j15298dt/" "Mozilla/5.0 (Windows NT 10.0; Win64; x64) AppleWebKit/537.36 (KHTML, like Gecko) Chrome/63.0.3239.132 Safari/537.36"
172.22.43.66 - - [06/Feb/2018:15:10:06 +0900] "GET /~j15298dt/wp-includes/js/jquery/jquery.js?ver=1.12.4 HTTP/1.1" 200 97184 "http://www7.dbi.tuis.ac.jp/~j15298dt/" "Mozilla/5.0 (Windows NT 10.0; Win64; x64) AppleWebKit/537.36 (KHTML, like Gecko) Chrome/63.0.3239.132 Safari/537.36"
172.22.43.66 - - [06/Feb/2018:15:10:06 +0900] "GET /~j15298dt/wp-includes/js/jquery/jquery-migrate.min.js?ver=1.4.1 HTTP/1.1" 200 10056 "http://www7.dbi.tuis.ac.jp/~j15298dt/" "Mozilla/5.0 (Windows NT 10.0; Win64; x64) AppleWebKit/537.36 (KHTML, like Gecko) Chrome/63.0.3239.132 Safari/537.36"
172.22.43.66 - - [06/Feb/2018:15:10:06 +0900] "GET /~j15298dt/wp-content/themes/white/assets/frameworks/bootstrap/js/bootstrap.min.js?ver=4.8.2 HTTP/1.1" 200 29110 "http://www7.dbi.tuis.ac.jp/~j15298dt/" "Mozilla/5.0 (Windows NT 10.0; Win64; x64) AppleWebKit/537.36 (KHTML, like Gecko) Chrome/63.0.3239.132 Safari/537.36"
172.22.43.66 - - [06/Feb/2018:15:10:06 +0900] "GET /~j15298dt/wp-content/themes/white/assets/js/bxslider.min.js?ver=4.8.2 HTTP/1.1" 200 19359 "http://www7.dbi.tuis.ac.jp/~j15298dt/" "Mozilla/5.0 (Windows NT 10.0; Win64; x64) AppleWebKit/537.36 (KHTML, like Gecko) Chrome/63.0.3239.132 Safari/537.36"
172.22.43.66 - kyoshi [06/Feb/2018:15:10:05 +0900] "GET /~j15298dt/ HTTP/1.1" 200 25999 "http://www7.dbi.tuis.ac.jp/wm2017.php" "Mozilla/5.0 (Windows NT 10.0; Win64; x64) AppleWebKit/537.36 (KHTML, like Gecko) Chrome/63.0.3239.132 Safari/537.36"
172.22.43.66 - - [06/Feb/2018:15:10:06 +0900] "GET /~j15298dt/wp-content/themes/white/assets/js/transit.min.js?ver=4.8.2 HTTP/1.1" 200 7830 "http://www7.dbi.tuis.ac.jp/~j15298dt/" "Mozilla/5.0 (Windows NT 10.0; Win64; x64) AppleWebKit/537.36 (KHTML, like Gecko) Chrome/63.0.3239.132 Safari/537.36"
172.22.43.66 - - [06/Feb/2018:15:10:06 +0900] "GET /~j15298dt/wp-includes/js/hoverIntent.min.js?ver=1.8.1 HTTP/1.1" 200 1115 "http://www7.dbi.tuis.ac.jp/~j15298dt/" "Mozilla/5.0 (Windows NT 10.0; Win64; x64) AppleWebKit/537.36 (KHTML, like Gecko) Chrome/63.0.3239.132 Safari/537.36"
172.22.43.66 - - [06/Feb/2018:15:10:06 +0900] "GET /~j15298dt/wp-content/themes/white/assets/js/custom.js?ver=4.8.2 HTTP/1.1" 200 1508 "http://www7.dbi.tuis.ac.jp/~j15298dt/" "Mozilla/5.0 (Windows NT 10.0; Win64; x64) AppleWebKit/537.36 (KHTML, like Gecko) Chrome/63.0.3239.132 Safari/537.36"
172.22.43.66 - - [06/Feb/2018:15:10:06 +0900] "GET /~j15298dt/wp-content/themes/white/assets/js/navigation.js?ver=20120206 HTTP/1.1" 200 827 "http://www7.dbi.tuis.ac.jp/~j15298dt/" "Mozilla/5.0 (Windows NT 10.0; Win64; x64) AppleWebKit/537.36 (KHTML, like Gecko) Chrome/63.0.3239.132 Safari/537.36"
172.22.43.66 - - [06/Feb/2018:15:10:06 +0900] "GET /~j15298dt/wp-content/themes/white/assets/js/skip-link-focus-fix.js?ver=20130115 HTTP/1.1" 200 733 "http://www7.dbi.tuis.ac.jp/~j15298dt/" "Mozilla/5.0 (Windows NT 10.0; Win64; x64) AppleWebKit/537.36 (KHTML, like Gecko) Chrome/63.0.3239.132 Safari/537.36"
172.22.43.66 - - [06/Feb/2018:15:10:06 +0900] "GET /~j15298dt/wp-includes/js/wp-embed.min.js?ver=4.8.2 HTTP/1.1" 200 1398 "http://www7.dbi.tuis.ac.jp/~j15298dt/" "Mozilla/5.0 (Windows NT 10.0; Win64; x64) AppleWebKit/537.36 (KHTML, like Gecko) Chrome/63.0.3239.132 Safari/537.36"
172.22.43.66 - - [06/Feb/2018:15:10:06 +0900] "GET /~j15298dt/wp-includes/js/wp-emoji-release.min.js?ver=4.8.2 HTTP/1.1" 200 11915 "http://www7.dbi.tuis.ac.jp/~j15298dt/" "Mozilla/5.0 (Windows NT 10.0; Win64; x64) AppleWebKit/537.36 (KHTML, like Gecko) Chrome/63.0.3239.132 Safari/537.36"
172.22.43.66 - - [06/Feb/2018:15:10:06 +0900] "GET /~j15298dt/wp-content/themes/white/assets/images/placeholder.jpg HTTP/1.1" 200 21500 "http://www7.dbi.tuis.ac.jp/~j15298dt/" "Mozilla/5.0 (Windows NT 10.0; Win64; x64) AppleWebKit/537.36 (KHTML, like Gecko) Chrome/63.0.3239.132 Safari/537.36"
172.22.43.66 - - [06/Feb/2018:15:10:06 +0900] "GET /~j15298dt/wp-content/themes/white/assets/fonts/aleo-light-webfont.woff HTTP/1.1" 200 43148 "http://www7.dbi.tuis.ac.jp/~j15298dt/wp-content/themes/white/assets/css/main.css?ver=4.8.2" "Mozilla/5.0 (Windows NT 10.0; Win64; x64) AppleWebKit/537.36 (KHTML, like Gecko) Chrome/63.0.3239.132 Safari/537.36"
172.22.43.66 - - [06/Feb/2018:15:10:06 +0900] "GET /~j15298dt/wp-content/themes/white/assets/images/pattern3.png HTTP/1.1" 200 28547 "http://www7.dbi.tuis.ac.jp/~j15298dt/wp-content/themes/white/assets/css/main.css?ver=4.8.2" "Mozilla/5.0 (Windows NT 10.0; Win64; x64) AppleWebKit/537.36 (KHTML, like Gecko) Chrome/63.0.3239.132 Safari/537.36"
202.26.151.7 - - [06/Feb/2018:15:10:05 +0900] "POST /~j15298dt/wp-cron.php?doing_wp_cron=1517897405.3496599197387695312500 HTTP/1.1" 200 - "http://www7.dbi.tuis.ac.jp/~j15298dt/wp-cron.php?doing_wp_cron=1517897405.3496599197387695312500" "WordPress/4.8.2; http://www7.dbi.tuis.ac.jp/~j15298dt"
172.22.43.66 - kyoshi [06/Feb/2018:15:10:12 +0900] "GET /~j15298dt/?page_id=60 HTTP/1.1" 200 14029 "http://www7.dbi.tuis.ac.jp/~j15298dt/" "Mozilla/5.0 (Windows NT 10.0; Win64; x64) AppleWebKit/537.36 (KHTML, like Gecko) Chrome/63.0.3239.132 Safari/537.36"
::1 - - [06/Feb/2018:15:10:13 +0900] "OPTIONS * HTTP/1.0" 200 - "-" "Apache/2.4.6 (CentOS) OpenSSL/1.0.2k-fips mod_fcgid/2.3.9 PHP/5.4.16 mod_wsgi/3.4 Python/2.7.5 (internal dummy connection)"
::1 - - [06/Feb/2018:15:10:14 +0900] "OPTIONS * HTTP/1.0" 200 - "-" "Apache/2.4.6 (CentOS) OpenSSL/1.0.2k-fips mod_fcgid/2.3.9 PHP/5.4.16 mod_wsgi/3.4 Python/2.7.5 (internal dummy connection)"
172.22.43.66 - kyoshi [06/Feb/2018:15:10:15 +0900] "GET /~j15298dt/?page_id=53 HTTP/1.1" 200 14017 "http://www7.dbi.tuis.ac.jp/~j15298dt/?page_id=60" "Mozilla/5.0 (Windows NT 10.0; Win64; x64) AppleWebKit/537.36 (KHTML, like Gecko) Chrome/63.0.3239.132 Safari/537.36"
172.22.43.66 - kyoshi [06/Feb/2018:15:10:18 +0900] "GET /~j15298dt/?page_id=55 HTTP/1.1" 200 13862 "http://www7.dbi.tuis.ac.jp/~j15298dt/?page_id=53" "Mozilla/5.0 (Windows NT 10.0; Win64; x64) AppleWebKit/537.36 (KHTML, like Gecko) Chrome/63.0.3239.132 Safari/537.36"
172.22.43.66 - kyoshi [06/Feb/2018:15:10:19 +0900] "GET /~j15298dt/?page_id=68 HTTP/1.1" 200 13986 "http://www7.dbi.tuis.ac.jp/~j15298dt/?page_id=55" "Mozilla/5.0 (Windows NT 10.0; Win64; x64) AppleWebKit/537.36 (KHTML, like Gecko) Chrome/63.0.3239.132 Safari/537.36"
172.22.43.66 - kyoshi [06/Feb/2018:15:10:21 +0900] "GET /~j15298dt/?page_id=55 HTTP/1.1" 200 13862 "http://www7.dbi.tuis.ac.jp/~j15298dt/?page_id=68" "Mozilla/5.0 (Windows NT 10.0; Win64; x64) AppleWebKit/537.36 (KHTML, like Gecko) Chrome/63.0.3239.132 Safari/537.36"
172.22.43.66 - kyoshi [06/Feb/2018:15:10:22 +0900] "GET /~j15298dt/?page_id=57 HTTP/1.1" 200 13873 "http://www7.dbi.tuis.ac.jp/~j15298dt/?page_id=55" "Mozilla/5.0 (Windows NT 10.0; Win64; x64) AppleWebKit/537.36 (KHTML, like Gecko) Chrome/63.0.3239.132 Safari/537.36"
::1 - - [06/Feb/2018:15:10:29 +0900] "OPTIONS * HTTP/1.0" 200 - "-" "Apache/2.4.6 (CentOS) OpenSSL/1.0.2k-fips mod_fcgid/2.3.9 PHP/5.4.16 mod_wsgi/3.4 Python/2.7.5 (internal dummy connection)"
172.22.43.66 - kyoshi [06/Feb/2018:15:10:30 +0900] "GET /~j15298dt/?m=201711 HTTP/1.1" 200 15137 "http://www7.dbi.tuis.ac.jp/~j15298dt/?page_id=57" "Mozilla/5.0 (Windows NT 10.0; Win64; x64) AppleWebKit/537.36 (KHTML, like Gecko) Chrome/63.0.3239.132 Safari/537.36"
172.22.43.66 - kyoshi [06/Feb/2018:15:10:35 +0900] "GET /~j15298dt/ HTTP/1.1" 200 25999 "http://www7.dbi.tuis.ac.jp/~j15298dt/?m=201711" "Mozilla/5.0 (Windows NT 10.0; Win64; x64) AppleWebKit/537.36 (KHTML, like Gecko) Chrome/63.0.3239.132 Safari/537.36"
172.22.43.66 - kyoshi [06/Feb/2018:15:10:37 +0900] "GET /~j15298dt/?p=106 HTTP/1.1" 200 17116 "http://www7.dbi.tuis.ac.jp/~j15298dt/" "Mozilla/5.0 (Windows NT 10.0; Win64; x64) AppleWebKit/537.36 (KHTML, like Gecko) Chrome/63.0.3239.132 Safari/537.36"
172.22.43.66 - - [06/Feb/2018:15:10:37 +0900] "GET /~j15298dt/wp-includes/js/comment-reply.min.js?ver=4.8.2 HTTP/1.1" 200 1078 "http://www7.dbi.tuis.ac.jp/~j15298dt/?p=106" "Mozilla/5.0 (Windows NT 10.0; Win64; x64) AppleWebKit/537.36 (KHTML, like Gecko) Chrome/63.0.3239.132 Safari/537.36"
172.22.43.66 - - [06/Feb/2018:15:10:37 +0900] "GET /~j15298dt/wp-content/themes/white/assets/frameworks/font-awesome/fonts/fontawesome-webfont.woff?v=4.1.0 HTTP/1.1" 200 83760 "http://www7.dbi.tuis.ac.jp/~j15298dt/wp-content/themes/white/assets/frameworks/font-awesome/css/font-awesome.min.css?ver=4.8.2" "Mozilla/5.0 (Windows NT 10.0; Win64; x64) AppleWebKit/537.36 (KHTML, like Gecko) Chrome/63.0.3239.132 Safari/537.36"
172.22.43.66 - kyoshi [06/Feb/2018:15:10:39 +0900] "GET /~j15298dt/ HTTP/1.1" 200 25999 "http://www7.dbi.tuis.ac.jp/~j15298dt/?p=106" "Mozilla/5.0 (Windows NT 10.0; Win64; x64) AppleWebKit/537.36 (KHTML, like Gecko) Chrome/63.0.3239.132 Safari/537.36"
172.22.43.66 - kyoshi [06/Feb/2018:15:10:40 +0900] "GET /~j15298dt/?p=109 HTTP/1.1" 200 18138 "http://www7.dbi.tuis.ac.jp/~j15298dt/" "Mozilla/5.0 (Windows NT 10.0; Win64; x64) AppleWebKit/537.36 (KHTML, like Gecko) Chrome/63.0.3239.132 Safari/537.36"
172.22.43.66 - - [06/Feb/2018:15:10:41 +0900] "GET /~j15298dt/wp-content/uploads/2018/01/gomi-300x183.png HTTP/1.1" 200 35016 "http://www7.dbi.tuis.ac.jp/~j15298dt/?p=109" "Mozilla/5.0 (Windows NT 10.0; Win64; x64) AppleWebKit/537.36 (KHTML, like Gecko) Chrome/63.0.3239.132 Safari/537.36"
172.22.43.66 - - [06/Feb/2018:15:10:41 +0900] "GET /~j15298dt/wp-content/uploads/2018/01/gomi2-293x300.png HTTP/1.1" 200 50996 "http://www7.dbi.tuis.ac.jp/~j15298dt/?p=109" "Mozilla/5.0 (Windows NT 10.0; Win64; x64) AppleWebKit/537.36 (KHTML, like Gecko) Chrome/63.0.3239.132 Safari/537.36"
172.22.43.66 - - [06/Feb/2018:15:10:59 +0900] "GET /~j15304sc HTTP/1.1" 301 245 "http://www7.dbi.tuis.ac.jp/wm2017.php" "Mozilla/5.0 (Windows NT 10.0; Win64; x64) AppleWebKit/537.36 (KHTML, like Gecko) Chrome/63.0.3239.132 Safari/537.36"
172.22.43.66 - - [06/Feb/2018:15:11:00 +0900] "GET /~j15304sc/wp-content/themes/numinous/css/font-awesome.css?ver=4.8.2 HTTP/1.1" 200 39751 "http://www7.dbi.tuis.ac.jp/~j15304sc/" "Mozilla/5.0 (Windows NT 10.0; Win64; x64) AppleWebKit/537.36 (KHTML, like Gecko) Chrome/63.0.3239.132 Safari/537.36"
172.22.43.66 - - [06/Feb/2018:15:11:00 +0900] "GET /~j15304sc/wp-content/themes/numinous/css/lightslider.css?ver=4.8.2 HTTP/1.1" 200 8379 "http://www7.dbi.tuis.ac.jp/~j15304sc/" "Mozilla/5.0 (Windows NT 10.0; Win64; x64) AppleWebKit/537.36 (KHTML, like Gecko) Chrome/63.0.3239.132 Safari/537.36"
172.22.43.66 - - [06/Feb/2018:15:11:00 +0900] "GET /~j15304sc/wp-content/themes/numinous/css/jquery.sidr.light.css?ver=4.8.2 HTTP/1.1" 200 4245 "http://www7.dbi.tuis.ac.jp/~j15304sc/" "Mozilla/5.0 (Windows NT 10.0; Win64; x64) AppleWebKit/537.36 (KHTML, like Gecko) Chrome/63.0.3239.132 Safari/537.36"
172.22.43.66 - - [06/Feb/2018:15:11:00 +0900] "GET /~j15304sc/wp-content/themes/numinous/css/ticker-style.css?ver=4.8.2 HTTP/1.1" 200 3146 "http://www7.dbi.tuis.ac.jp/~j15304sc/" "Mozilla/5.0 (Windows NT 10.0; Win64; x64) AppleWebKit/537.36 (KHTML, like Gecko) Chrome/63.0.3239.132 Safari/537.36"
172.22.43.66 - - [06/Feb/2018:15:11:00 +0900] "GET /~j15304sc/wp-content/themes/numinous/style.css?ver=1.1.4 HTTP/1.1" 200 62592 "http://www7.dbi.tuis.ac.jp/~j15304sc/" "Mozilla/5.0 (Windows NT 10.0; Win64; x64) AppleWebKit/537.36 (KHTML, like Gecko) Chrome/63.0.3239.132 Safari/537.36"
172.22.43.66 - - [06/Feb/2018:15:11:00 +0900] "GET /~j15304sc/wp-includes/js/jquery/jquery-migrate.min.js?ver=1.4.1 HTTP/1.1" 200 10056 "http://www7.dbi.tuis.ac.jp/~j15304sc/" "Mozilla/5.0 (Windows NT 10.0; Win64; x64) AppleWebKit/537.36 (KHTML, like Gecko) Chrome/63.0.3239.132 Safari/537.36"
172.22.43.66 - - [06/Feb/2018:15:11:00 +0900] "GET /~j15304sc/wp-includes/js/jquery/jquery.js?ver=1.12.4 HTTP/1.1" 200 97184 "http://www7.dbi.tuis.ac.jp/~j15304sc/" "Mozilla/5.0 (Windows NT 10.0; Win64; x64) AppleWebKit/537.36 (KHTML, like Gecko) Chrome/63.0.3239.132 Safari/537.36"
172.22.43.66 - - [06/Feb/2018:15:11:00 +0900] "GET /~j15304sc/wp-includes/js/wp-emoji-release.min.js?ver=4.8.2 HTTP/1.1" 200 11915 "http://www7.dbi.tuis.ac.jp/~j15304sc/" "Mozilla/5.0 (Windows NT 10.0; Win64; x64) AppleWebKit/537.36 (KHTML, like Gecko) Chrome/63.0.3239.132 Safari/537.36"
172.22.43.66 - kyoshi [06/Feb/2018:15:10:59 +0900] "GET /~j15304sc/ HTTP/1.1" 200 26672 "http://www7.dbi.tuis.ac.jp/wm2017.php" "Mozilla/5.0 (Windows NT 10.0; Win64; x64) AppleWebKit/537.36 (KHTML, like Gecko) Chrome/63.0.3239.132 Safari/537.36"
172.22.43.66 - - [06/Feb/2018:15:11:00 +0900] "GET /~j15304sc/wp-content/themes/numinous/js/jquery.sidr.js?ver=1.1.4 HTTP/1.1" 200 18872 "http://www7.dbi.tuis.ac.jp/~j15304sc/" "Mozilla/5.0 (Windows NT 10.0; Win64; x64) AppleWebKit/537.36 (KHTML, like Gecko) Chrome/63.0.3239.132 Safari/537.36"
172.22.43.66 - - [06/Feb/2018:15:11:00 +0900] "GET /~j15304sc/wp-content/themes/numinous/js/jquery.ticker.js?ver=1.1.4 HTTP/1.1" 200 16395 "http://www7.dbi.tuis.ac.jp/~j15304sc/" "Mozilla/5.0 (Windows NT 10.0; Win64; x64) AppleWebKit/537.36 (KHTML, like Gecko) Chrome/63.0.3239.132 Safari/537.36"
172.22.43.66 - - [06/Feb/2018:15:11:00 +0900] "GET /~j15304sc/wp-content/themes/numinous/js/custom.js?ver=1.1.4 HTTP/1.1" 200 2301 "http://www7.dbi.tuis.ac.jp/~j15304sc/" "Mozilla/5.0 (Windows NT 10.0; Win64; x64) AppleWebKit/537.36 (KHTML, like Gecko) Chrome/63.0.3239.132 Safari/537.36"
172.22.43.66 - - [06/Feb/2018:15:11:00 +0900] "GET /~j15304sc/wp-content/themes/numinous/js/lightslider.js?ver=1.1.4 HTTP/1.1" 200 49218 "http://www7.dbi.tuis.ac.jp/~j15304sc/" "Mozilla/5.0 (Windows NT 10.0; Win64; x64) AppleWebKit/537.36 (KHTML, like Gecko) Chrome/63.0.3239.132 Safari/537.36"
172.22.43.66 - - [06/Feb/2018:15:11:00 +0900] "GET /~j15304sc/wp-includes/js/wp-embed.min.js?ver=4.8.2 HTTP/1.1" 200 1398 "http://www7.dbi.tuis.ac.jp/~j15304sc/" "Mozilla/5.0 (Windows NT 10.0; Win64; x64) AppleWebKit/537.36 (KHTML, like Gecko) Chrome/63.0.3239.132 Safari/537.36"
172.22.43.66 - - [06/Feb/2018:15:11:00 +0900] "GET /~j15304sc/wp-content/themes/numinous/fonts/fontawesome-webfont.woff2?v=4.7.0 HTTP/1.1" 200 66624 "http://www7.dbi.tuis.ac.jp/~j15304sc/wp-content/themes/numinous/css/font-awesome.css?ver=4.8.2" "Mozilla/5.0 (Windows NT 10.0; Win64; x64) AppleWebKit/537.36 (KHTML, like Gecko) Chrome/63.0.3239.132 Safari/537.36"
202.26.151.7 - - [06/Feb/2018:15:10:59 +0900] "POST /~j15304sc/wp-cron.php?doing_wp_cron=1517897459.5990569591522216796875 HTTP/1.1" 200 - "http://www7.dbi.tuis.ac.jp/~j15304sc/wp-cron.php?doing_wp_cron=1517897459.5990569591522216796875" "WordPress/4.8.2; http://www7.dbi.tuis.ac.jp/~j15304sc"
::1 - - [06/Feb/2018:15:11:07 +0900] "OPTIONS * HTTP/1.0" 200 - "-" "Apache/2.4.6 (CentOS) OpenSSL/1.0.2k-fips mod_fcgid/2.3.9 PHP/5.4.16 mod_wsgi/3.4 Python/2.7.5 (internal dummy connection)"
172.22.43.66 - kyoshi [06/Feb/2018:15:11:08 +0900] "GET /~j15304sc/?page_id=53 HTTP/1.1" 200 17387 "http://www7.dbi.tuis.ac.jp/~j15304sc/" "Mozilla/5.0 (Windows NT 10.0; Win64; x64) AppleWebKit/537.36 (KHTML, like Gecko) Chrome/63.0.3239.132 Safari/537.36"
172.22.43.66 - - [06/Feb/2018:15:11:08 +0900] "GET /~j15304sc/wp-content/uploads/2017/11/homepage-share-750x410.jpg HTTP/1.1" 200 45526 "http://www7.dbi.tuis.ac.jp/~j15304sc/?page_id=53" "Mozilla/5.0 (Windows NT 10.0; Win64; x64) AppleWebKit/537.36 (KHTML, like Gecko) Chrome/63.0.3239.132 Safari/537.36"
::1 - - [06/Feb/2018:15:11:08 +0900] "OPTIONS * HTTP/1.0" 200 - "-" "Apache/2.4.6 (CentOS) OpenSSL/1.0.2k-fips mod_fcgid/2.3.9 PHP/5.4.16 mod_wsgi/3.4 Python/2.7.5 (internal dummy connection)"
172.22.43.66 - kyoshi [06/Feb/2018:15:11:13 +0900] "GET /~j15304sc/ HTTP/1.1" 200 26672 "http://www7.dbi.tuis.ac.jp/~j15304sc/?page_id=53" "Mozilla/5.0 (Windows NT 10.0; Win64; x64) AppleWebKit/537.36 (KHTML, like Gecko) Chrome/63.0.3239.132 Safari/537.36"
172.22.43.66 - kyoshi [06/Feb/2018:15:11:17 +0900] "GET /~j15304sc/?p=33 HTTP/1.1" 200 21693 "http://www7.dbi.tuis.ac.jp/~j15304sc/" "Mozilla/5.0 (Windows NT 10.0; Win64; x64) AppleWebKit/537.36 (KHTML, like Gecko) Chrome/63.0.3239.132 Safari/537.36"
172.22.43.66 - - [06/Feb/2018:15:11:17 +0900] "GET /~j15304sc/wp-includes/js/comment-reply.min.js?ver=4.8.2 HTTP/1.1" 200 1078 "http://www7.dbi.tuis.ac.jp/~j15304sc/?p=33" "Mozilla/5.0 (Windows NT 10.0; Win64; x64) AppleWebKit/537.36 (KHTML, like Gecko) Chrome/63.0.3239.132 Safari/537.36"
172.22.43.66 - kyoshi [06/Feb/2018:15:11:21 +0900] "GET /~j15304sc/ HTTP/1.1" 200 26672 "http://www7.dbi.tuis.ac.jp/~j15304sc/?p=33" "Mozilla/5.0 (Windows NT 10.0; Win64; x64) AppleWebKit/537.36 (KHTML, like Gecko) Chrome/63.0.3239.132 Safari/537.36"
172.22.43.66 - kyoshi [06/Feb/2018:15:11:25 +0900] "GET /~j15304sc/?p=102 HTTP/1.1" 200 22701 "http://www7.dbi.tuis.ac.jp/~j15304sc/" "Mozilla/5.0 (Windows NT 10.0; Win64; x64) AppleWebKit/537.36 (KHTML, like Gecko) Chrome/63.0.3239.132 Safari/537.36"
172.22.43.66 - - [06/Feb/2018:15:11:25 +0900] "GET /~j15304sc/wp-content/uploads/2018/01/%E3%82%B9%E3%82%AF%E3%83%AA%E3%83%BC%E3%83%B3%E3%82%B7%E3%83%A7%E3%83%83%E3%83%88-1.png HTTP/1.1" 200 243193 "http://www7.dbi.tuis.ac.jp/~j15304sc/?p=102" "Mozilla/5.0 (Windows NT 10.0; Win64; x64) AppleWebKit/537.36 (KHTML, like Gecko) Chrome/63.0.3239.132 Safari/537.36"
::1 - - [06/Feb/2018:15:11:32 +0900] "OPTIONS * HTTP/1.0" 200 - "-" "Apache/2.4.6 (CentOS) OpenSSL/1.0.2k-fips mod_fcgid/2.3.9 PHP/5.4.16 mod_wsgi/3.4 Python/2.7.5 (internal dummy connection)"
172.22.43.66 - - [06/Feb/2018:15:11:48 +0900] "GET /~j15306bc HTTP/1.1" 301 245 "http://www7.dbi.tuis.ac.jp/wm2017.php" "Mozilla/5.0 (Windows NT 10.0; Win64; x64) AppleWebKit/537.36 (KHTML, like Gecko) Chrome/63.0.3239.132 Safari/537.36"
172.22.43.66 - - [06/Feb/2018:15:11:49 +0900] "GET /~j15306bc/wp-includes/js/jquery/jquery.js?ver=1.12.4 HTTP/1.1" 200 97184 "http://www7.dbi.tuis.ac.jp/~j15306bc/" "Mozilla/5.0 (Windows NT 10.0; Win64; x64) AppleWebKit/537.36 (KHTML, like Gecko) Chrome/63.0.3239.132 Safari/537.36"
172.22.43.66 - - [06/Feb/2018:15:11:49 +0900] "GET /~j15306bc/wp-content/themes/clean-magazine/style.css?ver=1.7 HTTP/1.1" 200 77300 "http://www7.dbi.tuis.ac.jp/~j15306bc/" "Mozilla/5.0 (Windows NT 10.0; Win64; x64) AppleWebKit/537.36 (KHTML, like Gecko) Chrome/63.0.3239.132 Safari/537.36"
172.22.43.66 - - [06/Feb/2018:15:11:49 +0900] "GET /~j15306bc/wp-content/themes/clean-magazine/css/genericons/genericons.css?ver=3.4.1 HTTP/1.1" 200 28266 "http://www7.dbi.tuis.ac.jp/~j15306bc/" "Mozilla/5.0 (Windows NT 10.0; Win64; x64) AppleWebKit/537.36 (KHTML, like Gecko) Chrome/63.0.3239.132 Safari/537.36"
172.22.43.66 - - [06/Feb/2018:15:11:49 +0900] "GET /~j15306bc/wp-includes/js/jquery/jquery-migrate.min.js?ver=1.4.1 HTTP/1.1" 200 10056 "http://www7.dbi.tuis.ac.jp/~j15306bc/" "Mozilla/5.0 (Windows NT 10.0; Win64; x64) AppleWebKit/537.36 (KHTML, like Gecko) Chrome/63.0.3239.132 Safari/537.36"
172.22.43.66 - - [06/Feb/2018:15:11:49 +0900] "GET /~j15306bc/wp-content/themes/clean-magazine/js/jquery.sidr.min.js?ver=2.2.1.1 HTTP/1.1" 200 6905 "http://www7.dbi.tuis.ac.jp/~j15306bc/" "Mozilla/5.0 (Windows NT 10.0; Win64; x64) AppleWebKit/537.36 (KHTML, like Gecko) Chrome/63.0.3239.132 Safari/537.36"
172.22.43.66 - - [06/Feb/2018:15:11:49 +0900] "GET /~j15306bc/wp-content/themes/clean-magazine/js/clean-magazine-custom-scripts.min.js HTTP/1.1" 200 849 "http://www7.dbi.tuis.ac.jp/~j15306bc/" "Mozilla/5.0 (Windows NT 10.0; Win64; x64) AppleWebKit/537.36 (KHTML, like Gecko) Chrome/63.0.3239.132 Safari/537.36"
172.22.43.66 - - [06/Feb/2018:15:11:49 +0900] "GET /~j15306bc/wp-content/uploads/2017/12/cropped-cso2-1.jpg HTTP/1.1" 200 278388 "http://www7.dbi.tuis.ac.jp/~j15306bc/" "Mozilla/5.0 (Windows NT 10.0; Win64; x64) AppleWebKit/537.36 (KHTML, like Gecko) Chrome/63.0.3239.132 Safari/537.36"
172.22.43.66 - - [06/Feb/2018:15:11:49 +0900] "GET /~j15306bc/wp-includes/js/wp-emoji-release.min.js?ver=4.8.2 HTTP/1.1" 200 11915 "http://www7.dbi.tuis.ac.jp/~j15306bc/" "Mozilla/5.0 (Windows NT 10.0; Win64; x64) AppleWebKit/537.36 (KHTML, like Gecko) Chrome/63.0.3239.132 Safari/537.36"
172.22.43.66 - - [06/Feb/2018:15:11:49 +0900] "GET /~j15306bc/wp-content/uploads/2017/12/120405-cso2.jpg HTTP/1.1" 200 11558 "http://www7.dbi.tuis.ac.jp/~j15306bc/" "Mozilla/5.0 (Windows NT 10.0; Win64; x64) AppleWebKit/537.36 (KHTML, like Gecko) Chrome/63.0.3239.132 Safari/537.36"
172.22.43.66 - - [06/Feb/2018:15:11:49 +0900] "GET /~j15306bc/wp-content/uploads/2018/01/%E7%84%A1%E9%A1%8C-385x257.png HTTP/1.1" 200 135391 "http://www7.dbi.tuis.ac.jp/~j15306bc/" "Mozilla/5.0 (Windows NT 10.0; Win64; x64) AppleWebKit/537.36 (KHTML, like Gecko) Chrome/63.0.3239.132 Safari/537.36"
172.22.43.66 - - [06/Feb/2018:15:11:49 +0900] "GET /~j15306bc/wp-content/uploads/2017/12/img_wp05_thumb-385x257.jpg HTTP/1.1" 200 20257 "http://www7.dbi.tuis.ac.jp/~j15306bc/" "Mozilla/5.0 (Windows NT 10.0; Win64; x64) AppleWebKit/537.36 (KHTML, like Gecko) Chrome/63.0.3239.132 Safari/537.36"
172.22.43.66 - - [06/Feb/2018:15:11:49 +0900] "GET /~j15306bc/wp-content/uploads/2017/10/bemutatkozik-a-counter-strike-online-2_2012-11-20-1353424669.jpg HTTP/1.1" 200 24548 "http://www7.dbi.tuis.ac.jp/~j15306bc/" "Mozilla/5.0 (Windows NT 10.0; Win64; x64) AppleWebKit/537.36 (KHTML, like Gecko) Chrome/63.0.3239.132 Safari/537.36"
172.22.43.66 - - [06/Feb/2018:15:11:49 +0900] "GET /~j15306bc/wp-content/uploads/2017/10/Counter-Strike_Online_2_2_new_characters_November_Update.jpg HTTP/1.1" 200 30251 "http://www7.dbi.tuis.ac.jp/~j15306bc/" "Mozilla/5.0 (Windows NT 10.0; Win64; x64) AppleWebKit/537.36 (KHTML, like Gecko) Chrome/63.0.3239.132 Safari/537.36"
172.22.43.66 - - [06/Feb/2018:15:11:49 +0900] "GET /~j15306bc/wp-content/uploads/2017/10/CSO2_3-508x318.jpg HTTP/1.1" 200 25025 "http://www7.dbi.tuis.ac.jp/~j15306bc/" "Mozilla/5.0 (Windows NT 10.0; Win64; x64) AppleWebKit/537.36 (KHTML, like Gecko) Chrome/63.0.3239.132 Safari/537.36"
172.22.43.66 - - [06/Feb/2018:15:11:49 +0900] "GET /~j15306bc/wp-content/uploads/2017/10/Counter-Strike_Online_2_Tutorial_Level_%E5%8F%8D%E6%81%90%E7%B2%BE%E8%8B%B1_Online_2.jpg HTTP/1.1" 200 20245 "http://www7.dbi.tuis.ac.jp/~j15306bc/" "Mozilla/5.0 (Windows NT 10.0; Win64; x64) AppleWebKit/537.36 (KHTML, like Gecko) Chrome/63.0.3239.132 Safari/537.36"
172.22.43.66 - - [06/Feb/2018:15:11:49 +0900] "GET /~j15306bc/wp-content/uploads/2017/10/Counter-Strike-Online-2-620x350-508x287.png HTTP/1.1" 200 268491 "http://www7.dbi.tuis.ac.jp/~j15306bc/" "Mozilla/5.0 (Windows NT 10.0; Win64; x64) AppleWebKit/537.36 (KHTML, like Gecko) Chrome/63.0.3239.132 Safari/537.36"
172.22.43.66 - - [06/Feb/2018:15:11:49 +0900] "GET /~j15306bc/wp-content/uploads/2017/10/CSO2EliteCrew-508x318.jpg HTTP/1.1" 200 32146 "http://www7.dbi.tuis.ac.jp/~j15306bc/" "Mozilla/5.0 (Windows NT 10.0; Win64; x64) AppleWebKit/537.36 (KHTML, like Gecko) Chrome/63.0.3239.132 Safari/537.36"
172.22.43.66 - kyoshi [06/Feb/2018:15:11:48 +0900] "GET /~j15306bc/ HTTP/1.1" 200 44605 "http://www7.dbi.tuis.ac.jp/wm2017.php" "Mozilla/5.0 (Windows NT 10.0; Win64; x64) AppleWebKit/537.36 (KHTML, like Gecko) Chrome/63.0.3239.132 Safari/537.36"
172.22.43.66 - - [06/Feb/2018:15:11:49 +0900] "GET /~j15306bc/wp-content/themes/clean-magazine/js/navigation.min.js?ver=20120206 HTTP/1.1" 200 443 "http://www7.dbi.tuis.ac.jp/~j15306bc/" "Mozilla/5.0 (Windows NT 10.0; Win64; x64) AppleWebKit/537.36 (KHTML, like Gecko) Chrome/63.0.3239.132 Safari/537.36"
172.22.43.66 - - [06/Feb/2018:15:11:49 +0900] "GET /~j15306bc/wp-content/themes/clean-magazine/js/skip-link-focus-fix.min.js?ver=20130115 HTTP/1.1" 200 502 "http://www7.dbi.tuis.ac.jp/~j15306bc/" "Mozilla/5.0 (Windows NT 10.0; Win64; x64) AppleWebKit/537.36 (KHTML, like Gecko) Chrome/63.0.3239.132 Safari/537.36"
172.22.43.66 - - [06/Feb/2018:15:11:49 +0900] "GET /~j15306bc/wp-content/themes/clean-magazine/js/clean-magazine-scrollup.min.js?ver=20072014 HTTP/1.1" 200 326 "http://www7.dbi.tuis.ac.jp/~j15306bc/" "Mozilla/5.0 (Windows NT 10.0; Win64; x64) AppleWebKit/537.36 (KHTML, like Gecko) Chrome/63.0.3239.132 Safari/537.36"
172.22.43.66 - - [06/Feb/2018:15:11:49 +0900] "GET /~j15306bc/wp-content/themes/clean-magazine/js/fitvids.min.js?ver=1.1 HTTP/1.1" 200 1615 "http://www7.dbi.tuis.ac.jp/~j15306bc/" "Mozilla/5.0 (Windows NT 10.0; Win64; x64) AppleWebKit/537.36 (KHTML, like Gecko) Chrome/63.0.3239.132 Safari/537.36"
172.22.43.66 - - [06/Feb/2018:15:11:49 +0900] "GET /~j15306bc/wp-includes/js/wp-embed.min.js?ver=4.8.2 HTTP/1.1" 200 1398 "http://www7.dbi.tuis.ac.jp/~j15306bc/" "Mozilla/5.0 (Windows NT 10.0; Win64; x64) AppleWebKit/537.36 (KHTML, like Gecko) Chrome/63.0.3239.132 Safari/537.36"
172.22.43.66 - - [06/Feb/2018:15:11:51 +0900] "GET /~j15306bc/wp-content/uploads/2017/10/cropped-Counter-Strike-Online-2-620x350-32x32.png HTTP/1.1" 200 2856 "http://www7.dbi.tuis.ac.jp/~j15306bc/" "Mozilla/5.0 (Windows NT 10.0; Win64; x64) AppleWebKit/537.36 (KHTML, like Gecko) Chrome/63.0.3239.132 Safari/537.36"
172.22.43.66 - - [06/Feb/2018:15:11:51 +0900] "GET /~j15306bc/wp-content/uploads/2017/10/cropped-Counter-Strike-Online-2-620x350-192x192.png HTTP/1.1" 200 71701 "http://www7.dbi.tuis.ac.jp/~j15306bc/" "Mozilla/5.0 (Windows NT 10.0; Win64; x64) AppleWebKit/537.36 (KHTML, like Gecko) Chrome/63.0.3239.132 Safari/537.36"
::1 - - [06/Feb/2018:15:11:56 +0900] "OPTIONS * HTTP/1.0" 200 - "-" "Apache/2.4.6 (CentOS) OpenSSL/1.0.2k-fips mod_fcgid/2.3.9 PHP/5.4.16 mod_wsgi/3.4 Python/2.7.5 (internal dummy connection)"
172.22.43.66 - - [06/Feb/2018:15:11:58 +0900] "GET /~j15306bc/wp-content/uploads/2017/12/img_einberg.jpg HTTP/1.1" 200 379495 "http://www7.dbi.tuis.ac.jp/~j15306bc/?page_id=211" "Mozilla/5.0 (Windows NT 10.0; Win64; x64) AppleWebKit/537.36 (KHTML, like Gecko) Chrome/63.0.3239.132 Safari/537.36"
172.22.43.66 - - [06/Feb/2018:15:11:58 +0900] "GET /~j15306bc/wp-content/uploads/2017/12/img_leet.jpg HTTP/1.1" 200 290172 "http://www7.dbi.tuis.ac.jp/~j15306bc/?page_id=211" "Mozilla/5.0 (Windows NT 10.0; Win64; x64) AppleWebKit/537.36 (KHTML, like Gecko) Chrome/63.0.3239.132 Safari/537.36"
172.22.43.66 - - [06/Feb/2018:15:11:58 +0900] "GET /~j15306bc/wp-content/uploads/2017/12/img_mila.jpg HTTP/1.1" 200 272751 "http://www7.dbi.tuis.ac.jp/~j15306bc/?page_id=211" "Mozilla/5.0 (Windows NT 10.0; Win64; x64) AppleWebKit/537.36 (KHTML, like Gecko) Chrome/63.0.3239.132 Safari/537.36"
172.22.43.66 - kyoshi [06/Feb/2018:15:11:57 +0900] "GET /~j15306bc/?page_id=211 HTTP/1.1" 200 30580 "http://www7.dbi.tuis.ac.jp/~j15306bc/" "Mozilla/5.0 (Windows NT 10.0; Win64; x64) AppleWebKit/537.36 (KHTML, like Gecko) Chrome/63.0.3239.132 Safari/537.36"
172.22.43.66 - - [06/Feb/2018:15:11:58 +0900] "GET /~j15306bc/wp-content/uploads/2017/12/img_jan.jpg HTTP/1.1" 200 298694 "http://www7.dbi.tuis.ac.jp/~j15306bc/?page_id=211" "Mozilla/5.0 (Windows NT 10.0; Win64; x64) AppleWebKit/537.36 (KHTML, like Gecko) Chrome/63.0.3239.132 Safari/537.36"
172.22.43.66 - - [06/Feb/2018:15:11:58 +0900] "GET /~j15306bc/wp-content/uploads/2017/12/img_kaze.jpg HTTP/1.1" 200 566945 "http://www7.dbi.tuis.ac.jp/~j15306bc/?page_id=211" "Mozilla/5.0 (Windows NT 10.0; Win64; x64) AppleWebKit/537.36 (KHTML, like Gecko) Chrome/63.0.3239.132 Safari/537.36"
172.22.43.66 - - [06/Feb/2018:15:11:58 +0900] "GET /~j15306bc/wp-content/uploads/2017/12/img_daeho.jpg HTTP/1.1" 200 666880 "http://www7.dbi.tuis.ac.jp/~j15306bc/?page_id=211" "Mozilla/5.0 (Windows NT 10.0; Win64; x64) AppleWebKit/537.36 (KHTML, like Gecko) Chrome/63.0.3239.132 Safari/537.36"
172.22.43.66 - kyoshi [06/Feb/2018:15:12:00 +0900] "GET /~j15306bc/?page_id=213 HTTP/1.1" 200 23101 "http://www7.dbi.tuis.ac.jp/~j15306bc/?page_id=211" "Mozilla/5.0 (Windows NT 10.0; Win64; x64) AppleWebKit/537.36 (KHTML, like Gecko) Chrome/63.0.3239.132 Safari/537.36"
202.26.151.7 - - [06/Feb/2018:15:11:48 +0900] "POST /~j15306bc/wp-cron.php?doing_wp_cron=1517897508.5032870769500732421875 HTTP/1.1" 200 - "http://www7.dbi.tuis.ac.jp/~j15306bc/wp-cron.php?doing_wp_cron=1517897508.5032870769500732421875" "WordPress/4.8.2; http://www7.dbi.tuis.ac.jp/~j15306bc"
