172.22.43.66 - - [06/Feb/2018:14:20:49 +0900] "GET /~j15159yg/wp-content/uploads/2017/12/cropped-MinecraftLogo.png HTTP/1.1" 200 84807 "http://www7.dbi.tuis.ac.jp/~j15159yg/" "Mozilla/5.0 (Windows NT 10.0; Win64; x64) AppleWebKit/537.36 (KHTML, like Gecko) Chrome/63.0.3239.132 Safari/537.36"
172.22.43.66 - - [06/Feb/2018:14:20:49 +0900] "GET /~j15159yg/wp-content/uploads/2018/01/66c19942ab4ba346fdb64ccc04cde373-768x412.png HTTP/1.1" 200 259363 "http://www7.dbi.tuis.ac.jp/~j15159yg/" "Mozilla/5.0 (Windows NT 10.0; Win64; x64) AppleWebKit/537.36 (KHTML, like Gecko) Chrome/63.0.3239.132 Safari/537.36"
172.22.43.66 - - [06/Feb/2018:14:20:49 +0900] "GET /~j15159yg/wp-content/uploads/2017/10/PPPPP-210x300.jpg HTTP/1.1" 200 16734 "http://www7.dbi.tuis.ac.jp/~j15159yg/" "Mozilla/5.0 (Windows NT 10.0; Win64; x64) AppleWebKit/537.36 (KHTML, like Gecko) Chrome/63.0.3239.132 Safari/537.36"
172.22.43.66 - - [06/Feb/2018:14:20:49 +0900] "GET /~j15159yg/wp-content/uploads/2017/12/min-renwu-768x618.png HTTP/1.1" 200 411121 "http://www7.dbi.tuis.ac.jp/~j15159yg/" "Mozilla/5.0 (Windows NT 10.0; Win64; x64) AppleWebKit/537.36 (KHTML, like Gecko) Chrome/63.0.3239.132 Safari/537.36"
172.22.43.66 - - [06/Feb/2018:14:20:49 +0900] "GET /~j15159yg/wp-content/themes/twentyseventeen/assets/js/skip-link-focus-fix.js?ver=1.0 HTTP/1.1" 200 683 "http://www7.dbi.tuis.ac.jp/~j15159yg/" "Mozilla/5.0 (Windows NT 10.0; Win64; x64) AppleWebKit/537.36 (KHTML, like Gecko) Chrome/63.0.3239.132 Safari/537.36"
172.22.43.66 - - [06/Feb/2018:14:20:49 +0900] "GET /~j15159yg/wp-content/themes/twentyseventeen/assets/js/navigation.js?ver=1.0 HTTP/1.1" 200 3754 "http://www7.dbi.tuis.ac.jp/~j15159yg/" "Mozilla/5.0 (Windows NT 10.0; Win64; x64) AppleWebKit/537.36 (KHTML, like Gecko) Chrome/63.0.3239.132 Safari/537.36"
172.22.43.66 - - [06/Feb/2018:14:20:49 +0900] "GET /~j15159yg/wp-content/themes/twentyseventeen/assets/js/global.js?ver=1.0 HTTP/1.1" 200 7682 "http://www7.dbi.tuis.ac.jp/~j15159yg/" "Mozilla/5.0 (Windows NT 10.0; Win64; x64) AppleWebKit/537.36 (KHTML, like Gecko) Chrome/63.0.3239.132 Safari/537.36"
172.22.43.66 - - [06/Feb/2018:14:20:49 +0900] "GET /~j15159yg/wp-content/themes/twentyseventeen/assets/js/jquery.scrollTo.js?ver=2.1.2 HTTP/1.1" 200 5836 "http://www7.dbi.tuis.ac.jp/~j15159yg/" "Mozilla/5.0 (Windows NT 10.0; Win64; x64) AppleWebKit/537.36 (KHTML, like Gecko) Chrome/63.0.3239.132 Safari/537.36"
172.22.43.66 - - [06/Feb/2018:14:20:49 +0900] "GET /~j15159yg/wp-includes/js/wp-embed.min.js?ver=4.9.1 HTTP/1.1" 200 1398 "http://www7.dbi.tuis.ac.jp/~j15159yg/" "Mozilla/5.0 (Windows NT 10.0; Win64; x64) AppleWebKit/537.36 (KHTML, like Gecko) Chrome/63.0.3239.132 Safari/537.36"
::1 - - [06/Feb/2018:14:20:57 +0900] "OPTIONS * HTTP/1.0" 200 - "-" "Apache/2.4.6 (CentOS) OpenSSL/1.0.2k-fips mod_fcgid/2.3.9 PHP/5.4.16 mod_wsgi/3.4 Python/2.7.5 (internal dummy connection)"
202.26.151.7 - - [06/Feb/2018:14:20:48 +0900] "POST /~j15159yg/wp-cron.php?doing_wp_cron=1517894448.4296350479125976562500 HTTP/1.1" 200 - "http://www7.dbi.tuis.ac.jp/~j15159yg/wp-cron.php?doing_wp_cron=1517894448.4296350479125976562500" "WordPress/4.9.1; http://www7.dbi.tuis.ac.jp/~j15159yg"
::1 - - [06/Feb/2018:14:20:58 +0900] "OPTIONS * HTTP/1.0" 200 - "-" "Apache/2.4.6 (CentOS) OpenSSL/1.0.2k-fips mod_fcgid/2.3.9 PHP/5.4.16 mod_wsgi/3.4 Python/2.7.5 (internal dummy connection)"
::1 - - [06/Feb/2018:14:20:59 +0900] "OPTIONS * HTTP/1.0" 200 - "-" "Apache/2.4.6 (CentOS) OpenSSL/1.0.2k-fips mod_fcgid/2.3.9 PHP/5.4.16 mod_wsgi/3.4 Python/2.7.5 (internal dummy connection)"
172.22.43.66 - kyoshi [06/Feb/2018:14:21:00 +0900] "GET /~j15159yg/?page_id=64 HTTP/1.1" 200 59388 "http://www7.dbi.tuis.ac.jp/~j15159yg/" "Mozilla/5.0 (Windows NT 10.0; Win64; x64) AppleWebKit/537.36 (KHTML, like Gecko) Chrome/63.0.3239.132 Safari/537.36"
172.22.43.66 - kyoshi [06/Feb/2018:14:21:03 +0900] "GET /~j15159yg/?page_id=56 HTTP/1.1" 200 55122 "http://www7.dbi.tuis.ac.jp/~j15159yg/?page_id=64" "Mozilla/5.0 (Windows NT 10.0; Win64; x64) AppleWebKit/537.36 (KHTML, like Gecko) Chrome/63.0.3239.132 Safari/537.36"
172.22.43.66 - kyoshi [06/Feb/2018:14:21:04 +0900] "GET /~j15159yg/?page_id=71 HTTP/1.1" 200 65726 "http://www7.dbi.tuis.ac.jp/~j15159yg/?page_id=56" "Mozilla/5.0 (Windows NT 10.0; Win64; x64) AppleWebKit/537.36 (KHTML, like Gecko) Chrome/63.0.3239.132 Safari/537.36"
172.22.43.66 - kyoshi [06/Feb/2018:14:21:08 +0900] "GET /~j15159yg/?page_id=69 HTTP/1.1" 200 55150 "http://www7.dbi.tuis.ac.jp/~j15159yg/?page_id=71" "Mozilla/5.0 (Windows NT 10.0; Win64; x64) AppleWebKit/537.36 (KHTML, like Gecko) Chrome/63.0.3239.132 Safari/537.36"
172.22.43.66 - kyoshi [06/Feb/2018:14:21:13 +0900] "GET /~j15159yg/?page_id=58 HTTP/1.1" 200 54906 "http://www7.dbi.tuis.ac.jp/~j15159yg/?page_id=69" "Mozilla/5.0 (Windows NT 10.0; Win64; x64) AppleWebKit/537.36 (KHTML, like Gecko) Chrome/63.0.3239.132 Safari/537.36"
172.22.43.66 - kyoshi [06/Feb/2018:14:21:15 +0900] "GET /~j15159yg/?page_id=58 HTTP/1.1" 200 54906 "http://www7.dbi.tuis.ac.jp/~j15159yg/?page_id=58" "Mozilla/5.0 (Windows NT 10.0; Win64; x64) AppleWebKit/537.36 (KHTML, like Gecko) Chrome/63.0.3239.132 Safari/537.36"
172.22.43.66 - kyoshi [06/Feb/2018:14:21:16 +0900] "GET /~j15159yg/ HTTP/1.1" 200 82833 "http://www7.dbi.tuis.ac.jp/~j15159yg/?page_id=58" "Mozilla/5.0 (Windows NT 10.0; Win64; x64) AppleWebKit/537.36 (KHTML, like Gecko) Chrome/63.0.3239.132 Safari/537.36"
172.22.43.66 - kyoshi [06/Feb/2018:14:21:22 +0900] "GET /~j15159yg/?m=201711 HTTP/1.1" 200 63747 "http://www7.dbi.tuis.ac.jp/~j15159yg/" "Mozilla/5.0 (Windows NT 10.0; Win64; x64) AppleWebKit/537.36 (KHTML, like Gecko) Chrome/63.0.3239.132 Safari/537.36"
172.22.43.66 - kyoshi [06/Feb/2018:14:21:34 +0900] "GET /~j15159yg/ HTTP/1.1" 200 82833 "http://www7.dbi.tuis.ac.jp/~j15159yg/?m=201711" "Mozilla/5.0 (Windows NT 10.0; Win64; x64) AppleWebKit/537.36 (KHTML, like Gecko) Chrome/63.0.3239.132 Safari/537.36"
172.22.43.66 - - [06/Feb/2018:14:22:52 +0900] "GET /~j15166sk HTTP/1.1" 301 245 "http://www7.dbi.tuis.ac.jp/wm2017.php" "Mozilla/5.0 (Windows NT 10.0; Win64; x64) AppleWebKit/537.36 (KHTML, like Gecko) Chrome/63.0.3239.132 Safari/537.36"
172.22.43.66 - - [06/Feb/2018:14:22:53 +0900] "GET /~j15166sk/wp-content/themes/yosemite-lite/css/font-awesome.css?ver=4.5.0 HTTP/1.1" 200 37414 "http://www7.dbi.tuis.ac.jp/~j15166sk/" "Mozilla/5.0 (Windows NT 10.0; Win64; x64) AppleWebKit/537.36 (KHTML, like Gecko) Chrome/63.0.3239.132 Safari/537.36"
172.22.43.66 - - [06/Feb/2018:14:22:53 +0900] "GET /~j15166sk/wp-content/themes/yosemite-lite/style.css?ver=4.9.2 HTTP/1.1" 200 81206 "http://www7.dbi.tuis.ac.jp/~j15166sk/" "Mozilla/5.0 (Windows NT 10.0; Win64; x64) AppleWebKit/537.36 (KHTML, like Gecko) Chrome/63.0.3239.132 Safari/537.36"
172.22.43.66 - - [06/Feb/2018:14:22:53 +0900] "GET /~j15166sk/wp-includes/js/jquery/jquery.js?ver=1.12.4 HTTP/1.1" 200 97184 "http://www7.dbi.tuis.ac.jp/~j15166sk/" "Mozilla/5.0 (Windows NT 10.0; Win64; x64) AppleWebKit/537.36 (KHTML, like Gecko) Chrome/63.0.3239.132 Safari/537.36"
172.22.43.66 - - [06/Feb/2018:14:22:53 +0900] "GET /~j15166sk/wp-includes/js/jquery/jquery-migrate.min.js?ver=1.4.1 HTTP/1.1" 200 10056 "http://www7.dbi.tuis.ac.jp/~j15166sk/" "Mozilla/5.0 (Windows NT 10.0; Win64; x64) AppleWebKit/537.36 (KHTML, like Gecko) Chrome/63.0.3239.132 Safari/537.36"
172.22.43.66 - - [06/Feb/2018:14:22:53 +0900] "GET /~j15166sk/wp-includes/js/wp-emoji-release.min.js?ver=4.9.2 HTTP/1.1" 200 11915 "http://www7.dbi.tuis.ac.jp/~j15166sk/" "Mozilla/5.0 (Windows NT 10.0; Win64; x64) AppleWebKit/537.36 (KHTML, like Gecko) Chrome/63.0.3239.132 Safari/537.36"
172.22.43.66 - kyoshi [06/Feb/2018:14:22:52 +0900] "GET /~j15166sk/ HTTP/1.1" 200 31632 "http://www7.dbi.tuis.ac.jp/wm2017.php" "Mozilla/5.0 (Windows NT 10.0; Win64; x64) AppleWebKit/537.36 (KHTML, like Gecko) Chrome/63.0.3239.132 Safari/537.36"
172.22.43.66 - - [06/Feb/2018:14:22:54 +0900] "GET /~j15166sk/wp-content/themes/yosemite-lite/js/navigation.js?ver=20151215 HTTP/1.1" 200 2967 "http://www7.dbi.tuis.ac.jp/~j15166sk/" "Mozilla/5.0 (Windows NT 10.0; Win64; x64) AppleWebKit/537.36 (KHTML, like Gecko) Chrome/63.0.3239.132 Safari/537.36"
172.22.43.66 - - [06/Feb/2018:14:22:54 +0900] "GET /~j15166sk/wp-content/themes/yosemite-lite/js/skip-link-focus-fix.js?ver=20151215 HTTP/1.1" 200 683 "http://www7.dbi.tuis.ac.jp/~j15166sk/" "Mozilla/5.0 (Windows NT 10.0; Win64; x64) AppleWebKit/537.36 (KHTML, like Gecko) Chrome/63.0.3239.132 Safari/537.36"
172.22.43.66 - - [06/Feb/2018:14:22:54 +0900] "GET /~j15166sk/wp-content/themes/yosemite-lite/js/slick.js?ver=1.0 HTTP/1.1" 200 84265 "http://www7.dbi.tuis.ac.jp/~j15166sk/" "Mozilla/5.0 (Windows NT 10.0; Win64; x64) AppleWebKit/537.36 (KHTML, like Gecko) Chrome/63.0.3239.132 Safari/537.36"
172.22.43.66 - - [06/Feb/2018:14:22:54 +0900] "GET /~j15166sk/wp-content/themes/yosemite-lite/js/script.js?ver=1.0 HTTP/1.1" 200 4803 "http://www7.dbi.tuis.ac.jp/~j15166sk/" "Mozilla/5.0 (Windows NT 10.0; Win64; x64) AppleWebKit/537.36 (KHTML, like Gecko) Chrome/63.0.3239.132 Safari/537.36"
172.22.43.66 - - [06/Feb/2018:14:22:54 +0900] "GET /~j15166sk/wp-content/themes/yosemite-lite/js/theia-sticky-sidebar.js?ver=1.5.0 HTTP/1.1" 200 15491 "http://www7.dbi.tuis.ac.jp/~j15166sk/" "Mozilla/5.0 (Windows NT 10.0; Win64; x64) AppleWebKit/537.36 (KHTML, like Gecko) Chrome/63.0.3239.132 Safari/537.36"
172.22.43.66 - - [06/Feb/2018:14:22:54 +0900] "GET /~j15166sk/wp-includes/js/wp-embed.min.js?ver=4.9.2 HTTP/1.1" 200 1398 "http://www7.dbi.tuis.ac.jp/~j15166sk/" "Mozilla/5.0 (Windows NT 10.0; Win64; x64) AppleWebKit/537.36 (KHTML, like Gecko) Chrome/63.0.3239.132 Safari/537.36"
172.22.43.66 - - [06/Feb/2018:14:22:54 +0900] "GET /~j15166sk/wp-content/uploads/2017/11/cropped-IMG_89231-1.jpg HTTP/1.1" 200 51168 "http://www7.dbi.tuis.ac.jp/~j15166sk/" "Mozilla/5.0 (Windows NT 10.0; Win64; x64) AppleWebKit/537.36 (KHTML, like Gecko) Chrome/63.0.3239.132 Safari/537.36"
172.22.43.66 - - [06/Feb/2018:14:22:54 +0900] "GET /~j15166sk/wp-content/themes/yosemite-lite/fonts/fontawesome-webfont.woff2?v=4.7.0 HTTP/1.1" 200 77160 "http://www7.dbi.tuis.ac.jp/~j15166sk/wp-content/themes/yosemite-lite/css/font-awesome.css?ver=4.5.0" "Mozilla/5.0 (Windows NT 10.0; Win64; x64) AppleWebKit/537.36 (KHTML, like Gecko) Chrome/63.0.3239.132 Safari/537.36"
172.22.43.66 - kyoshi [06/Feb/2018:14:23:03 +0900] "GET /~j15166sk/?page_id=84 HTTP/1.1" 200 20769 "http://www7.dbi.tuis.ac.jp/~j15166sk/" "Mozilla/5.0 (Windows NT 10.0; Win64; x64) AppleWebKit/537.36 (KHTML, like Gecko) Chrome/63.0.3239.132 Safari/537.36"
202.26.151.7 - - [06/Feb/2018:14:22:52 +0900] "POST /~j15166sk/wp-cron.php?doing_wp_cron=1517894572.8969659805297851562500 HTTP/1.1" 200 - "http://www7.dbi.tuis.ac.jp/~j15166sk/wp-cron.php?doing_wp_cron=1517894572.8969659805297851562500" "WordPress/4.9.2; http://www7.dbi.tuis.ac.jp/~j15166sk"
172.22.43.66 - kyoshi [06/Feb/2018:14:23:05 +0900] "GET /~j15166sk/?page_id=64 HTTP/1.1" 200 20772 "http://www7.dbi.tuis.ac.jp/~j15166sk/?page_id=84" "Mozilla/5.0 (Windows NT 10.0; Win64; x64) AppleWebKit/537.36 (KHTML, like Gecko) Chrome/63.0.3239.132 Safari/537.36"
172.22.43.66 - kyoshi [06/Feb/2018:14:23:09 +0900] "GET /~j15166sk/?page_id=72 HTTP/1.1" 200 20801 "http://www7.dbi.tuis.ac.jp/~j15166sk/?page_id=64" "Mozilla/5.0 (Windows NT 10.0; Win64; x64) AppleWebKit/537.36 (KHTML, like Gecko) Chrome/63.0.3239.132 Safari/537.36"
172.22.43.66 - kyoshi [06/Feb/2018:14:23:12 +0900] "GET /~j15166sk/?page_id=86 HTTP/1.1" 200 20703 "http://www7.dbi.tuis.ac.jp/~j15166sk/?page_id=72" "Mozilla/5.0 (Windows NT 10.0; Win64; x64) AppleWebKit/537.36 (KHTML, like Gecko) Chrome/63.0.3239.132 Safari/537.36"
::1 - - [06/Feb/2018:14:23:19 +0900] "OPTIONS * HTTP/1.0" 200 - "-" "Apache/2.4.6 (CentOS) OpenSSL/1.0.2k-fips mod_fcgid/2.3.9 PHP/5.4.16 mod_wsgi/3.4 Python/2.7.5 (internal dummy connection)"
172.22.43.66 - kyoshi [06/Feb/2018:14:23:20 +0900] "GET /~j15166sk/ HTTP/1.1" 200 31632 "http://www7.dbi.tuis.ac.jp/~j15166sk/?page_id=86" "Mozilla/5.0 (Windows NT 10.0; Win64; x64) AppleWebKit/537.36 (KHTML, like Gecko) Chrome/63.0.3239.132 Safari/537.36"
172.22.43.66 - - [06/Feb/2018:14:23:37 +0900] "GET /~j15166sk/wp-content/uploads/2018/01/%E3%83%8D%E3%83%83%E3%83%88%E3%83%AF%E3%83%BC%E3%82%AF%E5%9B%B3-300x205.png HTTP/1.1" 200 51630 "http://www7.dbi.tuis.ac.jp/~j15166sk/?p=135" "Mozilla/5.0 (Windows NT 10.0; Win64; x64) AppleWebKit/537.36 (KHTML, like Gecko) Chrome/63.0.3239.132 Safari/537.36"
172.22.43.66 - kyoshi [06/Feb/2018:14:23:37 +0900] "GET /~j15166sk/?p=135 HTTP/1.1" 200 24818 "http://www7.dbi.tuis.ac.jp/~j15166sk/" "Mozilla/5.0 (Windows NT 10.0; Win64; x64) AppleWebKit/537.36 (KHTML, like Gecko) Chrome/63.0.3239.132 Safari/537.36"
172.22.43.66 - - [06/Feb/2018:14:23:37 +0900] "GET /~j15166sk/wp-includes/js/comment-reply.min.js?ver=4.9.2 HTTP/1.1" 200 1078 "http://www7.dbi.tuis.ac.jp/~j15166sk/?p=135" "Mozilla/5.0 (Windows NT 10.0; Win64; x64) AppleWebKit/537.36 (KHTML, like Gecko) Chrome/63.0.3239.132 Safari/537.36"
172.22.43.66 - - [06/Feb/2018:14:24:00 +0900] "GET /~j15166sk/wp-content/uploads/2018/01/IMG_92521-300x169.png HTTP/1.1" 200 86965 "http://www7.dbi.tuis.ac.jp/~j15166sk/?p=129" "Mozilla/5.0 (Windows NT 10.0; Win64; x64) AppleWebKit/537.36 (KHTML, like Gecko) Chrome/63.0.3239.132 Safari/537.36"
172.22.43.66 - kyoshi [06/Feb/2018:14:23:59 +0900] "GET /~j15166sk/?p=129 HTTP/1.1" 200 25323 "http://www7.dbi.tuis.ac.jp/~j15166sk/?p=135" "Mozilla/5.0 (Windows NT 10.0; Win64; x64) AppleWebKit/537.36 (KHTML, like Gecko) Chrome/63.0.3239.132 Safari/537.36"
172.22.43.66 - - [06/Feb/2018:14:24:46 +0900] "GET /~j15168yk HTTP/1.1" 301 245 "http://www7.dbi.tuis.ac.jp/wm2017.php" "Mozilla/5.0 (Windows NT 10.0; Win64; x64) AppleWebKit/537.36 (KHTML, like Gecko) Chrome/63.0.3239.132 Safari/537.36"
172.22.43.66 - - [06/Feb/2018:14:24:48 +0900] "GET /~j15168yk/wp-content/themes/foodhunt/style.css?ver=4.8.2 HTTP/1.1" 200 76191 "http://www7.dbi.tuis.ac.jp/~j15168yk/" "Mozilla/5.0 (Windows NT 10.0; Win64; x64) AppleWebKit/537.36 (KHTML, like Gecko) Chrome/63.0.3239.132 Safari/537.36"
172.22.43.66 - - [06/Feb/2018:14:24:48 +0900] "GET /~j15168yk/wp-content/themes/foodhunt/font-awesome/css/font-awesome.min.css?ver=4.7.0 HTTP/1.1" 200 31002 "http://www7.dbi.tuis.ac.jp/~j15168yk/" "Mozilla/5.0 (Windows NT 10.0; Win64; x64) AppleWebKit/537.36 (KHTML, like Gecko) Chrome/63.0.3239.132 Safari/537.36"
172.22.43.66 - - [06/Feb/2018:14:24:48 +0900] "GET /~j15168yk/wp-includes/js/jquery/jquery.js?ver=1.12.4 HTTP/1.1" 200 97184 "http://www7.dbi.tuis.ac.jp/~j15168yk/" "Mozilla/5.0 (Windows NT 10.0; Win64; x64) AppleWebKit/537.36 (KHTML, like Gecko) Chrome/63.0.3239.132 Safari/537.36"
172.22.43.66 - - [06/Feb/2018:14:24:48 +0900] "GET /~j15168yk/wp-includes/js/jquery/jquery-migrate.min.js?ver=1.4.1 HTTP/1.1" 200 10056 "http://www7.dbi.tuis.ac.jp/~j15168yk/" "Mozilla/5.0 (Windows NT 10.0; Win64; x64) AppleWebKit/537.36 (KHTML, like Gecko) Chrome/63.0.3239.132 Safari/537.36"
172.22.43.66 - - [06/Feb/2018:14:24:48 +0900] "GET /~j15168yk/wp-content/uploads/2017/12/cropped-normal.jpg HTTP/1.1" 200 227444 "http://www7.dbi.tuis.ac.jp/~j15168yk/" "Mozilla/5.0 (Windows NT 10.0; Win64; x64) AppleWebKit/537.36 (KHTML, like Gecko) Chrome/63.0.3239.132 Safari/537.36"
172.22.43.66 - kyoshi [06/Feb/2018:14:24:46 +0900] "GET /~j15168yk/ HTTP/1.1" 200 35697 "http://www7.dbi.tuis.ac.jp/wm2017.php" "Mozilla/5.0 (Windows NT 10.0; Win64; x64) AppleWebKit/537.36 (KHTML, like Gecko) Chrome/63.0.3239.132 Safari/537.36"
172.22.43.66 - - [06/Feb/2018:14:24:48 +0900] "GET /~j15168yk/wp-content/themes/foodhunt/js/jquery.bxslider.min.js?ver=4.2.12 HTTP/1.1" 200 23550 "http://www7.dbi.tuis.ac.jp/~j15168yk/" "Mozilla/5.0 (Windows NT 10.0; Win64; x64) AppleWebKit/537.36 (KHTML, like Gecko) Chrome/63.0.3239.132 Safari/537.36"
172.22.43.66 - - [06/Feb/2018:14:24:48 +0900] "GET /~j15168yk/wp-content/themes/foodhunt/js/jquery.parallax-1.1.3.min.js?ver=1.1.3 HTTP/1.1" 200 890 "http://www7.dbi.tuis.ac.jp/~j15168yk/" "Mozilla/5.0 (Windows NT 10.0; Win64; x64) AppleWebKit/537.36 (KHTML, like Gecko) Chrome/63.0.3239.132 Safari/537.36"
172.22.43.66 - - [06/Feb/2018:14:24:48 +0900] "GET /~j15168yk/wp-content/themes/foodhunt/js/jquery.ticker.min.js?ver=1.2.1 HTTP/1.1" 200 2388 "http://www7.dbi.tuis.ac.jp/~j15168yk/" "Mozilla/5.0 (Windows NT 10.0; Win64; x64) AppleWebKit/537.36 (KHTML, like Gecko) Chrome/63.0.3239.132 Safari/537.36"
172.22.43.66 - - [06/Feb/2018:14:24:48 +0900] "GET /~j15168yk/wp-content/themes/foodhunt/js/foodhunt-custom.min.js?ver=4.8.2 HTTP/1.1" 200 2561 "http://www7.dbi.tuis.ac.jp/~j15168yk/" "Mozilla/5.0 (Windows NT 10.0; Win64; x64) AppleWebKit/537.36 (KHTML, like Gecko) Chrome/63.0.3239.132 Safari/537.36"
172.22.43.66 - - [06/Feb/2018:14:24:48 +0900] "GET /~j15168yk/wp-includes/js/wp-embed.min.js?ver=4.8.2 HTTP/1.1" 200 1398 "http://www7.dbi.tuis.ac.jp/~j15168yk/" "Mozilla/5.0 (Windows NT 10.0; Win64; x64) AppleWebKit/537.36 (KHTML, like Gecko) Chrome/63.0.3239.132 Safari/537.36"
172.22.43.66 - - [06/Feb/2018:14:24:48 +0900] "GET /~j15168yk/wp-includes/js/wp-emoji-release.min.js?ver=4.8.2 HTTP/1.1" 200 11915 "http://www7.dbi.tuis.ac.jp/~j15168yk/" "Mozilla/5.0 (Windows NT 10.0; Win64; x64) AppleWebKit/537.36 (KHTML, like Gecko) Chrome/63.0.3239.132 Safari/537.36"
172.22.43.66 - - [06/Feb/2018:14:24:49 +0900] "GET /~j15168yk/wp-content/themes/foodhunt/font-awesome/fonts/fontawesome-webfont.woff2?v=4.7.0 HTTP/1.1" 200 77160 "http://www7.dbi.tuis.ac.jp/~j15168yk/wp-content/themes/foodhunt/font-awesome/css/font-awesome.min.css?ver=4.7.0" "Mozilla/5.0 (Windows NT 10.0; Win64; x64) AppleWebKit/537.36 (KHTML, like Gecko) Chrome/63.0.3239.132 Safari/537.36"
202.26.151.7 - - [06/Feb/2018:14:24:47 +0900] "POST /~j15168yk/wp-cron.php?doing_wp_cron=1517894686.7535738945007324218750 HTTP/1.1" 200 - "http://www7.dbi.tuis.ac.jp/~j15168yk/wp-cron.php?doing_wp_cron=1517894686.7535738945007324218750" "WordPress/4.8.2; http://www7.dbi.tuis.ac.jp/~j15168yk"
::1 - - [06/Feb/2018:14:24:59 +0900] "OPTIONS * HTTP/1.0" 200 - "-" "Apache/2.4.6 (CentOS) OpenSSL/1.0.2k-fips mod_fcgid/2.3.9 PHP/5.4.16 mod_wsgi/3.4 Python/2.7.5 (internal dummy connection)"
172.22.43.66 - kyoshi [06/Feb/2018:14:25:15 +0900] "GET /~j15168yk/?paged=2 HTTP/1.1" 200 27943 "http://www7.dbi.tuis.ac.jp/~j15168yk/" "Mozilla/5.0 (Windows NT 10.0; Win64; x64) AppleWebKit/537.36 (KHTML, like Gecko) Chrome/63.0.3239.132 Safari/537.36"
172.22.43.66 - kyoshi [06/Feb/2018:14:25:32 +0900] "GET /~j15168yk/ HTTP/1.1" 200 35697 "http://www7.dbi.tuis.ac.jp/~j15168yk/?paged=2" "Mozilla/5.0 (Windows NT 10.0; Win64; x64) AppleWebKit/537.36 (KHTML, like Gecko) Chrome/63.0.3239.132 Safari/537.36"
172.22.43.66 - kyoshi [06/Feb/2018:14:25:37 +0900] "GET /~j15168yk/?p=91 HTTP/1.1" 200 22665 "http://www7.dbi.tuis.ac.jp/~j15168yk/" "Mozilla/5.0 (Windows NT 10.0; Win64; x64) AppleWebKit/537.36 (KHTML, like Gecko) Chrome/63.0.3239.132 Safari/537.36"
172.22.43.66 - - [06/Feb/2018:14:25:37 +0900] "GET /~j15168yk/wp-content/uploads/2018/01/%E7%84%A1%E9%A1%8C.png HTTP/1.1" 200 42922 "http://www7.dbi.tuis.ac.jp/~j15168yk/?p=91" "Mozilla/5.0 (Windows NT 10.0; Win64; x64) AppleWebKit/537.36 (KHTML, like Gecko) Chrome/63.0.3239.132 Safari/537.36"
172.22.43.66 - - [06/Feb/2018:14:25:37 +0900] "GET /~j15168yk/wp-includes/js/comment-reply.min.js?ver=4.8.2 HTTP/1.1" 200 1078 "http://www7.dbi.tuis.ac.jp/~j15168yk/?p=91" "Mozilla/5.0 (Windows NT 10.0; Win64; x64) AppleWebKit/537.36 (KHTML, like Gecko) Chrome/63.0.3239.132 Safari/537.36"
172.22.43.66 - kyoshi [06/Feb/2018:14:26:19 +0900] "GET /~j15159yg/?p=184 HTTP/1.1" 200 65232 "http://www7.dbi.tuis.ac.jp/wm2017.php" "Mozilla/5.0 (Windows NT 10.0; Win64; x64) AppleWebKit/537.36 (KHTML, like Gecko) Chrome/63.0.3239.132 Safari/537.36"
172.22.43.66 - - [06/Feb/2018:14:26:20 +0900] "GET /~j15159yg/wp-includes/js/comment-reply.min.js?ver=4.9.1 HTTP/1.1" 200 1078 "http://www7.dbi.tuis.ac.jp/~j15159yg/?p=184" "Mozilla/5.0 (Windows NT 10.0; Win64; x64) AppleWebKit/537.36 (KHTML, like Gecko) Chrome/63.0.3239.132 Safari/537.36"
172.22.43.66 - - [06/Feb/2018:14:26:20 +0900] "GET /~j15159yg/wp-content/plugins/akismet/_inc/form.js?ver=3.3.4 HTTP/1.1" 200 700 "http://www7.dbi.tuis.ac.jp/~j15159yg/?p=184" "Mozilla/5.0 (Windows NT 10.0; Win64; x64) AppleWebKit/537.36 (KHTML, like Gecko) Chrome/63.0.3239.132 Safari/537.36"
172.22.43.66 - kyoshi [06/Feb/2018:14:26:25 +0900] "GET /~j15152kk/?p=101 HTTP/1.1" 200 56892 "http://www7.dbi.tuis.ac.jp/wm2017.php" "Mozilla/5.0 (Windows NT 10.0; Win64; x64) AppleWebKit/537.36 (KHTML, like Gecko) Chrome/63.0.3239.132 Safari/537.36"
172.22.43.66 - - [06/Feb/2018:14:26:25 +0900] "GET /~j15152kk/wp-includes/js/comment-reply.min.js?ver=4.8.2 HTTP/1.1" 200 1078 "http://www7.dbi.tuis.ac.jp/~j15152kk/?p=101" "Mozilla/5.0 (Windows NT 10.0; Win64; x64) AppleWebKit/537.36 (KHTML, like Gecko) Chrome/63.0.3239.132 Safari/537.36"
202.26.151.7 - - [06/Feb/2018:14:26:46 +0900] "POST /~j15141yk/wp-cron.php?doing_wp_cron=1517894806.9196081161499023437500 HTTP/1.1" 200 - "http://www7.dbi.tuis.ac.jp/~j15141yk/wp-cron.php?doing_wp_cron=1517894806.9196081161499023437500" "WordPress/4.9.1; http://www7.dbi.tuis.ac.jp/~j15141yk"
172.22.43.66 - kyoshi [06/Feb/2018:14:26:46 +0900] "GET /~j15141yk/?p=215 HTTP/1.1" 200 20615 "http://www7.dbi.tuis.ac.jp/wm2017.php" "Mozilla/5.0 (Windows NT 10.0; Win64; x64) AppleWebKit/537.36 (KHTML, like Gecko) Chrome/63.0.3239.132 Safari/537.36"
172.22.43.66 - - [06/Feb/2018:14:27:07 +0900] "GET /~j15169tk HTTP/1.1" 301 245 "http://www7.dbi.tuis.ac.jp/wm2017.php" "Mozilla/5.0 (Windows NT 10.0; Win64; x64) AppleWebKit/537.36 (KHTML, like Gecko) Chrome/63.0.3239.132 Safari/537.36"
172.22.43.66 - - [06/Feb/2018:14:27:08 +0900] "GET /~j15169tk/wp-content/themes/poseidon/style.css?ver=1.4.2 HTTP/1.1" 200 52520 "http://www7.dbi.tuis.ac.jp/~j15169tk/" "Mozilla/5.0 (Windows NT 10.0; Win64; x64) AppleWebKit/537.36 (KHTML, like Gecko) Chrome/63.0.3239.132 Safari/537.36"
172.22.43.66 - - [06/Feb/2018:14:27:08 +0900] "GET /~j15169tk/wp-content/themes/poseidon/css/genericons/genericons.css?ver=3.4.1 HTTP/1.1" 200 28529 "http://www7.dbi.tuis.ac.jp/~j15169tk/" "Mozilla/5.0 (Windows NT 10.0; Win64; x64) AppleWebKit/537.36 (KHTML, like Gecko) Chrome/63.0.3239.132 Safari/537.36"
172.22.43.66 - - [06/Feb/2018:14:27:08 +0900] "GET /~j15169tk/wp-includes/js/jquery/jquery.js?ver=1.12.4 HTTP/1.1" 200 97184 "http://www7.dbi.tuis.ac.jp/~j15169tk/" "Mozilla/5.0 (Windows NT 10.0; Win64; x64) AppleWebKit/537.36 (KHTML, like Gecko) Chrome/63.0.3239.132 Safari/537.36"
172.22.43.66 - - [06/Feb/2018:14:27:08 +0900] "GET /~j15169tk/wp-includes/js/jquery/jquery-migrate.min.js?ver=1.4.1 HTTP/1.1" 200 10056 "http://www7.dbi.tuis.ac.jp/~j15169tk/" "Mozilla/5.0 (Windows NT 10.0; Win64; x64) AppleWebKit/537.36 (KHTML, like Gecko) Chrome/63.0.3239.132 Safari/537.36"
172.22.43.66 - - [06/Feb/2018:14:27:08 +0900] "GET /~j15169tk/wp-content/themes/poseidon/js/navigation.js?ver=20170127 HTTP/1.1" 200 5391 "http://www7.dbi.tuis.ac.jp/~j15169tk/" "Mozilla/5.0 (Windows NT 10.0; Win64; x64) AppleWebKit/537.36 (KHTML, like Gecko) Chrome/63.0.3239.132 Safari/537.36"
172.22.43.66 - kyoshi [06/Feb/2018:14:27:07 +0900] "GET /~j15169tk/ HTTP/1.1" 200 28677 "http://www7.dbi.tuis.ac.jp/wm2017.php" "Mozilla/5.0 (Windows NT 10.0; Win64; x64) AppleWebKit/537.36 (KHTML, like Gecko) Chrome/63.0.3239.132 Safari/537.36"
172.22.43.66 - - [06/Feb/2018:14:27:08 +0900] "GET /~j15169tk/wp-includes/js/wp-emoji-release.min.js?ver=4.8.2 HTTP/1.1" 200 11915 "http://www7.dbi.tuis.ac.jp/~j15169tk/" "Mozilla/5.0 (Windows NT 10.0; Win64; x64) AppleWebKit/537.36 (KHTML, like Gecko) Chrome/63.0.3239.132 Safari/537.36"
172.22.43.66 - - [06/Feb/2018:14:27:08 +0900] "GET /~j15169tk/wp-content/uploads/2017/12/20170510-codwwii-thum.jpg HTTP/1.1" 200 51052 "http://www7.dbi.tuis.ac.jp/~j15169tk/" "Mozilla/5.0 (Windows NT 10.0; Win64; x64) AppleWebKit/537.36 (KHTML, like Gecko) Chrome/63.0.3239.132 Safari/537.36"
172.22.43.66 - - [06/Feb/2018:14:27:09 +0900] "GET /~j15169tk/wp-includes/js/wp-embed.min.js?ver=4.8.2 HTTP/1.1" 200 1398 "http://www7.dbi.tuis.ac.jp/~j15169tk/" "Mozilla/5.0 (Windows NT 10.0; Win64; x64) AppleWebKit/537.36 (KHTML, like Gecko) Chrome/63.0.3239.132 Safari/537.36"
172.22.43.66 - - [06/Feb/2018:14:27:08 +0900] "GET /~j15169tk/wp-content/uploads/2017/12/cropped-COD-WW2.png HTTP/1.1" 200 4934268 "http://www7.dbi.tuis.ac.jp/~j15169tk/" "Mozilla/5.0 (Windows NT 10.0; Win64; x64) AppleWebKit/537.36 (KHTML, like Gecko) Chrome/63.0.3239.132 Safari/537.36"
202.26.151.7 - - [06/Feb/2018:14:27:07 +0900] "POST /~j15169tk/wp-cron.php?doing_wp_cron=1517894827.8130118846893310546875 HTTP/1.1" 200 - "http://www7.dbi.tuis.ac.jp/~j15169tk/wp-cron.php?doing_wp_cron=1517894827.8130118846893310546875" "WordPress/4.8.2; http://www7.dbi.tuis.ac.jp/~j15169tk"
::1 - - [06/Feb/2018:14:27:16 +0900] "OPTIONS * HTTP/1.0" 200 - "-" "Apache/2.4.6 (CentOS) OpenSSL/1.0.2k-fips mod_fcgid/2.3.9 PHP/5.4.16 mod_wsgi/3.4 Python/2.7.5 (internal dummy connection)"
172.22.43.66 - kyoshi [06/Feb/2018:14:27:17 +0900] "GET /~j15169tk/?page_id=50 HTTP/1.1" 200 16236 "http://www7.dbi.tuis.ac.jp/~j15169tk/" "Mozilla/5.0 (Windows NT 10.0; Win64; x64) AppleWebKit/537.36 (KHTML, like Gecko) Chrome/63.0.3239.132 Safari/537.36"
::1 - - [06/Feb/2018:14:27:17 +0900] "OPTIONS * HTTP/1.0" 200 - "-" "Apache/2.4.6 (CentOS) OpenSSL/1.0.2k-fips mod_fcgid/2.3.9 PHP/5.4.16 mod_wsgi/3.4 Python/2.7.5 (internal dummy connection)"
172.22.43.66 - kyoshi [06/Feb/2018:14:27:21 +0900] "GET /~j15169tk/?page_id=38 HTTP/1.1" 200 16192 "http://www7.dbi.tuis.ac.jp/~j15169tk/?page_id=50" "Mozilla/5.0 (Windows NT 10.0; Win64; x64) AppleWebKit/537.36 (KHTML, like Gecko) Chrome/63.0.3239.132 Safari/537.36"
172.22.43.66 - kyoshi [06/Feb/2018:14:27:27 +0900] "GET /~j15169tk/?m=201801 HTTP/1.1" 200 17973 "http://www7.dbi.tuis.ac.jp/~j15169tk/?page_id=38" "Mozilla/5.0 (Windows NT 10.0; Win64; x64) AppleWebKit/537.36 (KHTML, like Gecko) Chrome/63.0.3239.132 Safari/537.36"
172.22.43.66 - kyoshi [06/Feb/2018:14:27:28 +0900] "GET /~j15169tk/?m=201712 HTTP/1.1" 200 20818 "http://www7.dbi.tuis.ac.jp/~j15169tk/?m=201801" "Mozilla/5.0 (Windows NT 10.0; Win64; x64) AppleWebKit/537.36 (KHTML, like Gecko) Chrome/63.0.3239.132 Safari/537.36"
172.22.43.66 - kyoshi [06/Feb/2018:14:27:28 +0900] "GET /~j15169tk/?m=201711 HTTP/1.1" 200 20938 "http://www7.dbi.tuis.ac.jp/~j15169tk/?m=201712" "Mozilla/5.0 (Windows NT 10.0; Win64; x64) AppleWebKit/537.36 (KHTML, like Gecko) Chrome/63.0.3239.132 Safari/537.36"
172.22.43.66 - kyoshi [06/Feb/2018:14:27:29 +0900] "GET /~j15169tk/?m=201710 HTTP/1.1" 200 16614 "http://www7.dbi.tuis.ac.jp/~j15169tk/?m=201711" "Mozilla/5.0 (Windows NT 10.0; Win64; x64) AppleWebKit/537.36 (KHTML, like Gecko) Chrome/63.0.3239.132 Safari/537.36"
172.22.43.66 - kyoshi [06/Feb/2018:14:27:31 +0900] "GET /~j15169tk/?m=201711 HTTP/1.1" 200 20938 "http://www7.dbi.tuis.ac.jp/~j15169tk/?m=201710" "Mozilla/5.0 (Windows NT 10.0; Win64; x64) AppleWebKit/537.36 (KHTML, like Gecko) Chrome/63.0.3239.132 Safari/537.36"
172.22.43.66 - kyoshi [06/Feb/2018:14:27:33 +0900] "GET /~j15169tk/?m=20171103 HTTP/1.1" 200 16997 "http://www7.dbi.tuis.ac.jp/~j15169tk/?m=201711" "Mozilla/5.0 (Windows NT 10.0; Win64; x64) AppleWebKit/537.36 (KHTML, like Gecko) Chrome/63.0.3239.132 Safari/537.36"
172.22.43.66 - - [06/Feb/2018:14:27:35 +0900] "GET /~j15169tk/wp-content/themes/poseidon/css/themezee-related-posts.css?ver=20160421 HTTP/1.1" 200 5394 "http://www7.dbi.tuis.ac.jp/~j15169tk/?p=8" "Mozilla/5.0 (Windows NT 10.0; Win64; x64) AppleWebKit/537.36 (KHTML, like Gecko) Chrome/63.0.3239.132 Safari/537.36"
172.22.43.66 - kyoshi [06/Feb/2018:14:27:35 +0900] "GET /~j15169tk/?p=8 HTTP/1.1" 200 20298 "http://www7.dbi.tuis.ac.jp/~j15169tk/?m=20171103" "Mozilla/5.0 (Windows NT 10.0; Win64; x64) AppleWebKit/537.36 (KHTML, like Gecko) Chrome/63.0.3239.132 Safari/537.36"
172.22.43.66 - - [06/Feb/2018:14:27:35 +0900] "GET /~j15169tk/wp-includes/js/comment-reply.min.js?ver=4.8.2 HTTP/1.1" 200 1078 "http://www7.dbi.tuis.ac.jp/~j15169tk/?p=8" "Mozilla/5.0 (Windows NT 10.0; Win64; x64) AppleWebKit/537.36 (KHTML, like Gecko) Chrome/63.0.3239.132 Safari/537.36"
::1 - - [06/Feb/2018:14:27:42 +0900] "OPTIONS * HTTP/1.0" 200 - "-" "Apache/2.4.6 (CentOS) OpenSSL/1.0.2k-fips mod_fcgid/2.3.9 PHP/5.4.16 mod_wsgi/3.4 Python/2.7.5 (internal dummy connection)"
172.22.43.66 - kyoshi [06/Feb/2018:14:27:46 +0900] "GET /~j15169tk/ HTTP/1.1" 200 28677 "http://www7.dbi.tuis.ac.jp/~j15169tk/?p=8" "Mozilla/5.0 (Windows NT 10.0; Win64; x64) AppleWebKit/537.36 (KHTML, like Gecko) Chrome/63.0.3239.132 Safari/537.36"
172.22.43.66 - kyoshi [06/Feb/2018:14:27:48 +0900] "GET /~j15169tk/?p=123 HTTP/1.1" 200 20650 "http://www7.dbi.tuis.ac.jp/~j15169tk/" "Mozilla/5.0 (Windows NT 10.0; Win64; x64) AppleWebKit/537.36 (KHTML, like Gecko) Chrome/63.0.3239.132 Safari/537.36"
172.22.43.66 - - [06/Feb/2018:14:27:51 +0900] "GET /~j15169tk/wp-content/uploads/2018/01/link2017.csv-768x415.jpeg HTTP/1.1" 200 29082 "http://www7.dbi.tuis.ac.jp/~j15169tk/?p=123" "Mozilla/5.0 (Windows NT 10.0; Win64; x64) AppleWebKit/537.36 (KHTML, like Gecko) Chrome/63.0.3239.132 Safari/537.36"
172.22.43.66 - - [06/Feb/2018:14:28:24 +0900] "GET /~j15175tk HTTP/1.1" 301 245 "http://www7.dbi.tuis.ac.jp/wm2017.php" "Mozilla/5.0 (Windows NT 10.0; Win64; x64) AppleWebKit/537.36 (KHTML, like Gecko) Chrome/63.0.3239.132 Safari/537.36"
172.22.43.66 - - [06/Feb/2018:14:28:25 +0900] "GET /~j15175tk/wp-content/themes/twentyfifteen/genericons/genericons.css?ver=3.2 HTTP/1.1" 200 27519 "http://www7.dbi.tuis.ac.jp/~j15175tk/" "Mozilla/5.0 (Windows NT 10.0; Win64; x64) AppleWebKit/537.36 (KHTML, like Gecko) Chrome/63.0.3239.132 Safari/537.36"
172.22.43.66 - - [06/Feb/2018:14:28:25 +0900] "GET /~j15175tk/wp-content/themes/twentyfifteen/style.css?ver=4.8.2 HTTP/1.1" 200 97742 "http://www7.dbi.tuis.ac.jp/~j15175tk/" "Mozilla/5.0 (Windows NT 10.0; Win64; x64) AppleWebKit/537.36 (KHTML, like Gecko) Chrome/63.0.3239.132 Safari/537.36"
172.22.43.66 - - [06/Feb/2018:14:28:25 +0900] "GET /~j15175tk/wp-includes/js/jquery/jquery.js?ver=1.12.4 HTTP/1.1" 200 97184 "http://www7.dbi.tuis.ac.jp/~j15175tk/" "Mozilla/5.0 (Windows NT 10.0; Win64; x64) AppleWebKit/537.36 (KHTML, like Gecko) Chrome/63.0.3239.132 Safari/537.36"
172.22.43.66 - - [06/Feb/2018:14:28:25 +0900] "GET /~j15175tk/wp-includes/js/jquery/jquery-migrate.min.js?ver=1.4.1 HTTP/1.1" 200 10056 "http://www7.dbi.tuis.ac.jp/~j15175tk/" "Mozilla/5.0 (Windows NT 10.0; Win64; x64) AppleWebKit/537.36 (KHTML, like Gecko) Chrome/63.0.3239.132 Safari/537.36"
172.22.43.66 - - [06/Feb/2018:14:28:25 +0900] "GET /~j15175tk/wp-includes/js/wp-emoji-release.min.js?ver=4.8.2 HTTP/1.1" 200 11915 "http://www7.dbi.tuis.ac.jp/~j15175tk/" "Mozilla/5.0 (Windows NT 10.0; Win64; x64) AppleWebKit/537.36 (KHTML, like Gecko) Chrome/63.0.3239.132 Safari/537.36"
172.22.43.66 - - [06/Feb/2018:14:28:25 +0900] "GET /~j15175tk/wp-content/uploads/2018/01/%E3%82%B5%E3%83%BC%E3%82%AF%E3%83%AB%E5%8F%AF%E8%A6%96%E5%8C%96-300x211.png HTTP/1.1" 200 57100 "http://www7.dbi.tuis.ac.jp/~j15175tk/" "Mozilla/5.0 (Windows NT 10.0; Win64; x64) AppleWebKit/537.36 (KHTML, like Gecko) Chrome/63.0.3239.132 Safari/537.36"
172.22.43.66 - kyoshi [06/Feb/2018:14:28:24 +0900] "GET /~j15175tk/ HTTP/1.1" 200 37369 "http://www7.dbi.tuis.ac.jp/wm2017.php" "Mozilla/5.0 (Windows NT 10.0; Win64; x64) AppleWebKit/537.36 (KHTML, like Gecko) Chrome/63.0.3239.132 Safari/537.36"
172.22.43.66 - - [06/Feb/2018:14:28:25 +0900] "GET /~j15175tk/wp-content/uploads/2017/10/blue-smoke-2_00446180-300x169.jpg HTTP/1.1" 200 8045 "http://www7.dbi.tuis.ac.jp/~j15175tk/" "Mozilla/5.0 (Windows NT 10.0; Win64; x64) AppleWebKit/537.36 (KHTML, like Gecko) Chrome/63.0.3239.132 Safari/537.36"
172.22.43.66 - - [06/Feb/2018:14:28:25 +0900] "GET /~j15175tk/wp-content/themes/twentyfifteen/js/skip-link-focus-fix.js?ver=20141010 HTTP/1.1" 200 727 "http://www7.dbi.tuis.ac.jp/~j15175tk/" "Mozilla/5.0 (Windows NT 10.0; Win64; x64) AppleWebKit/537.36 (KHTML, like Gecko) Chrome/63.0.3239.132 Safari/537.36"
172.22.43.66 - - [06/Feb/2018:14:28:25 +0900] "GET /~j15175tk/wp-content/themes/twentyfifteen/js/functions.js?ver=20150330 HTTP/1.1" 200 5920 "http://www7.dbi.tuis.ac.jp/~j15175tk/" "Mozilla/5.0 (Windows NT 10.0; Win64; x64) AppleWebKit/537.36 (KHTML, like Gecko) Chrome/63.0.3239.132 Safari/537.36"
172.22.43.66 - - [06/Feb/2018:14:28:25 +0900] "GET /~j15175tk/wp-includes/js/wp-embed.min.js?ver=4.8.2 HTTP/1.1" 200 1398 "http://www7.dbi.tuis.ac.jp/~j15175tk/" "Mozilla/5.0 (Windows NT 10.0; Win64; x64) AppleWebKit/537.36 (KHTML, like Gecko) Chrome/63.0.3239.132 Safari/537.36"
172.22.43.66 - - [06/Feb/2018:14:28:26 +0900] "GET /~j15175tk/wp-content/uploads/2017/10/cropped-blue-smoke-2_00446180-3.jpg HTTP/1.1" 200 36183 "http://www7.dbi.tuis.ac.jp/~j15175tk/" "Mozilla/5.0 (Windows NT 10.0; Win64; x64) AppleWebKit/537.36 (KHTML, like Gecko) Chrome/63.0.3239.132 Safari/537.36"
172.22.43.66 - - [06/Feb/2018:14:28:26 +0900] "GET /~j15175tk/wp-content/uploads/2017/10/blue-smoke-2_00446180.jpg HTTP/1.1" 200 425179 "http://www7.dbi.tuis.ac.jp/~j15175tk/" "Mozilla/5.0 (Windows NT 10.0; Win64; x64) AppleWebKit/537.36 (KHTML, like Gecko) Chrome/63.0.3239.132 Safari/537.36"
202.26.151.7 - - [06/Feb/2018:14:28:24 +0900] "POST /~j15175tk/wp-cron.php?doing_wp_cron=1517894904.4677629470825195312500 HTTP/1.1" 200 - "http://www7.dbi.tuis.ac.jp/~j15175tk/wp-cron.php?doing_wp_cron=1517894904.4677629470825195312500" "WordPress/4.8.2; http://www7.dbi.tuis.ac.jp/~j15175tk"
172.22.43.66 - kyoshi [06/Feb/2018:14:28:42 +0900] "GET /~j15175tk/?m=201711 HTTP/1.1" 200 27892 "http://www7.dbi.tuis.ac.jp/~j15175tk/" "Mozilla/5.0 (Windows NT 10.0; Win64; x64) AppleWebKit/537.36 (KHTML, like Gecko) Chrome/63.0.3239.132 Safari/537.36"
172.22.43.66 - kyoshi [06/Feb/2018:14:28:56 +0900] "GET /~j15175tk/ HTTP/1.1" 200 37369 "http://www7.dbi.tuis.ac.jp/~j15175tk/?m=201711" "Mozilla/5.0 (Windows NT 10.0; Win64; x64) AppleWebKit/537.36 (KHTML, like Gecko) Chrome/63.0.3239.132 Safari/537.36"
172.22.43.66 - - [06/Feb/2018:14:29:20 +0900] "GET /~j15179tk HTTP/1.1" 301 245 "http://www7.dbi.tuis.ac.jp/wm2017.php" "Mozilla/5.0 (Windows NT 10.0; Win64; x64) AppleWebKit/537.36 (KHTML, like Gecko) Chrome/63.0.3239.132 Safari/537.36"
172.22.43.66 - - [06/Feb/2018:14:29:23 +0900] "GET /~j15179tk/wp-content/themes/sobre-lite/style.css?ver=4.8.2 HTTP/1.1" 200 933 "http://www7.dbi.tuis.ac.jp/~j15179tk/" "Mozilla/5.0 (Windows NT 10.0; Win64; x64) AppleWebKit/537.36 (KHTML, like Gecko) Chrome/63.0.3239.132 Safari/537.36"
172.22.43.66 - - [06/Feb/2018:14:29:23 +0900] "GET /~j15179tk/wp-content/themes/sobre-lite/css/font-icons.css?ver=4.8.2 HTTP/1.1" 200 2793 "http://www7.dbi.tuis.ac.jp/~j15179tk/" "Mozilla/5.0 (Windows NT 10.0; Win64; x64) AppleWebKit/537.36 (KHTML, like Gecko) Chrome/63.0.3239.132 Safari/537.36"
172.22.43.66 - - [06/Feb/2018:14:29:23 +0900] "GET /~j15179tk/wp-content/themes/sobre-lite/css/style.css?ver=4.8.2 HTTP/1.1" 200 99263 "http://www7.dbi.tuis.ac.jp/~j15179tk/" "Mozilla/5.0 (Windows NT 10.0; Win64; x64) AppleWebKit/537.36 (KHTML, like Gecko) Chrome/63.0.3239.132 Safari/537.36"
172.22.43.66 - - [06/Feb/2018:14:29:23 +0900] "GET /~j15179tk/wp-content/themes/sobre-lite/css/core-styles.css?ver=4.8.2 HTTP/1.1" 200 4354 "http://www7.dbi.tuis.ac.jp/~j15179tk/" "Mozilla/5.0 (Windows NT 10.0; Win64; x64) AppleWebKit/537.36 (KHTML, like Gecko) Chrome/63.0.3239.132 Safari/537.36"
172.22.43.66 - - [06/Feb/2018:14:29:23 +0900] "GET /~j15179tk/wp-content/themes/sobre-lite/css/temp.css?ver=4.8.2 HTTP/1.1" 200 124 "http://www7.dbi.tuis.ac.jp/~j15179tk/" "Mozilla/5.0 (Windows NT 10.0; Win64; x64) AppleWebKit/537.36 (KHTML, like Gecko) Chrome/63.0.3239.132 Safari/537.36"
172.22.43.66 - - [06/Feb/2018:14:29:23 +0900] "GET /~j15179tk/wp-content/themes/sobre-lite/css/bootstrap.css?ver=4.8.2 HTTP/1.1" 200 146583 "http://www7.dbi.tuis.ac.jp/~j15179tk/" "Mozilla/5.0 (Windows NT 10.0; Win64; x64) AppleWebKit/537.36 (KHTML, like Gecko) Chrome/63.0.3239.132 Safari/537.36"
172.22.43.66 - - [06/Feb/2018:14:29:23 +0900] "GET /~j15179tk/wp-includes/js/jquery/jquery.js?ver=1.12.4 HTTP/1.1" 200 97184 "http://www7.dbi.tuis.ac.jp/~j15179tk/" "Mozilla/5.0 (Windows NT 10.0; Win64; x64) AppleWebKit/537.36 (KHTML, like Gecko) Chrome/63.0.3239.132 Safari/537.36"
172.22.43.66 - - [06/Feb/2018:14:29:23 +0900] "GET /~j15179tk/wp-includes/js/jquery/jquery-migrate.min.js?ver=1.4.1 HTTP/1.1" 200 10056 "http://www7.dbi.tuis.ac.jp/~j15179tk/" "Mozilla/5.0 (Windows NT 10.0; Win64; x64) AppleWebKit/537.36 (KHTML, like Gecko) Chrome/63.0.3239.132 Safari/537.36"
172.22.43.66 - - [06/Feb/2018:14:29:23 +0900] "GET /~j15179tk/wp-includes/js/wp-emoji-release.min.js?ver=4.8.2 HTTP/1.1" 200 11915 "http://www7.dbi.tuis.ac.jp/~j15179tk/" "Mozilla/5.0 (Windows NT 10.0; Win64; x64) AppleWebKit/537.36 (KHTML, like Gecko) Chrome/63.0.3239.132 Safari/537.36"
172.22.43.66 - kyoshi [06/Feb/2018:14:29:20 +0900] "GET /~j15179tk/ HTTP/1.1" 200 22902 "http://www7.dbi.tuis.ac.jp/wm2017.php" "Mozilla/5.0 (Windows NT 10.0; Win64; x64) AppleWebKit/537.36 (KHTML, like Gecko) Chrome/63.0.3239.132 Safari/537.36"
172.22.43.66 - - [06/Feb/2018:14:29:23 +0900] "GET /~j15179tk/wp-includes/js/imagesloaded.min.js?ver=3.2.0 HTTP/1.1" 200 7994 "http://www7.dbi.tuis.ac.jp/~j15179tk/" "Mozilla/5.0 (Windows NT 10.0; Win64; x64) AppleWebKit/537.36 (KHTML, like Gecko) Chrome/63.0.3239.132 Safari/537.36"
172.22.43.66 - - [06/Feb/2018:14:29:23 +0900] "GET /~j15179tk/wp-content/themes/sobre-lite/js/bootstrap.js?ver=4.8.2 HTTP/1.1" 200 69967 "http://www7.dbi.tuis.ac.jp/~j15179tk/" "Mozilla/5.0 (Windows NT 10.0; Win64; x64) AppleWebKit/537.36 (KHTML, like Gecko) Chrome/63.0.3239.132 Safari/537.36"
172.22.43.66 - - [06/Feb/2018:14:29:23 +0900] "GET /~j15179tk/wp-content/themes/sobre-lite/js/ajax-posts-load.js?ver=4.8.2 HTTP/1.1" 200 1219 "http://www7.dbi.tuis.ac.jp/~j15179tk/" "Mozilla/5.0 (Windows NT 10.0; Win64; x64) AppleWebKit/537.36 (KHTML, like Gecko) Chrome/63.0.3239.132 Safari/537.36"
172.22.43.66 - - [06/Feb/2018:14:29:23 +0900] "GET /~j15179tk/wp-content/themes/sobre-lite/js/isotope.pkgd.js?ver=4.8.2 HTTP/1.1" 200 91099 "http://www7.dbi.tuis.ac.jp/~j15179tk/" "Mozilla/5.0 (Windows NT 10.0; Win64; x64) AppleWebKit/537.36 (KHTML, like Gecko) Chrome/63.0.3239.132 Safari/537.36"
172.22.43.66 - - [06/Feb/2018:14:29:23 +0900] "GET /~j15179tk/wp-content/themes/sobre-lite/js/scripts.js?ver=4.8.2 HTTP/1.1" 200 2803 "http://www7.dbi.tuis.ac.jp/~j15179tk/" "Mozilla/5.0 (Windows NT 10.0; Win64; x64) AppleWebKit/537.36 (KHTML, like Gecko) Chrome/63.0.3239.132 Safari/537.36"
172.22.43.66 - - [06/Feb/2018:14:29:23 +0900] "GET /~j15179tk/wp-includes/js/wp-embed.min.js?ver=4.8.2 HTTP/1.1" 200 1398 "http://www7.dbi.tuis.ac.jp/~j15179tk/" "Mozilla/5.0 (Windows NT 10.0; Win64; x64) AppleWebKit/537.36 (KHTML, like Gecko) Chrome/63.0.3239.132 Safari/537.36"
::1 - - [06/Feb/2018:14:29:30 +0900] "OPTIONS * HTTP/1.0" 200 - "-" "Apache/2.4.6 (CentOS) OpenSSL/1.0.2k-fips mod_fcgid/2.3.9 PHP/5.4.16 mod_wsgi/3.4 Python/2.7.5 (internal dummy connection)"
202.26.151.7 - - [06/Feb/2018:14:29:21 +0900] "POST /~j15179tk/wp-cron.php?doing_wp_cron=1517894960.6210579872131347656250 HTTP/1.1" 200 - "http://www7.dbi.tuis.ac.jp/~j15179tk/wp-cron.php?doing_wp_cron=1517894960.6210579872131347656250" "WordPress/4.8.2; http://www7.dbi.tuis.ac.jp/~j15179tk"
::1 - - [06/Feb/2018:14:29:31 +0900] "OPTIONS * HTTP/1.0" 200 - "-" "Apache/2.4.6 (CentOS) OpenSSL/1.0.2k-fips mod_fcgid/2.3.9 PHP/5.4.16 mod_wsgi/3.4 Python/2.7.5 (internal dummy connection)"
::1 - - [06/Feb/2018:14:29:32 +0900] "OPTIONS * HTTP/1.0" 200 - "-" "Apache/2.4.6 (CentOS) OpenSSL/1.0.2k-fips mod_fcgid/2.3.9 PHP/5.4.16 mod_wsgi/3.4 Python/2.7.5 (internal dummy connection)"
172.22.43.66 - kyoshi [06/Feb/2018:14:30:01 +0900] "GET /~j15179tk/?p=112 HTTP/1.1" 200 18379 "http://www7.dbi.tuis.ac.jp/~j15179tk/" "Mozilla/5.0 (Windows NT 10.0; Win64; x64) AppleWebKit/537.36 (KHTML, like Gecko) Chrome/63.0.3239.132 Safari/537.36"
172.22.43.66 - - [06/Feb/2018:14:30:01 +0900] "GET /~j15179tk/wp-content/uploads/2018/01/%E7%84%A1%E9%A1%8C-300x209.png HTTP/1.1" 200 54267 "http://www7.dbi.tuis.ac.jp/~j15179tk/?p=112" "Mozilla/5.0 (Windows NT 10.0; Win64; x64) AppleWebKit/537.36 (KHTML, like Gecko) Chrome/63.0.3239.132 Safari/537.36"
172.22.43.66 - - [06/Feb/2018:14:30:01 +0900] "GET /~j15179tk/wp-includes/js/comment-reply.min.js?ver=4.8.2 HTTP/1.1" 200 1078 "http://www7.dbi.tuis.ac.jp/~j15179tk/?p=112" "Mozilla/5.0 (Windows NT 10.0; Win64; x64) AppleWebKit/537.36 (KHTML, like Gecko) Chrome/63.0.3239.132 Safari/537.36"
172.22.43.66 - - [06/Feb/2018:14:30:28 +0900] "GET /~j15180nk HTTP/1.1" 301 245 "http://www7.dbi.tuis.ac.jp/wm2017.php" "Mozilla/5.0 (Windows NT 10.0; Win64; x64) AppleWebKit/537.36 (KHTML, like Gecko) Chrome/63.0.3239.132 Safari/537.36"
172.22.43.66 - - [06/Feb/2018:14:30:29 +0900] "GET /~j15180nk/wp-content/themes/wellington/style.css?ver=1.2.2 HTTP/1.1" 200 51745 "http://www7.dbi.tuis.ac.jp/~j15180nk/" "Mozilla/5.0 (Windows NT 10.0; Win64; x64) AppleWebKit/537.36 (KHTML, like Gecko) Chrome/63.0.3239.132 Safari/537.36"
172.22.43.66 - - [06/Feb/2018:14:30:29 +0900] "GET /~j15180nk/wp-content/themes/wellington/css/genericons/genericons.css?ver=3.4.1 HTTP/1.1" 200 28529 "http://www7.dbi.tuis.ac.jp/~j15180nk/" "Mozilla/5.0 (Windows NT 10.0; Win64; x64) AppleWebKit/537.36 (KHTML, like Gecko) Chrome/63.0.3239.132 Safari/537.36"
172.22.43.66 - - [06/Feb/2018:14:30:29 +0900] "GET /~j15180nk/wp-includes/js/jquery/jquery.js?ver=1.12.4 HTTP/1.1" 200 97184 "http://www7.dbi.tuis.ac.jp/~j15180nk/" "Mozilla/5.0 (Windows NT 10.0; Win64; x64) AppleWebKit/537.36 (KHTML, like Gecko) Chrome/63.0.3239.132 Safari/537.36"
172.22.43.66 - - [06/Feb/2018:14:30:29 +0900] "GET /~j15180nk/wp-includes/js/jquery/jquery-migrate.min.js?ver=1.4.1 HTTP/1.1" 200 10056 "http://www7.dbi.tuis.ac.jp/~j15180nk/" "Mozilla/5.0 (Windows NT 10.0; Win64; x64) AppleWebKit/537.36 (KHTML, like Gecko) Chrome/63.0.3239.132 Safari/537.36"
172.22.43.66 - - [06/Feb/2018:14:30:29 +0900] "GET /~j15180nk/wp-content/themes/wellington/js/navigation.js?ver=20160719 HTTP/1.1" 200 5432 "http://www7.dbi.tuis.ac.jp/~j15180nk/" "Mozilla/5.0 (Windows NT 10.0; Win64; x64) AppleWebKit/537.36 (KHTML, like Gecko) Chrome/63.0.3239.132 Safari/537.36"
172.22.43.66 - - [06/Feb/2018:14:30:29 +0900] "GET /~j15180nk/wp-includes/js/wp-emoji-release.min.js?ver=4.8.2 HTTP/1.1" 200 11915 "http://www7.dbi.tuis.ac.jp/~j15180nk/" "Mozilla/5.0 (Windows NT 10.0; Win64; x64) AppleWebKit/537.36 (KHTML, like Gecko) Chrome/63.0.3239.132 Safari/537.36"
172.22.43.66 - kyoshi [06/Feb/2018:14:30:28 +0900] "GET /~j15180nk/ HTTP/1.1" 200 24571 "http://www7.dbi.tuis.ac.jp/wm2017.php" "Mozilla/5.0 (Windows NT 10.0; Win64; x64) AppleWebKit/537.36 (KHTML, like Gecko) Chrome/63.0.3239.132 Safari/537.36"
172.22.43.66 - - [06/Feb/2018:14:30:29 +0900] "GET /~j15180nk/wp-includes/js/wp-embed.min.js?ver=4.8.2 HTTP/1.1" 200 1398 "http://www7.dbi.tuis.ac.jp/~j15180nk/" "Mozilla/5.0 (Windows NT 10.0; Win64; x64) AppleWebKit/537.36 (KHTML, like Gecko) Chrome/63.0.3239.132 Safari/537.36"
172.22.43.66 - - [06/Feb/2018:14:30:29 +0900] "GET /~j15180nk/wp-content/uploads/2017/12/cropped-cropped-CODWW2_1.png HTTP/1.1" 200 923313 "http://www7.dbi.tuis.ac.jp/~j15180nk/" "Mozilla/5.0 (Windows NT 10.0; Win64; x64) AppleWebKit/537.36 (KHTML, like Gecko) Chrome/63.0.3239.132 Safari/537.36"
202.26.151.7 - - [06/Feb/2018:14:30:28 +0900] "POST /~j15180nk/wp-cron.php?doing_wp_cron=1517895028.8091599941253662109375 HTTP/1.1" 200 - "http://www7.dbi.tuis.ac.jp/~j15180nk/wp-cron.php?doing_wp_cron=1517895028.8091599941253662109375" "WordPress/4.8.2; http://www7.dbi.tuis.ac.jp/~j15180nk"
::1 - - [06/Feb/2018:14:30:36 +0900] "OPTIONS * HTTP/1.0" 200 - "-" "Apache/2.4.6 (CentOS) OpenSSL/1.0.2k-fips mod_fcgid/2.3.9 PHP/5.4.16 mod_wsgi/3.4 Python/2.7.5 (internal dummy connection)"
::1 - - [06/Feb/2018:14:30:37 +0900] "OPTIONS * HTTP/1.0" 200 - "-" "Apache/2.4.6 (CentOS) OpenSSL/1.0.2k-fips mod_fcgid/2.3.9 PHP/5.4.16 mod_wsgi/3.4 Python/2.7.5 (internal dummy connection)"
172.22.43.66 - kyoshi [06/Feb/2018:14:30:38 +0900] "GET /~j15179tk/ HTTP/1.1" 200 22902 "http://www7.dbi.tuis.ac.jp/wm2017.php" "Mozilla/5.0 (Windows NT 10.0; Win64; x64) AppleWebKit/537.36 (KHTML, like Gecko) Chrome/63.0.3239.132 Safari/537.36"
172.22.43.66 - kyoshi [06/Feb/2018:14:30:41 +0900] "GET /~j15180nk/ HTTP/1.1" 200 24571 "http://www7.dbi.tuis.ac.jp/wm2017.php" "Mozilla/5.0 (Windows NT 10.0; Win64; x64) AppleWebKit/537.36 (KHTML, like Gecko) Chrome/63.0.3239.132 Safari/537.36"
::1 - - [06/Feb/2018:14:30:49 +0900] "OPTIONS * HTTP/1.0" 200 - "-" "Apache/2.4.6 (CentOS) OpenSSL/1.0.2k-fips mod_fcgid/2.3.9 PHP/5.4.16 mod_wsgi/3.4 Python/2.7.5 (internal dummy connection)"
172.22.43.66 - kyoshi [06/Feb/2018:14:30:50 +0900] "GET /~j15180nk/?page_id=62 HTTP/1.1" 200 14561 "http://www7.dbi.tuis.ac.jp/~j15180nk/" "Mozilla/5.0 (Windows NT 10.0; Win64; x64) AppleWebKit/537.36 (KHTML, like Gecko) Chrome/63.0.3239.132 Safari/537.36"
172.22.43.66 - kyoshi [06/Feb/2018:14:30:54 +0900] "GET /~j15180nk/?page_id=46 HTTP/1.1" 200 14542 "http://www7.dbi.tuis.ac.jp/~j15180nk/?page_id=62" "Mozilla/5.0 (Windows NT 10.0; Win64; x64) AppleWebKit/537.36 (KHTML, like Gecko) Chrome/63.0.3239.132 Safari/537.36"
172.22.43.66 - kyoshi [06/Feb/2018:14:30:58 +0900] "GET /~j15180nk/?page_id=25 HTTP/1.1" 200 14542 "http://www7.dbi.tuis.ac.jp/~j15180nk/?page_id=46" "Mozilla/5.0 (Windows NT 10.0; Win64; x64) AppleWebKit/537.36 (KHTML, like Gecko) Chrome/63.0.3239.132 Safari/537.36"
172.22.43.66 - kyoshi [06/Feb/2018:14:31:07 +0900] "GET /~j15180nk/?m=201711 HTTP/1.1" 200 15745 "http://www7.dbi.tuis.ac.jp/~j15180nk/?page_id=25" "Mozilla/5.0 (Windows NT 10.0; Win64; x64) AppleWebKit/537.36 (KHTML, like Gecko) Chrome/63.0.3239.132 Safari/537.36"
172.22.43.66 - - [06/Feb/2018:14:31:15 +0900] "GET /~j15180nk/wp-content/themes/wellington/css/themezee-related-posts.css?ver=20160421 HTTP/1.1" 200 5396 "http://www7.dbi.tuis.ac.jp/~j15180nk/?p=106" "Mozilla/5.0 (Windows NT 10.0; Win64; x64) AppleWebKit/537.36 (KHTML, like Gecko) Chrome/63.0.3239.132 Safari/537.36"
172.22.43.66 - kyoshi [06/Feb/2018:14:31:15 +0900] "GET /~j15180nk/?p=106 HTTP/1.1" 200 19854 "http://www7.dbi.tuis.ac.jp/~j15180nk/?m=201711" "Mozilla/5.0 (Windows NT 10.0; Win64; x64) AppleWebKit/537.36 (KHTML, like Gecko) Chrome/63.0.3239.132 Safari/537.36"
172.22.43.66 - - [06/Feb/2018:14:31:15 +0900] "GET /~j15180nk/wp-content/uploads/2018/01/Web%E3%83%9E%E3%83%BC%E3%82%B1%E3%83%86%E3%82%A3%E3%83%B3%E3%82%B0%E8%AB%96%E3%80%80%E3%83%8D%E3%83%83%E3%83%88%E3%83%AF%E3%83%BC%E3%82%AF%E6%A7%8B%E9%80%A0.png HTTP/1.1" 200 164328 "http://www7.dbi.tuis.ac.jp/~j15180nk/?p=106" "Mozilla/5.0 (Windows NT 10.0; Win64; x64) AppleWebKit/537.36 (KHTML, like Gecko) Chrome/63.0.3239.132 Safari/537.36"
172.22.43.66 - - [06/Feb/2018:14:31:15 +0900] "GET /~j15180nk/wp-includes/js/comment-reply.min.js?ver=4.8.2 HTTP/1.1" 200 1078 "http://www7.dbi.tuis.ac.jp/~j15180nk/?p=106" "Mozilla/5.0 (Windows NT 10.0; Win64; x64) AppleWebKit/537.36 (KHTML, like Gecko) Chrome/63.0.3239.132 Safari/537.36"
172.22.43.66 - - [06/Feb/2018:14:31:46 +0900] "GET /~j15182yk HTTP/1.1" 301 245 "http://www7.dbi.tuis.ac.jp/wm2017.php" "Mozilla/5.0 (Windows NT 10.0; Win64; x64) AppleWebKit/537.36 (KHTML, like Gecko) Chrome/63.0.3239.132 Safari/537.36"
172.22.43.66 - - [06/Feb/2018:14:31:47 +0900] "GET /~j15182yk/wp-content/themes/canary/assets/css/font-awesome.css HTTP/1.1" 200 36745 "http://www7.dbi.tuis.ac.jp/~j15182yk/" "Mozilla/5.0 (Windows NT 10.0; Win64; x64) AppleWebKit/537.36 (KHTML, like Gecko) Chrome/63.0.3239.132 Safari/537.36"
172.22.43.66 - - [06/Feb/2018:14:31:47 +0900] "GET /~j15182yk/wp-content/themes/canary/style.css HTTP/1.1" 200 32762 "http://www7.dbi.tuis.ac.jp/~j15182yk/" "Mozilla/5.0 (Windows NT 10.0; Win64; x64) AppleWebKit/537.36 (KHTML, like Gecko) Chrome/63.0.3239.132 Safari/537.36"
172.22.43.66 - - [06/Feb/2018:14:31:47 +0900] "GET /~j15182yk/wp-content/themes/canary/assets/css/responsive.css HTTP/1.1" 200 2249 "http://www7.dbi.tuis.ac.jp/~j15182yk/" "Mozilla/5.0 (Windows NT 10.0; Win64; x64) AppleWebKit/537.36 (KHTML, like Gecko) Chrome/63.0.3239.132 Safari/537.36"
172.22.43.66 - - [06/Feb/2018:14:31:47 +0900] "GET /~j15182yk/wp-includes/js/jquery/jquery-migrate.min.js?ver=1.4.1 HTTP/1.1" 200 10056 "http://www7.dbi.tuis.ac.jp/~j15182yk/" "Mozilla/5.0 (Windows NT 10.0; Win64; x64) AppleWebKit/537.36 (KHTML, like Gecko) Chrome/63.0.3239.132 Safari/537.36"
172.22.43.66 - - [06/Feb/2018:14:31:47 +0900] "GET /~j15182yk/wp-includes/js/jquery/jquery.js?ver=1.12.4 HTTP/1.1" 200 97184 "http://www7.dbi.tuis.ac.jp/~j15182yk/" "Mozilla/5.0 (Windows NT 10.0; Win64; x64) AppleWebKit/537.36 (KHTML, like Gecko) Chrome/63.0.3239.132 Safari/537.36"
172.22.43.66 - - [06/Feb/2018:14:31:47 +0900] "GET /~j15182yk/wp-content/themes/canary/assets/js/main.js HTTP/1.1" 200 1191 "http://www7.dbi.tuis.ac.jp/~j15182yk/" "Mozilla/5.0 (Windows NT 10.0; Win64; x64) AppleWebKit/537.36 (KHTML, like Gecko) Chrome/63.0.3239.132 Safari/537.36"
172.22.43.66 - - [06/Feb/2018:14:31:47 +0900] "GET /~j15182yk/wp-includes/js/wp-emoji-release.min.js?ver=4.8.2 HTTP/1.1" 200 11915 "http://www7.dbi.tuis.ac.jp/~j15182yk/" "Mozilla/5.0 (Windows NT 10.0; Win64; x64) AppleWebKit/537.36 (KHTML, like Gecko) Chrome/63.0.3239.132 Safari/537.36"
172.22.43.66 - kyoshi [06/Feb/2018:14:31:46 +0900] "GET /~j15182yk/ HTTP/1.1" 200 33817 "http://www7.dbi.tuis.ac.jp/wm2017.php" "Mozilla/5.0 (Windows NT 10.0; Win64; x64) AppleWebKit/537.36 (KHTML, like Gecko) Chrome/63.0.3239.132 Safari/537.36"
