192.168.124.1 - - [29/Jan/2018:12:43:58 +0900] "GET /~j15201ks/wp-includes/fonts/dashicons.eot HTTP/1.1" 200 22449 "http://www7.dbi.tuis.ac.jp/~j15201ks/wp-admin/index.php" "Mozilla/4.0 (compatible; MSIE 7.0; Windows NT 6.3; WOW64; Trident/7.0; .NET4.0E; .NET4.0C; .NET CLR 3.5.30729; .NET CLR 2.0.50727; .NET CLR 3.0.30729; InfoPath.3)"
192.168.124.1 - - [29/Jan/2018:12:43:58 +0900] "GET /~j15201ks/wp-admin/load-scripts.php?c=1&load%5B%5D=hoverIntent,common,admin-bar,wp-ajax-response,jquery-color,wp-lists,quicktags,jquery-query,admin-comments,jquery-ui-core,jquery-&load%5B%5D=ui-widget,jquery-ui-mouse,jquery-ui-sortable,postbox,underscore,wp-util,wp-a11y,dashboard,customize-base,customize-loader,thickb&load%5B%5D=ox,plugin-install,updates,shortcode,media-upload,svg-painter,heartbeat,wp-auth-check&ver=4.8.2 HTTP/1.1" 200 70035 "http://www7.dbi.tuis.ac.jp/~j15201ks/wp-admin/index.php" "Mozilla/4.0 (compatible; MSIE 7.0; Windows NT 6.3; WOW64; Trident/7.0; .NET4.0E; .NET4.0C; .NET CLR 3.5.30729; .NET CLR 2.0.50727; .NET CLR 3.0.30729; InfoPath.3)"
192.168.124.1 - - [29/Jan/2018:12:43:58 +0900] "GET /~j15201ks/wp-includes/js/thickbox/loadingAnimation.gif HTTP/1.1" 200 15238 "http://www7.dbi.tuis.ac.jp/~j15201ks/wp-admin/index.php" "Mozilla/4.0 (compatible; MSIE 7.0; Windows NT 6.3; WOW64; Trident/7.0; .NET4.0E; .NET4.0C; .NET CLR 3.5.30729; .NET CLR 2.0.50727; .NET CLR 3.0.30729; InfoPath.3)"
192.168.124.1 - - [29/Jan/2018:12:43:58 +0900] "GET /favicon.ico HTTP/1.1" 404 209 "-" "Mozilla/4.0 (compatible; MSIE 7.0; Windows NT 6.3; WOW64; Trident/7.0; .NET4.0E; .NET4.0C; .NET CLR 3.5.30729; .NET CLR 2.0.50727; .NET CLR 3.0.30729; InfoPath.3)"
192.168.124.1 - - [29/Jan/2018:12:43:58 +0900] "POST /~j15201ks/wp-admin/admin-ajax.php HTTP/1.1" 200 1671 "http://www7.dbi.tuis.ac.jp/~j15201ks/wp-admin/index.php" "Mozilla/4.0 (compatible; MSIE 7.0; Windows NT 6.3; WOW64; Trident/7.0; .NET4.0E; .NET4.0C; .NET CLR 3.5.30729; .NET CLR 2.0.50727; .NET CLR 3.0.30729; InfoPath.3)"
192.168.124.1 - - [29/Jan/2018:12:43:58 +0900] "GET /~j15201ks/wp-admin/admin-ajax.php?action=dashboard-widgets&widget=dashboard_primary&pagenow=dashboard HTTP/1.1" 200 1325 "http://www7.dbi.tuis.ac.jp/~j15201ks/wp-admin/index.php" "Mozilla/4.0 (compatible; MSIE 7.0; Windows NT 6.3; WOW64; Trident/7.0; .NET4.0E; .NET4.0C; .NET CLR 3.5.30729; .NET CLR 2.0.50727; .NET CLR 3.0.30729; InfoPath.3)"
192.168.124.2 - - [29/Jan/2018:12:44:04 +0900] "GET /~j15168yk HTTP/1.1" 301 245 "http://www7.dbi.tuis.ac.jp/wm2017.php" "Mozilla/5.0 (Windows NT 6.3; Win64; x64) AppleWebKit/537.36 (KHTML, like Gecko) Chrome/60.0.3112.101 Safari/537.36"
192.168.124.1 - - [29/Jan/2018:12:44:05 +0900] "GET /~j15201ks/wp-admin/edit.php HTTP/1.1" 200 82581 "http://www7.dbi.tuis.ac.jp/~j15201ks/wp-admin/index.php" "Mozilla/4.0 (compatible; MSIE 7.0; Windows NT 6.3; WOW64; Trident/7.0; .NET4.0E; .NET4.0C; .NET CLR 3.5.30729; .NET CLR 2.0.50727; .NET CLR 3.0.30729; InfoPath.3)"
192.168.124.1 - - [29/Jan/2018:12:44:05 +0900] "GET /~j15201ks/wp-admin/load-scripts.php?c=1&load%5B%5D=hoverIntent,common,admin-bar,jquery-ui-core,jquery-ui-widget,jquery-ui-position,jquery-ui-menu,wp-a11y,jquery-ui-autocomplete,ta&load%5B%5D=gs-suggest,inline-edit-post,heartbeat,svg-painter,wp-auth-check&ver=4.8.2 HTTP/1.1" 200 26950 "http://www7.dbi.tuis.ac.jp/~j15201ks/wp-admin/edit.php" "Mozilla/4.0 (compatible; MSIE 7.0; Windows NT 6.3; WOW64; Trident/7.0; .NET4.0E; .NET4.0C; .NET CLR 3.5.30729; .NET CLR 2.0.50727; .NET CLR 3.0.30729; InfoPath.3)"
192.168.124.2 - - [29/Jan/2018:12:44:05 +0900] "GET /~j15168yk/wp-content/themes/foodhunt/style.css?ver=4.8.2 HTTP/1.1" 200 76191 "http://www7.dbi.tuis.ac.jp/~j15168yk/" "Mozilla/5.0 (Windows NT 6.3; Win64; x64) AppleWebKit/537.36 (KHTML, like Gecko) Chrome/60.0.3112.101 Safari/537.36"
192.168.124.2 - - [29/Jan/2018:12:44:05 +0900] "GET /~j15168yk/wp-content/themes/foodhunt/font-awesome/css/font-awesome.min.css?ver=4.7.0 HTTP/1.1" 200 31002 "http://www7.dbi.tuis.ac.jp/~j15168yk/" "Mozilla/5.0 (Windows NT 6.3; Win64; x64) AppleWebKit/537.36 (KHTML, like Gecko) Chrome/60.0.3112.101 Safari/537.36"
192.168.124.2 - - [29/Jan/2018:12:44:05 +0900] "GET /~j15168yk/wp-includes/js/jquery/jquery.js?ver=1.12.4 HTTP/1.1" 200 97184 "http://www7.dbi.tuis.ac.jp/~j15168yk/" "Mozilla/5.0 (Windows NT 6.3; Win64; x64) AppleWebKit/537.36 (KHTML, like Gecko) Chrome/60.0.3112.101 Safari/537.36"
192.168.124.2 - - [29/Jan/2018:12:44:05 +0900] "GET /~j15168yk/wp-includes/js/jquery/jquery-migrate.min.js?ver=1.4.1 HTTP/1.1" 200 10056 "http://www7.dbi.tuis.ac.jp/~j15168yk/" "Mozilla/5.0 (Windows NT 6.3; Win64; x64) AppleWebKit/537.36 (KHTML, like Gecko) Chrome/60.0.3112.101 Safari/537.36"
192.168.124.2 - - [29/Jan/2018:12:44:04 +0900] "GET /~j15168yk/ HTTP/1.1" 200 35913 "http://www7.dbi.tuis.ac.jp/wm2017.php" "Mozilla/5.0 (Windows NT 6.3; Win64; x64) AppleWebKit/537.36 (KHTML, like Gecko) Chrome/60.0.3112.101 Safari/537.36"
192.168.124.2 - - [29/Jan/2018:12:44:05 +0900] "GET /~j15168yk/wp-content/uploads/2017/12/cropped-normal.jpg HTTP/1.1" 200 227444 "http://www7.dbi.tuis.ac.jp/~j15168yk/" "Mozilla/5.0 (Windows NT 6.3; Win64; x64) AppleWebKit/537.36 (KHTML, like Gecko) Chrome/60.0.3112.101 Safari/537.36"
192.168.124.2 - - [29/Jan/2018:12:44:06 +0900] "GET /~j15168yk/wp-content/themes/foodhunt/js/jquery.bxslider.min.js?ver=4.2.12 HTTP/1.1" 200 23550 "http://www7.dbi.tuis.ac.jp/~j15168yk/" "Mozilla/5.0 (Windows NT 6.3; Win64; x64) AppleWebKit/537.36 (KHTML, like Gecko) Chrome/60.0.3112.101 Safari/537.36"
192.168.124.2 - - [29/Jan/2018:12:44:06 +0900] "GET /~j15168yk/wp-content/themes/foodhunt/js/jquery.parallax-1.1.3.min.js?ver=1.1.3 HTTP/1.1" 200 890 "http://www7.dbi.tuis.ac.jp/~j15168yk/" "Mozilla/5.0 (Windows NT 6.3; Win64; x64) AppleWebKit/537.36 (KHTML, like Gecko) Chrome/60.0.3112.101 Safari/537.36"
192.168.124.2 - - [29/Jan/2018:12:44:06 +0900] "GET /~j15168yk/wp-content/themes/foodhunt/js/jquery.ticker.min.js?ver=1.2.1 HTTP/1.1" 200 2388 "http://www7.dbi.tuis.ac.jp/~j15168yk/" "Mozilla/5.0 (Windows NT 6.3; Win64; x64) AppleWebKit/537.36 (KHTML, like Gecko) Chrome/60.0.3112.101 Safari/537.36"
192.168.124.2 - - [29/Jan/2018:12:44:06 +0900] "GET /~j15168yk/wp-content/themes/foodhunt/js/foodhunt-custom.min.js?ver=4.8.2 HTTP/1.1" 200 2561 "http://www7.dbi.tuis.ac.jp/~j15168yk/" "Mozilla/5.0 (Windows NT 6.3; Win64; x64) AppleWebKit/537.36 (KHTML, like Gecko) Chrome/60.0.3112.101 Safari/537.36"
192.168.124.2 - - [29/Jan/2018:12:44:06 +0900] "GET /~j15168yk/wp-includes/js/wp-embed.min.js?ver=4.8.2 HTTP/1.1" 200 1398 "http://www7.dbi.tuis.ac.jp/~j15168yk/" "Mozilla/5.0 (Windows NT 6.3; Win64; x64) AppleWebKit/537.36 (KHTML, like Gecko) Chrome/60.0.3112.101 Safari/537.36"
192.168.124.2 - - [29/Jan/2018:12:44:06 +0900] "GET /~j15168yk/wp-includes/js/wp-emoji-release.min.js?ver=4.8.2 HTTP/1.1" 200 11915 "http://www7.dbi.tuis.ac.jp/~j15168yk/" "Mozilla/5.0 (Windows NT 6.3; Win64; x64) AppleWebKit/537.36 (KHTML, like Gecko) Chrome/60.0.3112.101 Safari/537.36"
192.168.124.2 - - [29/Jan/2018:12:44:06 +0900] "GET /~j15168yk/wp-content/themes/foodhunt/font-awesome/fonts/fontawesome-webfont.woff2?v=4.7.0 HTTP/1.1" 200 77160 "http://www7.dbi.tuis.ac.jp/~j15168yk/wp-content/themes/foodhunt/font-awesome/css/font-awesome.min.css?ver=4.7.0" "Mozilla/5.0 (Windows NT 6.3; Win64; x64) AppleWebKit/537.36 (KHTML, like Gecko) Chrome/60.0.3112.101 Safari/537.36"
192.168.124.1 - - [29/Jan/2018:12:44:05 +0900] "POST /~j15201ks/wp-admin/admin-ajax.php HTTP/1.1" 200 47 "http://www7.dbi.tuis.ac.jp/~j15201ks/wp-admin/edit.php" "Mozilla/4.0 (compatible; MSIE 7.0; Windows NT 6.3; WOW64; Trident/7.0; .NET4.0E; .NET4.0C; .NET CLR 3.5.30729; .NET CLR 2.0.50727; .NET CLR 3.0.30729; InfoPath.3)"
192.168.124.2 - - [29/Jan/2018:12:44:11 +0900] "GET /~j15168yk/?p=91 HTTP/1.1" 200 22881 "http://www7.dbi.tuis.ac.jp/~j15168yk/" "Mozilla/5.0 (Windows NT 6.3; Win64; x64) AppleWebKit/537.36 (KHTML, like Gecko) Chrome/60.0.3112.101 Safari/537.36"
192.168.124.2 - - [29/Jan/2018:12:44:11 +0900] "GET /~j15168yk/wp-content/uploads/2018/01/%E7%84%A1%E9%A1%8C.png HTTP/1.1" 200 42922 "http://www7.dbi.tuis.ac.jp/~j15168yk/?p=91" "Mozilla/5.0 (Windows NT 6.3; Win64; x64) AppleWebKit/537.36 (KHTML, like Gecko) Chrome/60.0.3112.101 Safari/537.36"
192.168.124.2 - - [29/Jan/2018:12:44:11 +0900] "GET /~j15168yk/wp-includes/js/comment-reply.min.js?ver=4.8.2 HTTP/1.1" 200 1078 "http://www7.dbi.tuis.ac.jp/~j15168yk/?p=91" "Mozilla/5.0 (Windows NT 6.3; Win64; x64) AppleWebKit/537.36 (KHTML, like Gecko) Chrome/60.0.3112.101 Safari/537.36"
::1 - - [29/Jan/2018:12:44:11 +0900] "OPTIONS * HTTP/1.0" 200 - "-" "Apache/2.4.6 (CentOS) OpenSSL/1.0.2k-fips mod_fcgid/2.3.9 PHP/5.4.16 mod_wsgi/3.4 Python/2.7.5 (internal dummy connection)"
::1 - - [29/Jan/2018:12:44:13 +0900] "OPTIONS * HTTP/1.0" 200 - "-" "Apache/2.4.6 (CentOS) OpenSSL/1.0.2k-fips mod_fcgid/2.3.9 PHP/5.4.16 mod_wsgi/3.4 Python/2.7.5 (internal dummy connection)"
192.168.124.1 - - [29/Jan/2018:12:44:17 +0900] "GET /~j15201ks/wp-includes/js/mediaelement/mediaelementplayer.min.css?ver=2.22.0 HTTP/1.1" 200 20431 "http://www7.dbi.tuis.ac.jp/~j15201ks/wp-admin/post-new.php" "Mozilla/4.0 (compatible; MSIE 7.0; Windows NT 6.3; WOW64; Trident/7.0; .NET4.0E; .NET4.0C; .NET CLR 3.5.30729; .NET CLR 2.0.50727; .NET CLR 3.0.30729; InfoPath.3)"
192.168.124.1 - - [29/Jan/2018:12:44:17 +0900] "GET /~j15201ks/wp-includes/js/mediaelement/wp-mediaelement.min.css?ver=4.8.2 HTTP/1.1" 200 4022 "http://www7.dbi.tuis.ac.jp/~j15201ks/wp-admin/post-new.php" "Mozilla/4.0 (compatible; MSIE 7.0; Windows NT 6.3; WOW64; Trident/7.0; .NET4.0E; .NET4.0C; .NET CLR 3.5.30729; .NET CLR 2.0.50727; .NET CLR 3.0.30729; InfoPath.3)"
192.168.124.1 - - [29/Jan/2018:12:44:17 +0900] "GET /~j15201ks/wp-includes/js/imgareaselect/imgareaselect.css?ver=0.9.8 HTTP/1.1" 200 790 "http://www7.dbi.tuis.ac.jp/~j15201ks/wp-admin/post-new.php" "Mozilla/4.0 (compatible; MSIE 7.0; Windows NT 6.3; WOW64; Trident/7.0; .NET4.0E; .NET4.0C; .NET CLR 3.5.30729; .NET CLR 2.0.50727; .NET CLR 3.0.30729; InfoPath.3)"
192.168.124.1 - - [29/Jan/2018:12:44:17 +0900] "GET /~j15201ks/wp-admin/load-styles.php?c=1&dir=ltr&load%5B%5D=dashicons,admin-bar,buttons,media-views,common,forms,admin-menu,dashboard,list-tables,edit,revisions,media,themes,about,nav-menu&load%5B%5D=s,wp-pointer,widgets,site-icon,l10n,wp-auth-check&ver=4.8.2 HTTP/1.1" 200 102729 "http://www7.dbi.tuis.ac.jp/~j15201ks/wp-admin/post-new.php" "Mozilla/4.0 (compatible; MSIE 7.0; Windows NT 6.3; WOW64; Trident/7.0; .NET4.0E; .NET4.0C; .NET CLR 3.5.30729; .NET CLR 2.0.50727; .NET CLR 3.0.30729; InfoPath.3)"
192.168.124.1 - - [29/Jan/2018:12:44:17 +0900] "GET /~j15201ks/wp-includes/css/editor.min.css?ver=4.8.2 HTTP/1.1" 200 28102 "http://www7.dbi.tuis.ac.jp/~j15201ks/wp-admin/post-new.php" "Mozilla/4.0 (compatible; MSIE 7.0; Windows NT 6.3; WOW64; Trident/7.0; .NET4.0E; .NET4.0C; .NET CLR 3.5.30729; .NET CLR 2.0.50727; .NET CLR 3.0.30729; InfoPath.3)"
192.168.124.1 - - [29/Jan/2018:12:44:17 +0900] "GET /~j15201ks/wp-admin/load-scripts.php?c=1&load%5B%5D=jquery-core,jquery-migrate,utils,plupload&ver=4.8.2 HTTP/1.1" 200 81555 "http://www7.dbi.tuis.ac.jp/~j15201ks/wp-admin/post-new.php" "Mozilla/4.0 (compatible; MSIE 7.0; Windows NT 6.3; WOW64; Trident/7.0; .NET4.0E; .NET4.0C; .NET CLR 3.5.30729; .NET CLR 2.0.50727; .NET CLR 3.0.30729; InfoPath.3)"
192.168.124.1 - - [29/Jan/2018:12:44:17 +0900] "GET /~j15201ks/wp-admin/post-new.php HTTP/1.1" 200 133580 "http://www7.dbi.tuis.ac.jp/~j15201ks/wp-admin/edit.php" "Mozilla/4.0 (compatible; MSIE 7.0; Windows NT 6.3; WOW64; Trident/7.0; .NET4.0E; .NET4.0C; .NET CLR 3.5.30729; .NET CLR 2.0.50727; .NET CLR 3.0.30729; InfoPath.3)"
192.168.124.1 - - [29/Jan/2018:12:44:17 +0900] "GET /~j15201ks/wp-admin/load-scripts.php?c=1&load%5B%5D=hoverIntent,common,admin-bar,heartbeat,autosave,suggest,wp-ajax-response,jquery-color,wp-lists,jquery-ui-core,jquery-ui-widget,j&load%5B%5D=query-ui-mouse,jquery-ui-sortable,postbox,jquery-ui-position,jquery-ui-menu,wp-a11y,jquery-ui-autocomplete,tags-suggest,tags-box&load%5B%5D=,underscore,word-count,post,thickbox,shortcode,backbone,wp-util,wp-backbone,media-models,wp-plupload,mediaelement,wp-mediaelemen&load%5B%5D=t,media-views,media-editor,media-audiovideo,mce-view,imgareaselect,image-edit,svg-painter,wp-auth-check,quicktags,wplink,media-u&load%5B%5D=pload,wp-embed&ver=4.8.2 HTTP/1.1" 200 158157 "http://www7.dbi.tuis.ac.jp/~j15201ks/wp-admin/post-new.php" "Mozilla/4.0 (compatible; MSIE 7.0; Windows NT 6.3; WOW64; Trident/7.0; .NET4.0E; .NET4.0C; .NET CLR 3.5.30729; .NET CLR 2.0.50727; .NET CLR 3.0.30729; InfoPath.3)"
192.168.124.1 - - [29/Jan/2018:12:44:17 +0900] "GET /~j15201ks/wp-admin/images/resize.gif HTTP/1.1" 200 70 "http://www7.dbi.tuis.ac.jp/~j15201ks/wp-admin/post-new.php" "Mozilla/4.0 (compatible; MSIE 7.0; Windows NT 6.3; WOW64; Trident/7.0; .NET4.0E; .NET4.0C; .NET CLR 3.5.30729; .NET CLR 2.0.50727; .NET CLR 3.0.30729; InfoPath.3)"
192.168.124.1 - - [29/Jan/2018:12:44:17 +0900] "GET /~j15201ks/wp-admin/images/spinner.gif HTTP/1.1" 200 4162 "http://www7.dbi.tuis.ac.jp/~j15201ks/wp-admin/post-new.php" "Mozilla/4.0 (compatible; MSIE 7.0; Windows NT 6.3; WOW64; Trident/7.0; .NET4.0E; .NET4.0C; .NET CLR 3.5.30729; .NET CLR 2.0.50727; .NET CLR 3.0.30729; InfoPath.3)"
202.26.151.7 - - [29/Jan/2018:12:44:04 +0900] "POST /~j15168yk/wp-cron.php?doing_wp_cron=1517197444.8745119571685791015625 HTTP/1.1" 200 - "http://www7.dbi.tuis.ac.jp/~j15168yk/wp-cron.php?doing_wp_cron=1517197444.8745119571685791015625" "WordPress/4.8.2; http://www7.dbi.tuis.ac.jp/~j15168yk"
::1 - - [29/Jan/2018:12:44:24 +0900] "OPTIONS * HTTP/1.0" 200 - "-" "Apache/2.4.6 (CentOS) OpenSSL/1.0.2k-fips mod_fcgid/2.3.9 PHP/5.4.16 mod_wsgi/3.4 Python/2.7.5 (internal dummy connection)"
::1 - - [29/Jan/2018:12:44:25 +0900] "OPTIONS * HTTP/1.0" 200 - "-" "Apache/2.4.6 (CentOS) OpenSSL/1.0.2k-fips mod_fcgid/2.3.9 PHP/5.4.16 mod_wsgi/3.4 Python/2.7.5 (internal dummy connection)"
192.168.124.2 - - [29/Jan/2018:12:45:12 +0900] "-" 408 - "-" "-"
192.168.124.2 - - [29/Jan/2018:12:45:12 +0900] "-" 408 - "-" "-"
192.168.124.2 - - [29/Jan/2018:12:45:12 +0900] "-" 408 - "-" "-"
192.168.124.1 - - [29/Jan/2018:12:45:12 +0900] "POST /~j15201ks/wp-admin/admin-ajax.php HTTP/1.1" 200 175 "http://www7.dbi.tuis.ac.jp/~j15201ks/wp-admin/post-new.php" "Mozilla/4.0 (compatible; MSIE 7.0; Windows NT 6.3; WOW64; Trident/7.0; .NET4.0E; .NET4.0C; .NET CLR 3.5.30729; .NET CLR 2.0.50727; .NET CLR 3.0.30729; InfoPath.3)"
192.168.124.1 - - [29/Jan/2018:12:45:14 +0900] "POST /~j15201ks/wp-admin/admin-ajax.php HTTP/1.1" 200 364 "http://www7.dbi.tuis.ac.jp/~j15201ks/wp-admin/post-new.php" "Mozilla/4.0 (compatible; MSIE 7.0; Windows NT 6.3; WOW64; Trident/7.0; .NET4.0E; .NET4.0C; .NET CLR 3.5.30729; .NET CLR 2.0.50727; .NET CLR 3.0.30729; InfoPath.3)"
192.168.124.2 - - [29/Jan/2018:12:45:35 +0900] "GET /~j15999ky HTTP/1.1" 301 245 "http://www7.dbi.tuis.ac.jp/wm2017.php" "Mozilla/5.0 (Windows NT 6.3; Win64; x64) AppleWebKit/537.36 (KHTML, like Gecko) Chrome/60.0.3112.101 Safari/537.36"
192.168.124.2 - - [29/Jan/2018:12:45:35 +0900] "GET /~j15999ky/ HTTP/1.1" 200 34057 "http://www7.dbi.tuis.ac.jp/wm2017.php" "Mozilla/5.0 (Windows NT 6.3; Win64; x64) AppleWebKit/537.36 (KHTML, like Gecko) Chrome/60.0.3112.101 Safari/537.36"
192.168.124.2 - - [29/Jan/2018:12:45:36 +0900] "GET /~j15999ky/wp-content/themes/hanne/style.css?ver=4.8.2 HTTP/1.1" 200 15997 "http://www7.dbi.tuis.ac.jp/~j15999ky/" "Mozilla/5.0 (Windows NT 6.3; Win64; x64) AppleWebKit/537.36 (KHTML, like Gecko) Chrome/60.0.3112.101 Safari/537.36"
192.168.124.2 - - [29/Jan/2018:12:45:36 +0900] "GET /~j15999ky/wp-content/themes/hanne/assets/font-awesome/css/font-awesome.min.css?ver=4.8.2 HTTP/1.1" 200 29063 "http://www7.dbi.tuis.ac.jp/~j15999ky/" "Mozilla/5.0 (Windows NT 6.3; Win64; x64) AppleWebKit/537.36 (KHTML, like Gecko) Chrome/60.0.3112.101 Safari/537.36"
192.168.124.2 - - [29/Jan/2018:12:45:36 +0900] "GET /~j15999ky/wp-content/themes/hanne/assets/css/nivo-slider.css?ver=4.8.2 HTTP/1.1" 200 1946 "http://www7.dbi.tuis.ac.jp/~j15999ky/" "Mozilla/5.0 (Windows NT 6.3; Win64; x64) AppleWebKit/537.36 (KHTML, like Gecko) Chrome/60.0.3112.101 Safari/537.36"
192.168.124.2 - - [29/Jan/2018:12:45:36 +0900] "GET /~j15999ky/wp-content/themes/hanne/assets/css/nivo-default/default.css?ver=4.8.2 HTTP/1.1" 200 2019 "http://www7.dbi.tuis.ac.jp/~j15999ky/" "Mozilla/5.0 (Windows NT 6.3; Win64; x64) AppleWebKit/537.36 (KHTML, like Gecko) Chrome/60.0.3112.101 Safari/537.36"
192.168.124.2 - - [29/Jan/2018:12:45:36 +0900] "GET /~j15999ky/wp-content/themes/hanne/assets/css/hover.min.css?ver=4.8.2 HTTP/1.1" 200 104212 "http://www7.dbi.tuis.ac.jp/~j15999ky/" "Mozilla/5.0 (Windows NT 6.3; Win64; x64) AppleWebKit/537.36 (KHTML, like Gecko) Chrome/60.0.3112.101 Safari/537.36"
192.168.124.2 - - [29/Jan/2018:12:45:36 +0900] "GET /~j15999ky/wp-content/themes/hanne/assets/theme-styles/css/default.css?ver=4.8.2 HTTP/1.1" 200 40790 "http://www7.dbi.tuis.ac.jp/~j15999ky/" "Mozilla/5.0 (Windows NT 6.3; Win64; x64) AppleWebKit/537.36 (KHTML, like Gecko) Chrome/60.0.3112.101 Safari/537.36"
192.168.124.2 - - [29/Jan/2018:12:45:36 +0900] "GET /~j15999ky/wp-content/themes/hanne/assets/bootstrap/css/bootstrap.min.css?ver=4.8.2 HTTP/1.1" 200 113498 "http://www7.dbi.tuis.ac.jp/~j15999ky/" "Mozilla/5.0 (Windows NT 6.3; Win64; x64) AppleWebKit/537.36 (KHTML, like Gecko) Chrome/60.0.3112.101 Safari/537.36"
192.168.124.2 - - [29/Jan/2018:12:45:36 +0900] "GET /~j15999ky/wp-includes/js/jquery/jquery.js?ver=1.12.4 HTTP/1.1" 200 97184 "http://www7.dbi.tuis.ac.jp/~j15999ky/" "Mozilla/5.0 (Windows NT 6.3; Win64; x64) AppleWebKit/537.36 (KHTML, like Gecko) Chrome/60.0.3112.101 Safari/537.36"
192.168.124.2 - - [29/Jan/2018:12:45:36 +0900] "GET /~j15999ky/wp-includes/js/jquery/jquery-migrate.min.js?ver=1.4.1 HTTP/1.1" 200 10056 "http://www7.dbi.tuis.ac.jp/~j15999ky/" "Mozilla/5.0 (Windows NT 6.3; Win64; x64) AppleWebKit/537.36 (KHTML, like Gecko) Chrome/60.0.3112.101 Safari/537.36"
192.168.124.2 - - [29/Jan/2018:12:45:36 +0900] "GET /cgi-bin/j15999ky/acc/acctag.js HTTP/1.1" 200 814 "http://www7.dbi.tuis.ac.jp/~j15999ky/" "Mozilla/5.0 (Windows NT 6.3; Win64; x64) AppleWebKit/537.36 (KHTML, like Gecko) Chrome/60.0.3112.101 Safari/537.36"
192.168.124.2 - - [29/Jan/2018:12:45:36 +0900] "GET /~j15999ky/wp-content/themes/hanne/js/navigation.js?ver=20120206 HTTP/1.1" 200 1107 "http://www7.dbi.tuis.ac.jp/~j15999ky/" "Mozilla/5.0 (Windows NT 6.3; Win64; x64) AppleWebKit/537.36 (KHTML, like Gecko) Chrome/60.0.3112.101 Safari/537.36"
192.168.124.2 - - [29/Jan/2018:12:45:36 +0900] "GET /~j15999ky/wp-content/themes/hanne/js/external.js?ver=20120206 HTTP/1.1" 200 58908 "http://www7.dbi.tuis.ac.jp/~j15999ky/" "Mozilla/5.0 (Windows NT 6.3; Win64; x64) AppleWebKit/537.36 (KHTML, like Gecko) Chrome/60.0.3112.101 Safari/537.36"
192.168.124.2 - - [29/Jan/2018:12:45:36 +0900] "GET /~j15999ky/wp-content/themes/hanne/js/skip-link-focus-fix.js?ver=20130115 HTTP/1.1" 200 650 "http://www7.dbi.tuis.ac.jp/~j15999ky/" "Mozilla/5.0 (Windows NT 6.3; Win64; x64) AppleWebKit/537.36 (KHTML, like Gecko) Chrome/60.0.3112.101 Safari/537.36"
192.168.124.2 - - [29/Jan/2018:12:45:36 +0900] "GET /~j15999ky/wp-includes/js/imagesloaded.min.js?ver=3.2.0 HTTP/1.1" 200 7994 "http://www7.dbi.tuis.ac.jp/~j15999ky/" "Mozilla/5.0 (Windows NT 6.3; Win64; x64) AppleWebKit/537.36 (KHTML, like Gecko) Chrome/60.0.3112.101 Safari/537.36"
192.168.124.2 - - [29/Jan/2018:12:45:36 +0900] "GET /~j15999ky/wp-includes/js/masonry.min.js?ver=3.3.2 HTTP/1.1" 200 28954 "http://www7.dbi.tuis.ac.jp/~j15999ky/" "Mozilla/5.0 (Windows NT 6.3; Win64; x64) AppleWebKit/537.36 (KHTML, like Gecko) Chrome/60.0.3112.101 Safari/537.36"
192.168.124.2 - - [29/Jan/2018:12:45:36 +0900] "GET /~j15999ky/wp-includes/js/jquery/jquery.masonry.min.js?ver=3.1.2b HTTP/1.1" 200 1819 "http://www7.dbi.tuis.ac.jp/~j15999ky/" "Mozilla/5.0 (Windows NT 6.3; Win64; x64) AppleWebKit/537.36 (KHTML, like Gecko) Chrome/60.0.3112.101 Safari/537.36"
192.168.124.2 - - [29/Jan/2018:12:45:36 +0900] "GET /~j15999ky/wp-content/themes/hanne/js/custom.js?ver=4.8.2 HTTP/1.1" 200 1615 "http://www7.dbi.tuis.ac.jp/~j15999ky/" "Mozilla/5.0 (Windows NT 6.3; Win64; x64) AppleWebKit/537.36 (KHTML, like Gecko) Chrome/60.0.3112.101 Safari/537.36"
192.168.124.2 - - [29/Jan/2018:12:45:36 +0900] "GET /~j15999ky/wp-includes/js/wp-embed.min.js?ver=4.8.2 HTTP/1.1" 200 1398 "http://www7.dbi.tuis.ac.jp/~j15999ky/" "Mozilla/5.0 (Windows NT 6.3; Win64; x64) AppleWebKit/537.36 (KHTML, like Gecko) Chrome/60.0.3112.101 Safari/537.36"
192.168.124.2 - - [29/Jan/2018:12:45:36 +0900] "GET /~j15999ky/wp-content/themes/hanne/assets/images/placeholder2.jpg HTTP/1.1" 200 16947 "http://www7.dbi.tuis.ac.jp/~j15999ky/" "Mozilla/5.0 (Windows NT 6.3; Win64; x64) AppleWebKit/537.36 (KHTML, like Gecko) Chrome/60.0.3112.101 Safari/537.36"
192.168.124.2 - - [29/Jan/2018:12:45:36 +0900] "GET /~j15999ky/wp-includes/js/wp-emoji-release.min.js?ver=4.8.2 HTTP/1.1" 200 11915 "http://www7.dbi.tuis.ac.jp/~j15999ky/" "Mozilla/5.0 (Windows NT 6.3; Win64; x64) AppleWebKit/537.36 (KHTML, like Gecko) Chrome/60.0.3112.101 Safari/537.36"
192.168.124.2 - - [29/Jan/2018:12:45:36 +0900] "GET /~j15999ky/wp-content/uploads/2017/10/cropped-P9010001small.jpg HTTP/1.1" 200 77352 "http://www7.dbi.tuis.ac.jp/~j15999ky/" "Mozilla/5.0 (Windows NT 6.3; Win64; x64) AppleWebKit/537.36 (KHTML, like Gecko) Chrome/60.0.3112.101 Safari/537.36"
192.168.124.2 - - [29/Jan/2018:12:45:36 +0900] "GET /~j15999ky/wp-content/themes/hanne/assets/font-awesome/fonts/fontawesome-webfont.woff2?v=4.6.3 HTTP/1.1" 200 71896 "http://www7.dbi.tuis.ac.jp/~j15999ky/wp-content/themes/hanne/assets/font-awesome/css/font-awesome.min.css?ver=4.8.2" "Mozilla/5.0 (Windows NT 6.3; Win64; x64) AppleWebKit/537.36 (KHTML, like Gecko) Chrome/60.0.3112.101 Safari/537.36"
192.168.124.2 - - [29/Jan/2018:12:45:36 +0900] "GET /cgi-bin/j15999ky/acc/acclog.cgi?referrer=http://www7.dbi.tuis.ac.jp/wm2017.php&width=1600&height=900&color=24&epoch=1517197536588 HTTP/1.1" 200 42 "http://www7.dbi.tuis.ac.jp/~j15999ky/" "Mozilla/5.0 (Windows NT 6.3; Win64; x64) AppleWebKit/537.36 (KHTML, like Gecko) Chrome/60.0.3112.101 Safari/537.36"
::1 - - [29/Jan/2018:12:45:44 +0900] "OPTIONS * HTTP/1.0" 200 - "-" "Apache/2.4.6 (CentOS) OpenSSL/1.0.2k-fips mod_fcgid/2.3.9 PHP/5.4.16 mod_wsgi/3.4 Python/2.7.5 (internal dummy connection)"
202.26.151.7 - - [29/Jan/2018:12:45:35 +0900] "POST /~j15999ky/wp-cron.php?doing_wp_cron=1517197535.2987689971923828125000 HTTP/1.1" 200 - "http://www7.dbi.tuis.ac.jp/~j15999ky/wp-cron.php?doing_wp_cron=1517197535.2987689971923828125000" "WordPress/4.8.2; http://www7.dbi.tuis.ac.jp/~j15999ky"
::1 - - [29/Jan/2018:12:45:46 +0900] "OPTIONS * HTTP/1.0" 200 - "-" "Apache/2.4.6 (CentOS) OpenSSL/1.0.2k-fips mod_fcgid/2.3.9 PHP/5.4.16 mod_wsgi/3.4 Python/2.7.5 (internal dummy connection)"
192.168.124.1 - - [29/Jan/2018:12:45:49 +0900] "POST /~j15201ks/wp-admin/post.php HTTP/1.1" 302 - "http://www7.dbi.tuis.ac.jp/~j15201ks/wp-admin/post-new.php?wp-post-new-reload=true" "Mozilla/4.0 (compatible; MSIE 7.0; Windows NT 6.3; WOW64; Trident/7.0; .NET4.0E; .NET4.0C; .NET CLR 3.5.30729; .NET CLR 2.0.50727; .NET CLR 3.0.30729; InfoPath.3)"
202.26.151.7 - - [29/Jan/2018:12:45:49 +0900] "POST /~j15201ks/wp-cron.php?doing_wp_cron=1517197549.7015640735626220703125 HTTP/1.1" 200 - "http://www7.dbi.tuis.ac.jp/~j15201ks/wp-cron.php?doing_wp_cron=1517197549.7015640735626220703125" "WordPress/4.8.2; http://www7.dbi.tuis.ac.jp/~j15201ks"
192.168.124.1 - - [29/Jan/2018:12:45:49 +0900] "GET /~j15201ks/wp-admin/post.php?post=109&action=edit&message=6 HTTP/1.1" 200 137414 "http://www7.dbi.tuis.ac.jp/~j15201ks/wp-admin/post-new.php?wp-post-new-reload=true" "Mozilla/4.0 (compatible; MSIE 7.0; Windows NT 6.3; WOW64; Trident/7.0; .NET4.0E; .NET4.0C; .NET CLR 3.5.30729; .NET CLR 2.0.50727; .NET CLR 3.0.30729; InfoPath.3)"
192.168.124.1 - - [29/Jan/2018:12:45:50 +0900] "GET /~j15201ks/wp-admin/load-scripts.php?c=1&load%5B%5D=hoverIntent,common,admin-bar,heartbeat,autosave,wp-ajax-response,jquery-color,wp-lists,quicktags,jquery-query,admin-comments,sug&load%5B%5D=gest,jquery-ui-core,jquery-ui-widget,jquery-ui-mouse,jquery-ui-sortable,postbox,jquery-ui-position,jquery-ui-menu,wp-a11y,jquery&load%5B%5D=-ui-autocomplete,tags-suggest,tags-box,underscore,word-count,post,thickbox,shortcode,backbone,wp-util,wp-backbone,media-models,w&load%5B%5D=p-plupload,mediaelement,wp-mediaelement,media-views,media-editor,media-audiovideo,mce-view,imgareaselect,image-edit,svg-painter,&load%5B%5D=wp-auth-check,wplink,media-upload,wp-embed&ver=4.8.2 HTTP/1.1" 200 165051 "http://www7.dbi.tuis.ac.jp/~j15201ks/wp-admin/post.php?post=109&action=edit" "Mozilla/4.0 (compatible; MSIE 7.0; Windows NT 6.3; WOW64; Trident/7.0; .NET4.0E; .NET4.0C; .NET CLR 3.5.30729; .NET CLR 2.0.50727; .NET CLR 3.0.30729; InfoPath.3)"
192.168.124.1 - - [29/Jan/2018:12:45:50 +0900] "GET /~j15201ks/wp-admin/admin-ajax.php?action=oembed-cache&post=109 HTTP/1.1" 200 1 "http://www7.dbi.tuis.ac.jp/~j15201ks/wp-admin/post.php?post=109&action=edit" "Mozilla/4.0 (compatible; MSIE 7.0; Windows NT 6.3; WOW64; Trident/7.0; .NET4.0E; .NET4.0C; .NET CLR 3.5.30729; .NET CLR 2.0.50727; .NET CLR 3.0.30729; InfoPath.3)"
192.168.124.1 - - [29/Jan/2018:12:45:54 +0900] "POST /~j15201ks/wp-admin/post.php HTTP/1.1" 302 - "http://www7.dbi.tuis.ac.jp/~j15201ks/wp-admin/post.php?post=109&action=edit" "Mozilla/4.0 (compatible; MSIE 7.0; Windows NT 6.3; WOW64; Trident/7.0; .NET4.0E; .NET4.0C; .NET CLR 3.5.30729; .NET CLR 2.0.50727; .NET CLR 3.0.30729; InfoPath.3)"
202.26.151.7 - - [29/Jan/2018:12:45:54 +0900] "POST /~j15201ks/wp-cron.php?doing_wp_cron=1517197554.7430779933929443359375 HTTP/1.1" 200 - "http://www7.dbi.tuis.ac.jp/~j15201ks/wp-cron.php?doing_wp_cron=1517197554.7430779933929443359375" "WordPress/4.8.2; http://www7.dbi.tuis.ac.jp/~j15201ks"
192.168.124.1 - - [29/Jan/2018:12:45:54 +0900] "GET /~j15201ks/wp-admin/post.php?post=109&action=edit&message=1 HTTP/1.1" 200 137409 "http://www7.dbi.tuis.ac.jp/~j15201ks/wp-admin/post.php?post=109&action=edit" "Mozilla/4.0 (compatible; MSIE 7.0; Windows NT 6.3; WOW64; Trident/7.0; .NET4.0E; .NET4.0C; .NET CLR 3.5.30729; .NET CLR 2.0.50727; .NET CLR 3.0.30729; InfoPath.3)"
192.168.124.1 - - [29/Jan/2018:12:45:55 +0900] "GET /~j15201ks/wp-admin/admin-ajax.php?action=oembed-cache&post=109 HTTP/1.1" 200 1 "http://www7.dbi.tuis.ac.jp/~j15201ks/wp-admin/post.php?post=109&action=edit" "Mozilla/4.0 (compatible; MSIE 7.0; Windows NT 6.3; WOW64; Trident/7.0; .NET4.0E; .NET4.0C; .NET CLR 3.5.30729; .NET CLR 2.0.50727; .NET CLR 3.0.30729; InfoPath.3)"
::1 - - [29/Jan/2018:12:46:03 +0900] "OPTIONS * HTTP/1.0" 200 - "-" "Apache/2.4.6 (CentOS) OpenSSL/1.0.2k-fips mod_fcgid/2.3.9 PHP/5.4.16 mod_wsgi/3.4 Python/2.7.5 (internal dummy connection)"
192.168.124.2 - - [29/Jan/2018:12:46:22 +0900] "GET /~j15111nk HTTP/1.1" 301 245 "http://www7.dbi.tuis.ac.jp/wm2017.php" "Mozilla/5.0 (Windows NT 6.3; Win64; x64) AppleWebKit/537.36 (KHTML, like Gecko) Chrome/60.0.3112.101 Safari/537.36"
192.168.124.2 - - [29/Jan/2018:12:46:23 +0900] "GET /~j15111nk/wp-content/themes/twentyseventeen/style.css?ver=4.8.2 HTTP/1.1" 200 82584 "http://www7.dbi.tuis.ac.jp/~j15111nk/" "Mozilla/5.0 (Windows NT 6.3; Win64; x64) AppleWebKit/537.36 (KHTML, like Gecko) Chrome/60.0.3112.101 Safari/537.36"
192.168.124.2 - - [29/Jan/2018:12:46:23 +0900] "GET /~j15111nk/wp-includes/js/jquery/jquery.js?ver=1.12.4 HTTP/1.1" 200 97184 "http://www7.dbi.tuis.ac.jp/~j15111nk/" "Mozilla/5.0 (Windows NT 6.3; Win64; x64) AppleWebKit/537.36 (KHTML, like Gecko) Chrome/60.0.3112.101 Safari/537.36"
192.168.124.2 - - [29/Jan/2018:12:46:23 +0900] "GET /~j15111nk/wp-includes/js/jquery/jquery-migrate.min.js?ver=1.4.1 HTTP/1.1" 200 10056 "http://www7.dbi.tuis.ac.jp/~j15111nk/" "Mozilla/5.0 (Windows NT 6.3; Win64; x64) AppleWebKit/537.36 (KHTML, like Gecko) Chrome/60.0.3112.101 Safari/537.36"
192.168.124.2 - - [29/Jan/2018:12:46:22 +0900] "GET /~j15111nk/ HTTP/1.1" 200 82918 "http://www7.dbi.tuis.ac.jp/wm2017.php" "Mozilla/5.0 (Windows NT 6.3; Win64; x64) AppleWebKit/537.36 (KHTML, like Gecko) Chrome/60.0.3112.101 Safari/537.36"
192.168.124.2 - - [29/Jan/2018:12:46:23 +0900] "GET /~j15111nk/wp-includes/js/wp-emoji-release.min.js?ver=4.8.2 HTTP/1.1" 200 11915 "http://www7.dbi.tuis.ac.jp/~j15111nk/" "Mozilla/5.0 (Windows NT 6.3; Win64; x64) AppleWebKit/537.36 (KHTML, like Gecko) Chrome/60.0.3112.101 Safari/537.36"
192.168.124.2 - - [29/Jan/2018:12:46:23 +0900] "GET /~j15111nk/wp-content/uploads/2017/11/coffee-2.jpg HTTP/1.1" 200 117713 "http://www7.dbi.tuis.ac.jp/~j15111nk/" "Mozilla/5.0 (Windows NT 6.3; Win64; x64) AppleWebKit/537.36 (KHTML, like Gecko) Chrome/60.0.3112.101 Safari/537.36"
192.168.124.2 - - [29/Jan/2018:12:46:23 +0900] "GET /~j15111nk/wp-content/themes/twentyseventeen/assets/js/skip-link-focus-fix.js?ver=1.0 HTTP/1.1" 200 683 "http://www7.dbi.tuis.ac.jp/~j15111nk/" "Mozilla/5.0 (Windows NT 6.3; Win64; x64) AppleWebKit/537.36 (KHTML, like Gecko) Chrome/60.0.3112.101 Safari/537.36"
192.168.124.2 - - [29/Jan/2018:12:46:23 +0900] "GET /~j15111nk/wp-content/themes/twentyseventeen/assets/js/navigation.js?ver=1.0 HTTP/1.1" 200 3754 "http://www7.dbi.tuis.ac.jp/~j15111nk/" "Mozilla/5.0 (Windows NT 6.3; Win64; x64) AppleWebKit/537.36 (KHTML, like Gecko) Chrome/60.0.3112.101 Safari/537.36"
192.168.124.2 - - [29/Jan/2018:12:46:23 +0900] "GET /~j15111nk/wp-content/themes/twentyseventeen/assets/js/global.js?ver=1.0 HTTP/1.1" 200 7682 "http://www7.dbi.tuis.ac.jp/~j15111nk/" "Mozilla/5.0 (Windows NT 6.3; Win64; x64) AppleWebKit/537.36 (KHTML, like Gecko) Chrome/60.0.3112.101 Safari/537.36"
192.168.124.2 - - [29/Jan/2018:12:46:23 +0900] "GET /~j15111nk/wp-content/themes/twentyseventeen/assets/js/jquery.scrollTo.js?ver=2.1.2 HTTP/1.1" 200 5836 "http://www7.dbi.tuis.ac.jp/~j15111nk/" "Mozilla/5.0 (Windows NT 6.3; Win64; x64) AppleWebKit/537.36 (KHTML, like Gecko) Chrome/60.0.3112.101 Safari/537.36"
192.168.124.2 - - [29/Jan/2018:12:46:23 +0900] "GET /~j15111nk/wp-includes/js/wp-embed.min.js?ver=4.8.2 HTTP/1.1" 200 1398 "http://www7.dbi.tuis.ac.jp/~j15111nk/" "Mozilla/5.0 (Windows NT 6.3; Win64; x64) AppleWebKit/537.36 (KHTML, like Gecko) Chrome/60.0.3112.101 Safari/537.36"
192.168.124.2 - - [29/Jan/2018:12:46:23 +0900] "GET /~j15111nk/wp-content/uploads/2017/11/espresso-2.jpg HTTP/1.1" 200 93540 "http://www7.dbi.tuis.ac.jp/~j15111nk/" "Mozilla/5.0 (Windows NT 6.3; Win64; x64) AppleWebKit/537.36 (KHTML, like Gecko) Chrome/60.0.3112.101 Safari/537.36"
192.168.124.2 - - [29/Jan/2018:12:46:23 +0900] "GET /~j15111nk/wp-content/uploads/2017/11/sandwich-2.jpg HTTP/1.1" 200 171858 "http://www7.dbi.tuis.ac.jp/~j15111nk/" "Mozilla/5.0 (Windows NT 6.3; Win64; x64) AppleWebKit/537.36 (KHTML, like Gecko) Chrome/60.0.3112.101 Safari/537.36"
202.26.151.7 - - [29/Jan/2018:12:46:22 +0900] "POST /~j15111nk/wp-cron.php?doing_wp_cron=1517197582.7255849838256835937500 HTTP/1.1" 200 - "http://www7.dbi.tuis.ac.jp/~j15111nk/wp-cron.php?doing_wp_cron=1517197582.7255849838256835937500" "WordPress/4.8.2; http://www7.dbi.tuis.ac.jp/~j15111nk"
192.168.124.2 - - [29/Jan/2018:12:49:37 +0900] "GET /~j15113sk/?page_id=19 HTTP/1.1" 200 25568 "http://www7.dbi.tuis.ac.jp/~j15113sk/" "Mozilla/5.0 (Windows NT 6.3; Win64; x64) AppleWebKit/537.36 (KHTML, like Gecko) Chrome/60.0.3112.101 Safari/537.36"
192.168.124.2 - - [29/Jan/2018:12:49:38 +0900] "GET /~j15113sk/?page_id=19 HTTP/1.1" 200 25568 "http://www7.dbi.tuis.ac.jp/~j15113sk/?page_id=19" "Mozilla/5.0 (Windows NT 6.3; Win64; x64) AppleWebKit/537.36 (KHTML, like Gecko) Chrome/60.0.3112.101 Safari/537.36"
192.168.124.2 - - [29/Jan/2018:12:49:39 +0900] "GET /~j15113sk/?page_id=19 HTTP/1.1" 200 25568 "http://www7.dbi.tuis.ac.jp/~j15113sk/?page_id=19" "Mozilla/5.0 (Windows NT 6.3; Win64; x64) AppleWebKit/537.36 (KHTML, like Gecko) Chrome/60.0.3112.101 Safari/537.36"
192.168.124.2 - - [29/Jan/2018:12:49:40 +0900] "GET /~j15113sk/?page_id=19 HTTP/1.1" 200 25568 "http://www7.dbi.tuis.ac.jp/~j15113sk/?page_id=19" "Mozilla/5.0 (Windows NT 6.3; Win64; x64) AppleWebKit/537.36 (KHTML, like Gecko) Chrome/60.0.3112.101 Safari/537.36"
192.168.124.2 - - [29/Jan/2018:12:49:41 +0900] "GET /~j15113sk/?page_id=21 HTTP/1.1" 200 25715 "http://www7.dbi.tuis.ac.jp/~j15113sk/?page_id=19" "Mozilla/5.0 (Windows NT 6.3; Win64; x64) AppleWebKit/537.36 (KHTML, like Gecko) Chrome/60.0.3112.101 Safari/537.36"
192.168.124.2 - - [29/Jan/2018:12:49:43 +0900] "GET /~j15113sk/?page_id=21 HTTP/1.1" 200 25715 "http://www7.dbi.tuis.ac.jp/~j15113sk/?page_id=21" "Mozilla/5.0 (Windows NT 6.3; Win64; x64) AppleWebKit/537.36 (KHTML, like Gecko) Chrome/60.0.3112.101 Safari/537.36"
192.168.124.2 - - [29/Jan/2018:12:49:44 +0900] "GET /~j15113sk/?page_id=27 HTTP/1.1" 200 25867 "http://www7.dbi.tuis.ac.jp/~j15113sk/?page_id=21" "Mozilla/5.0 (Windows NT 6.3; Win64; x64) AppleWebKit/537.36 (KHTML, like Gecko) Chrome/60.0.3112.101 Safari/537.36"
192.168.124.2 - - [29/Jan/2018:12:49:46 +0900] "GET /~j15113sk/?page_id=27 HTTP/1.1" 200 25867 "http://www7.dbi.tuis.ac.jp/~j15113sk/?page_id=27" "Mozilla/5.0 (Windows NT 6.3; Win64; x64) AppleWebKit/537.36 (KHTML, like Gecko) Chrome/60.0.3112.101 Safari/537.36"
192.168.124.2 - - [29/Jan/2018:12:49:46 +0900] "GET /~j15113sk/?page_id=46 HTTP/1.1" 200 25562 "http://www7.dbi.tuis.ac.jp/~j15113sk/?page_id=27" "Mozilla/5.0 (Windows NT 6.3; Win64; x64) AppleWebKit/537.36 (KHTML, like Gecko) Chrome/60.0.3112.101 Safari/537.36"
192.168.124.2 - - [29/Jan/2018:12:49:47 +0900] "GET /~j15113sk/?page_id=2 HTTP/1.1" 200 26150 "http://www7.dbi.tuis.ac.jp/~j15113sk/?page_id=46" "Mozilla/5.0 (Windows NT 6.3; Win64; x64) AppleWebKit/537.36 (KHTML, like Gecko) Chrome/60.0.3112.101 Safari/537.36"
192.168.124.2 - - [29/Jan/2018:12:49:48 +0900] "GET /~j15113sk/?page_id=46 HTTP/1.1" 200 25562 "http://www7.dbi.tuis.ac.jp/~j15113sk/?page_id=2" "Mozilla/5.0 (Windows NT 6.3; Win64; x64) AppleWebKit/537.36 (KHTML, like Gecko) Chrome/60.0.3112.101 Safari/537.36"
192.168.124.2 - - [29/Jan/2018:12:49:48 +0900] "GET /~j15113sk/?page_id=27 HTTP/1.1" 200 25867 "http://www7.dbi.tuis.ac.jp/~j15113sk/?page_id=46" "Mozilla/5.0 (Windows NT 6.3; Win64; x64) AppleWebKit/537.36 (KHTML, like Gecko) Chrome/60.0.3112.101 Safari/537.36"
192.168.124.2 - - [29/Jan/2018:12:49:49 +0900] "GET /~j15113sk/?page_id=19 HTTP/1.1" 200 25568 "http://www7.dbi.tuis.ac.jp/~j15113sk/?page_id=27" "Mozilla/5.0 (Windows NT 6.3; Win64; x64) AppleWebKit/537.36 (KHTML, like Gecko) Chrome/60.0.3112.101 Safari/537.36"
192.168.124.2 - - [29/Jan/2018:12:49:49 +0900] "GET /~j15113sk/?page_id=19 HTTP/1.1" 200 25568 "http://www7.dbi.tuis.ac.jp/~j15113sk/?page_id=19" "Mozilla/5.0 (Windows NT 6.3; Win64; x64) AppleWebKit/537.36 (KHTML, like Gecko) Chrome/60.0.3112.101 Safari/537.36"
192.168.124.2 - - [29/Jan/2018:12:49:50 +0900] "GET /~j15113sk/?page_id=27 HTTP/1.1" 200 25867 "http://www7.dbi.tuis.ac.jp/~j15113sk/?page_id=19" "Mozilla/5.0 (Windows NT 6.3; Win64; x64) AppleWebKit/537.36 (KHTML, like Gecko) Chrome/60.0.3112.101 Safari/537.36"
192.168.124.2 - - [29/Jan/2018:12:49:51 +0900] "GET /~j15113sk/?page_id=27 HTTP/1.1" 200 25867 "http://www7.dbi.tuis.ac.jp/~j15113sk/?page_id=27" "Mozilla/5.0 (Windows NT 6.3; Win64; x64) AppleWebKit/537.36 (KHTML, like Gecko) Chrome/60.0.3112.101 Safari/537.36"
192.168.124.2 - - [29/Jan/2018:12:49:56 +0900] "GET /~j15113sk/?page_id=46 HTTP/1.1" 200 25562 "http://www7.dbi.tuis.ac.jp/~j15113sk/?page_id=27" "Mozilla/5.0 (Windows NT 6.3; Win64; x64) AppleWebKit/537.36 (KHTML, like Gecko) Chrome/60.0.3112.101 Safari/537.36"
192.168.124.2 - - [29/Jan/2018:12:49:57 +0900] "GET /~j15113sk/?page_id=2 HTTP/1.1" 200 26150 "http://www7.dbi.tuis.ac.jp/~j15113sk/?page_id=46" "Mozilla/5.0 (Windows NT 6.3; Win64; x64) AppleWebKit/537.36 (KHTML, like Gecko) Chrome/60.0.3112.101 Safari/537.36"
192.168.124.2 - - [29/Jan/2018:12:49:57 +0900] "GET /~j15113sk/?page_id=2 HTTP/1.1" 200 26150 "http://www7.dbi.tuis.ac.jp/~j15113sk/?page_id=2" "Mozilla/5.0 (Windows NT 6.3; Win64; x64) AppleWebKit/537.36 (KHTML, like Gecko) Chrome/60.0.3112.101 Safari/537.36"
192.168.124.2 - - [29/Jan/2018:12:50:08 +0900] "GET /~j15201ks/ HTTP/1.1" 200 27756 "http://www7.dbi.tuis.ac.jp/wm2017.php" "Mozilla/5.0 (Windows NT 6.3; Win64; x64) AppleWebKit/537.36 (KHTML, like Gecko) Chrome/60.0.3112.101 Safari/537.36"
192.168.124.2 - - [29/Jan/2018:12:50:32 +0900] "GET /~j15201ks/?p=98 HTTP/1.1" 200 18913 "http://www7.dbi.tuis.ac.jp/~j15201ks/" "Mozilla/5.0 (Windows NT 6.3; Win64; x64) AppleWebKit/537.36 (KHTML, like Gecko) Chrome/60.0.3112.101 Safari/537.36"
192.168.124.2 - - [29/Jan/2018:12:50:32 +0900] "GET /~j15201ks/wp-includes/js/comment-reply.min.js?ver=4.8.2 HTTP/1.1" 200 1078 "http://www7.dbi.tuis.ac.jp/~j15201ks/?p=98" "Mozilla/5.0 (Windows NT 6.3; Win64; x64) AppleWebKit/537.36 (KHTML, like Gecko) Chrome/60.0.3112.101 Safari/537.36"
192.168.124.2 - - [29/Jan/2018:12:50:43 +0900] "GET /~j15113sk/ HTTP/1.1" 200 48913 "http://www7.dbi.tuis.ac.jp/~j15113sk/?page_id=46" "Mozilla/5.0 (Windows NT 6.3; Win64; x64) AppleWebKit/537.36 (KHTML, like Gecko) Chrome/60.0.3112.101 Safari/537.36"
192.168.124.2 - - [29/Jan/2018:12:50:44 +0900] "GET /~j15113sk/?p=142&embed=true HTTP/1.1" 200 19903 "http://www7.dbi.tuis.ac.jp/~j15113sk/" "Mozilla/5.0 (Windows NT 6.3; Win64; x64) AppleWebKit/537.36 (KHTML, like Gecko) Chrome/60.0.3112.101 Safari/537.36"
192.168.124.2 - - [29/Jan/2018:12:51:33 +0900] "GET /~j15113sk/?page_id=27 HTTP/1.1" 200 25867 "http://www7.dbi.tuis.ac.jp/~j15113sk/" "Mozilla/5.0 (Windows NT 6.3; Win64; x64) AppleWebKit/537.36 (KHTML, like Gecko) Chrome/60.0.3112.101 Safari/537.36"
192.168.124.2 - - [29/Jan/2018:12:51:35 +0900] "GET /~j15113sk/?page_id=19 HTTP/1.1" 200 25568 "http://www7.dbi.tuis.ac.jp/~j15113sk/?page_id=27" "Mozilla/5.0 (Windows NT 6.3; Win64; x64) AppleWebKit/537.36 (KHTML, like Gecko) Chrome/60.0.3112.101 Safari/537.36"
192.168.124.2 - - [29/Jan/2018:12:51:35 +0900] "GET /~j15113sk/?page_id=27 HTTP/1.1" 200 25867 "http://www7.dbi.tuis.ac.jp/~j15113sk/?page_id=19" "Mozilla/5.0 (Windows NT 6.3; Win64; x64) AppleWebKit/537.36 (KHTML, like Gecko) Chrome/60.0.3112.101 Safari/537.36"
192.168.124.2 - - [29/Jan/2018:12:51:36 +0900] "GET /~j15113sk/?page_id=46 HTTP/1.1" 200 25562 "http://www7.dbi.tuis.ac.jp/~j15113sk/?page_id=27" "Mozilla/5.0 (Windows NT 6.3; Win64; x64) AppleWebKit/537.36 (KHTML, like Gecko) Chrome/60.0.3112.101 Safari/537.36"
192.168.124.2 - - [29/Jan/2018:12:51:39 +0900] "GET /~j15113sk/?page_id=27 HTTP/1.1" 200 25867 "http://www7.dbi.tuis.ac.jp/~j15113sk/?page_id=46" "Mozilla/5.0 (Windows NT 6.3; Win64; x64) AppleWebKit/537.36 (KHTML, like Gecko) Chrome/60.0.3112.101 Safari/537.36"
192.168.124.2 - - [29/Jan/2018:12:51:45 +0900] "GET /~j15113sk/?page_id=27 HTTP/1.1" 200 25867 "http://www7.dbi.tuis.ac.jp/~j15113sk/?page_id=46" "Mozilla/5.0 (Windows NT 6.3; Win64; x64) AppleWebKit/537.36 (KHTML, like Gecko) Chrome/60.0.3112.101 Safari/537.36"
192.168.124.2 - - [29/Jan/2018:12:51:45 +0900] "GET /~j15113sk/?page_id=27 HTTP/1.1" 200 25867 "http://www7.dbi.tuis.ac.jp/~j15113sk/?page_id=46" "Mozilla/5.0 (Windows NT 6.3; Win64; x64) AppleWebKit/537.36 (KHTML, like Gecko) Chrome/60.0.3112.101 Safari/537.36"
192.168.124.2 - - [29/Jan/2018:12:51:45 +0900] "GET /~j15113sk/?page_id=27 HTTP/1.1" 200 25867 "http://www7.dbi.tuis.ac.jp/~j15113sk/?page_id=46" "Mozilla/5.0 (Windows NT 6.3; Win64; x64) AppleWebKit/537.36 (KHTML, like Gecko) Chrome/60.0.3112.101 Safari/537.36"
192.168.124.2 - - [29/Jan/2018:12:51:45 +0900] "GET /~j15113sk/?page_id=27 HTTP/1.1" 200 25867 "http://www7.dbi.tuis.ac.jp/~j15113sk/?page_id=46" "Mozilla/5.0 (Windows NT 6.3; Win64; x64) AppleWebKit/537.36 (KHTML, like Gecko) Chrome/60.0.3112.101 Safari/537.36"
110.153.143.222 - - [29/Jan/2018:12:51:54 +0900] "GET /~j15201ks/ HTTP/1.1" 403 212 "-" "Mozilla/4.0 (compatible; MSIE 6.0; Windows NT 5.1)"
60.219.232.58 - - [29/Jan/2018:12:53:05 +0900] "GET /~j15201ks/ HTTP/1.1" 403 212 "-" "Mozilla/4.0 (compatible; MSIE 6.0; Windows NT 5.1)"
223.72.62.234 - - [29/Jan/2018:12:53:55 +0900] "GET /~j15201ks/ HTTP/1.1" 403 212 "-" "Mozilla/4.0 (compatible; MSIE 6.0; Windows NT 5.1)"
113.139.228.120 - - [29/Jan/2018:12:56:09 +0900] "GET /~j15201ks/ HTTP/1.1" 403 212 "-" "Mozilla/4.0 (compatible; MSIE 6.0; Windows NT 5.1)"
42.48.100.40 - - [29/Jan/2018:12:56:11 +0900] "GET /~j15201ks/ HTTP/1.1" 403 212 "-" "Mozilla/4.0 (compatible; MSIE 6.0; Windows NT 5.1)"
117.141.10.169 - - [29/Jan/2018:12:56:22 +0900] "GET /~j15201ks/ HTTP/1.1" 403 212 "-" "Mozilla/4.0 (compatible; MSIE 6.0; Windows NT 5.1)"
119.36.199.61 - - [29/Jan/2018:12:57:07 +0900] "GET /~j15201ks/ HTTP/1.1" 403 212 "-" "Mozilla/4.0 (compatible; MSIE 6.0; Windows NT 5.1)"
123.130.112.57 - - [29/Jan/2018:12:57:29 +0900] "GET /~j15201ks/ HTTP/1.1" 403 212 "-" "Mozilla/4.0 (compatible; MSIE 6.0; Windows NT 5.1)"
111.172.11.230 - - [29/Jan/2018:12:57:55 +0900] "GET /~j15201ks/ HTTP/1.1" 403 212 "-" "Mozilla/4.0 (compatible; MSIE 6.0; Windows NT 5.1)"
112.230.112.25 - - [29/Jan/2018:12:58:02 +0900] "GET /~j15201ks/ HTTP/1.1" 403 212 "-" "Mozilla/4.0 (compatible; MSIE 6.0; Windows NT 5.1)"
27.199.164.246 - - [29/Jan/2018:12:58:44 +0900] "GET /~j15201ks/ HTTP/1.1" 403 212 "-" "Mozilla/4.0 (compatible; MSIE 6.0; Windows NT 5.1)"
171.212.244.35 - - [29/Jan/2018:12:59:28 +0900] "GET /~j15201ks/ HTTP/1.1" 403 212 "-" "Mozilla/4.0 (compatible; MSIE 6.0; Windows NT 5.1)"
124.234.159.82 - - [29/Jan/2018:12:59:32 +0900] "GET /~j15201ks/ HTTP/1.1" 403 212 "-" "Mozilla/4.0 (compatible; MSIE 6.0; Windows NT 5.1)"
111.173.117.188 - - [29/Jan/2018:13:00:57 +0900] "GET /~j15201ks/ HTTP/1.1" 403 212 "-" "Mozilla/4.0 (compatible; MSIE 6.0; Windows NT 5.1)"
117.61.134.16 - - [29/Jan/2018:13:01:52 +0900] "GET /~j15201ks/ HTTP/1.1" 403 212 "-" "Mozilla/4.0 (compatible; MSIE 6.0; Windows NT 5.1)"
124.219.132.43 - - [29/Jan/2018:13:02:09 +0900] "GET /~j15201ks HTTP/1.1" 403 211 "-" "Mozilla/5.0 (Windows NT 10.0; Win64; x64) AppleWebKit/537.36 (KHTML, like Gecko) Chrome/52.0.2743.116 Safari/537.36 Edge/15.15063"
101.37.75.60 - - [29/Jan/2018:13:03:17 +0900] "GET /~j15201ks/ HTTP/1.1" 403 212 "-" "Mozilla/4.0 (compatible; MSIE 6.0; Windows NT 5.1)"
61.178.26.227 - - [29/Jan/2018:13:07:55 +0900] "GET /~j15201ks/ HTTP/1.1" 403 212 "-" "Mozilla/4.0 (compatible; MSIE 6.0; Windows NT 5.1)"
34.214.161.250 - - [29/Jan/2018:13:21:07 +0900] "GET / HTTP/1.1" 403 4897 "-" "Mozilla/5.0 (Macintosh; Intel Mac OS X 10_11_5) AppleWebKit/537.36 (KHTML, like Gecko) Chrome/50.0.2661.102 Safari/537.36"
172.104.108.109 - - [29/Jan/2018:14:43:45 +0900] "GET / HTTP/1.1" 403 4897 "-" "Mozilla/5.0"
124.224.93.204 - - [29/Jan/2018:14:55:00 +0900] "GET /~j15201ks/ HTTP/1.1" 403 212 "-" "Mozilla/4.0 (compatible; MSIE 6.0; Windows NT 5.1)"
172.28.31.249 - - [29/Jan/2018:15:15:12 +0900] "GET /wm2017.php HTTP/1.1" 200 169693 "-" "Mozilla/5.0 (Windows NT 6.3; Win64; x64) AppleWebKit/537.36 (KHTML, like Gecko) Chrome/60.0.3112.101 Safari/537.36"
172.28.31.249 - - [29/Jan/2018:15:15:12 +0900] "GET /favicon.ico HTTP/1.1" 404 209 "http://www7.dbi.tuis.ac.jp/wm2017.php" "Mozilla/5.0 (Windows NT 6.3; Win64; x64) AppleWebKit/537.36 (KHTML, like Gecko) Chrome/60.0.3112.101 Safari/537.36"
172.28.31.249 - - [29/Jan/2018:15:15:19 +0900] "GET /~j15136dk HTTP/1.1" 301 245 "http://www7.dbi.tuis.ac.jp/wm2017.php" "Mozilla/5.0 (Windows NT 6.3; Win64; x64) AppleWebKit/537.36 (KHTML, like Gecko) Chrome/60.0.3112.101 Safari/537.36"
172.28.31.249 - - [29/Jan/2018:15:15:20 +0900] "GET /~j15136dk/wp-content/themes/twentysixteen/genericons/genericons.css?ver=3.4.1 HTTP/1.1" 200 28266 "http://www7.dbi.tuis.ac.jp/~j15136dk/" "Mozilla/5.0 (Windows NT 6.3; Win64; x64) AppleWebKit/537.36 (KHTML, like Gecko) Chrome/60.0.3112.101 Safari/537.36"
172.28.31.249 - - [29/Jan/2018:15:15:20 +0900] "GET /~j15136dk/wp-content/themes/twentysixteen/style.css?ver=4.8.2 HTTP/1.1" 200 69779 "http://www7.dbi.tuis.ac.jp/~j15136dk/" "Mozilla/5.0 (Windows NT 6.3; Win64; x64) AppleWebKit/537.36 (KHTML, like Gecko) Chrome/60.0.3112.101 Safari/537.36"
172.28.31.249 - - [29/Jan/2018:15:15:20 +0900] "GET /~j15136dk/wp-includes/js/jquery/jquery.js?ver=1.12.4 HTTP/1.1" 200 97184 "http://www7.dbi.tuis.ac.jp/~j15136dk/" "Mozilla/5.0 (Windows NT 6.3; Win64; x64) AppleWebKit/537.36 (KHTML, like Gecko) Chrome/60.0.3112.101 Safari/537.36"
172.28.31.249 - - [29/Jan/2018:15:15:20 +0900] "GET /~j15136dk/wp-includes/js/jquery/jquery-migrate.min.js?ver=1.4.1 HTTP/1.1" 200 10056 "http://www7.dbi.tuis.ac.jp/~j15136dk/" "Mozilla/5.0 (Windows NT 6.3; Win64; x64) AppleWebKit/537.36 (KHTML, like Gecko) Chrome/60.0.3112.101 Safari/537.36"
172.28.31.249 - - [29/Jan/2018:15:15:19 +0900] "GET /~j15136dk/ HTTP/1.1" 200 43295 "http://www7.dbi.tuis.ac.jp/wm2017.php" "Mozilla/5.0 (Windows NT 6.3; Win64; x64) AppleWebKit/537.36 (KHTML, like Gecko) Chrome/60.0.3112.101 Safari/537.36"
172.28.31.249 - - [29/Jan/2018:15:15:20 +0900] "GET /~j15136dk/wp-content/themes/twentysixteen/js/skip-link-focus-fix.js?ver=20160816 HTTP/1.1" 200 1059 "http://www7.dbi.tuis.ac.jp/~j15136dk/" "Mozilla/5.0 (Windows NT 6.3; Win64; x64) AppleWebKit/537.36 (KHTML, like Gecko) Chrome/60.0.3112.101 Safari/537.36"
172.28.31.249 - - [29/Jan/2018:15:15:20 +0900] "GET /~j15136dk/wp-content/themes/twentysixteen/js/functions.js?ver=20160816 HTTP/1.1" 200 6820 "http://www7.dbi.tuis.ac.jp/~j15136dk/" "Mozilla/5.0 (Windows NT 6.3; Win64; x64) AppleWebKit/537.36 (KHTML, like Gecko) Chrome/60.0.3112.101 Safari/537.36"
172.28.31.249 - - [29/Jan/2018:15:15:20 +0900] "GET /~j15136dk/wp-includes/js/wp-embed.min.js?ver=4.8.2 HTTP/1.1" 200 1398 "http://www7.dbi.tuis.ac.jp/~j15136dk/" "Mozilla/5.0 (Windows NT 6.3; Win64; x64) AppleWebKit/537.36 (KHTML, like Gecko) Chrome/60.0.3112.101 Safari/537.36"
172.28.31.249 - - [29/Jan/2018:15:15:20 +0900] "GET /~j15136dk/wp-content/uploads/2017/12/clannad01-300x225.jpg HTTP/1.1" 200 20995 "http://www7.dbi.tuis.ac.jp/~j15136dk/" "Mozilla/5.0 (Windows NT 6.3; Win64; x64) AppleWebKit/537.36 (KHTML, like Gecko) Chrome/60.0.3112.101 Safari/537.36"
172.28.31.249 - - [29/Jan/2018:15:15:20 +0900] "GET /~j15136dk/wp-content/uploads/2017/12/lb02-300x225.jpg HTTP/1.1" 200 21336 "http://www7.dbi.tuis.ac.jp/~j15136dk/" "Mozilla/5.0 (Windows NT 6.3; Win64; x64) AppleWebKit/537.36 (KHTML, like Gecko) Chrome/60.0.3112.101 Safari/537.36"
172.28.31.249 - - [29/Jan/2018:15:15:20 +0900] "GET /~j15136dk/wp-content/uploads/2017/12/lb04-300x225.jpg HTTP/1.1" 200 19725 "http://www7.dbi.tuis.ac.jp/~j15136dk/" "Mozilla/5.0 (Windows NT 6.3; Win64; x64) AppleWebKit/537.36 (KHTML, like Gecko) Chrome/60.0.3112.101 Safari/537.36"
172.28.31.249 - - [29/Jan/2018:15:15:20 +0900] "GET /~j15136dk/wp-includes/js/wp-emoji-release.min.js?ver=4.8.2 HTTP/1.1" 200 11915 "http://www7.dbi.tuis.ac.jp/~j15136dk/" "Mozilla/5.0 (Windows NT 6.3; Win64; x64) AppleWebKit/537.36 (KHTML, like Gecko) Chrome/60.0.3112.101 Safari/537.36"
172.28.31.249 - - [29/Jan/2018:15:15:20 +0900] "GET /~j15136dk/wp-content/uploads/2017/12/%E8%BB%8A%E8%BC%AA-300x223.jpg HTTP/1.1" 200 18936 "http://www7.dbi.tuis.ac.jp/~j15136dk/" "Mozilla/5.0 (Windows NT 6.3; Win64; x64) AppleWebKit/537.36 (KHTML, like Gecko) Chrome/60.0.3112.101 Safari/537.36"
172.28.31.249 - - [29/Jan/2018:15:15:20 +0900] "GET /~j15136dk/wp-content/uploads/2017/10/%E3%82%AD%E3%83%A3%E3%83%8E%E3%83%B3%E4%BB%98%E3%81%8D%E3%82%B4%E3%82%B8%E3%83%A9%E3%81%AE%E3%82%B3%E3%83%94%E3%83%BC-225x300.jpg HTTP/1.1" 200 13763 "http://www7.dbi.tuis.ac.jp/~j15136dk/" "Mozilla/5.0 (Windows NT 6.3; Win64; x64) AppleWebKit/537.36 (KHTML, like Gecko) Chrome/60.0.3112.101 Safari/537.36"
172.28.31.249 - - [29/Jan/2018:15:15:20 +0900] "GET /~j15136dk/wp-content/uploads/2017/10/cropped--300x180.png HTTP/1.1" 200 128241 "http://www7.dbi.tuis.ac.jp/~j15136dk/" "Mozilla/5.0 (Windows NT 6.3; Win64; x64) AppleWebKit/537.36 (KHTML, like Gecko) Chrome/60.0.3112.101 Safari/537.36"
::1 - - [29/Jan/2018:15:15:27 +0900] "OPTIONS * HTTP/1.0" 200 - "-" "Apache/2.4.6 (CentOS) OpenSSL/1.0.2k-fips mod_fcgid/2.3.9 PHP/5.4.16 mod_wsgi/3.4 Python/2.7.5 (internal dummy connection)"
202.26.151.7 - - [29/Jan/2018:15:15:19 +0900] "POST /~j15136dk/wp-cron.php?doing_wp_cron=1517206519.5154190063476562500000 HTTP/1.1" 200 - "http://www7.dbi.tuis.ac.jp/~j15136dk/wp-cron.php?doing_wp_cron=1517206519.5154190063476562500000" "WordPress/4.8.2; http://www7.dbi.tuis.ac.jp/~j15136dk"
::1 - - [29/Jan/2018:15:15:28 +0900] "OPTIONS * HTTP/1.0" 200 - "-" "Apache/2.4.6 (CentOS) OpenSSL/1.0.2k-fips mod_fcgid/2.3.9 PHP/5.4.16 mod_wsgi/3.4 Python/2.7.5 (internal dummy connection)"
::1 - - [29/Jan/2018:15:15:29 +0900] "OPTIONS * HTTP/1.0" 200 - "-" "Apache/2.4.6 (CentOS) OpenSSL/1.0.2k-fips mod_fcgid/2.3.9 PHP/5.4.16 mod_wsgi/3.4 Python/2.7.5 (internal dummy connection)"
172.28.31.249 - - [29/Jan/2018:15:15:54 +0900] "GET /~j15999ky HTTP/1.1" 301 245 "http://www7.dbi.tuis.ac.jp/wm2017.php" "Mozilla/5.0 (Windows NT 6.3; Win64; x64) AppleWebKit/537.36 (KHTML, like Gecko) Chrome/60.0.3112.101 Safari/537.36"
172.28.31.249 - - [29/Jan/2018:15:15:54 +0900] "GET /~j15999ky/wp-content/themes/hanne/style.css?ver=4.8.2 HTTP/1.1" 200 15997 "http://www7.dbi.tuis.ac.jp/~j15999ky/" "Mozilla/5.0 (Windows NT 6.3; Win64; x64) AppleWebKit/537.36 (KHTML, like Gecko) Chrome/60.0.3112.101 Safari/537.36"
172.28.31.249 - - [29/Jan/2018:15:15:54 +0900] "GET /~j15999ky/wp-content/themes/hanne/assets/font-awesome/css/font-awesome.min.css?ver=4.8.2 HTTP/1.1" 200 29063 "http://www7.dbi.tuis.ac.jp/~j15999ky/" "Mozilla/5.0 (Windows NT 6.3; Win64; x64) AppleWebKit/537.36 (KHTML, like Gecko) Chrome/60.0.3112.101 Safari/537.36"
172.28.31.249 - - [29/Jan/2018:15:15:54 +0900] "GET /~j15999ky/wp-content/themes/hanne/assets/css/nivo-slider.css?ver=4.8.2 HTTP/1.1" 200 1946 "http://www7.dbi.tuis.ac.jp/~j15999ky/" "Mozilla/5.0 (Windows NT 6.3; Win64; x64) AppleWebKit/537.36 (KHTML, like Gecko) Chrome/60.0.3112.101 Safari/537.36"
